#
# There is insufficient memory for the Java Runtime Environment to continue.
# Native memory allocation (malloc) failed to allocate 98976 bytes for Chunk::new
# Possible reasons:
#   The system is out of physical RAM or swap space
#   The process is running with CompressedOops enabled, and the Java Heap may be blocking the growth of the native heap
# Possible solutions:
#   Reduce memory load on the system
#   Increase physical memory or swap space
#   Check if swap backing store is full
#   Decrease Java heap size (-Xmx/-Xms)
#   Decrease number of Java threads
#   Decrease Java thread stack sizes (-Xss)
#   Set larger code cache with -XX:ReservedCodeCacheSize=
#   JVM is running with Unscaled Compressed Oops mode in which the Java heap is
#     placed in the first 4GB address space. The Java Heap base address is the
#     maximum limit for the native heap growth. Please use -XX:HeapBaseMinAddress
#     to set the Java Heap base and to place the Java Heap above 4GB virtual address.
# This output file may be truncated or incomplete.
#
#  Out of Memory Error (arena.cpp:168), pid=16420, tid=2620
#
# JRE version: Java(TM) SE Runtime Environment (21.0.10+8) (build 21.0.10+8-LTS-217)
# Java VM: Java HotSpot(TM) 64-Bit Server VM (21.0.10+8-LTS-217, mixed mode, sharing, tiered, compressed oops, compressed class ptrs, g1 gc, windows-amd64)
# No core dump will be written. Minidumps are not enabled by default on client versions of Windows
#

---------------  S U M M A R Y ------------

Command Line: -javaagent:C:\Program Files\JetBrains\IntelliJ IDEA 2025.2.4\lib\idea_rt.jar=52201 -Dfile.encoding=UTF-8 -Dsun.stdout.encoding=UTF-8 -Dsun.stderr.encoding=UTF-8 com.trabalho.tag.TagApplication

Host: Intel(R) Core(TM) i3-1005G1 CPU @ 1.20GHz, 4 cores, 3G,  Windows 10 , 64 bit Build 19041 (10.0.19041.1023)
Time: Tue Jun  9 22:59:08 2026 Hora oficial do Brasil elapsed time: 39.119074 seconds (0d 0h 0m 39s)

---------------  T H R E A D  ---------------

Current thread (0x000001a7a8cc7660):  JavaThread "C2 CompilerThread0" daemon [_thread_in_native, id=2620, stack(0x0000005924000000,0x0000005924100000) (1024K)]


Current CompileTask:
C2:  39119 7959       4       java.util.HashSet::contains (9 bytes)

Stack: [0x0000005924000000,0x0000005924100000]
Native frames: (J=compiled Java code, j=interpreted, Vv=VM code, C=native code)
V  [jvm.dll+0x6d0b59]
V  [jvm.dll+0x85fd56]
V  [jvm.dll+0x86224e]
V  [jvm.dll+0x862923]
V  [jvm.dll+0x282a16]
V  [jvm.dll+0xc662d]
V  [jvm.dll+0xc6b71]
V  [jvm.dll+0x2f800e]
V  [jvm.dll+0x5fadb7]
V  [jvm.dll+0x2549d7]
V  [jvm.dll+0x24cf3b]
V  [jvm.dll+0x24a84e]
V  [jvm.dll+0x1cacfe]
V  [jvm.dll+0x25a629]
V  [jvm.dll+0x258bb5]
V  [jvm.dll+0x3f4da1]
V  [jvm.dll+0x80a83d]
V  [jvm.dll+0x6cf3fd]
C  [ucrtbase.dll+0x21bb2]
C  [KERNEL32.DLL+0x17034]
C  [ntdll.dll+0x52651]


---------------  P R O C E S S  ---------------

Threads class SMR info:
_java_thread_list=0x000001a7f0407f80, length=31, elements={
0x000001a7a8c973a0, 0x000001a78e15dd10, 0x000001a7a8c9b1a0, 0x000001a7a8c9cdc0,
0x000001a7a8c9d910, 0x000001a7a8ca6620, 0x000001a7a8cc7660, 0x000001a7a8cd61e0,
0x000001a7ee103790, 0x000001a7ee2ea130, 0x000001a7ee2ea7a0, 0x000001a7f0c6e7c0,
0x000001a7ef7cd4c0, 0x000001a7f08d1e90, 0x000001a7f08d0450, 0x000001a7f08cf0a0,
0x000001a7f08cf730, 0x000001a7f08d0ae0, 0x000001a7f08cfdc0, 0x000001a7eeb3bd80,
0x000001a7eeb3caa0, 0x000001a7eeb3e4e0, 0x000001a7eeb412d0, 0x000001a7eeb3b060,
0x000001a7eeb3eb70, 0x000001a7eeb3ff20, 0x000001a7eeb3f200, 0x000001a7eeb405b0,
0x000001a7eeb3c410, 0x000001a7eeb40c40, 0x000001a7eeb41960
}

Java Threads: ( => current thread )
  0x000001a7a8c973a0 JavaThread "Reference Handler"          daemon [_thread_blocked, id=21192, stack(0x0000005923a00000,0x0000005923b00000) (1024K)]
  0x000001a78e15dd10 JavaThread "Finalizer"                  daemon [_thread_blocked, id=22848, stack(0x0000005923b00000,0x0000005923c00000) (1024K)]
  0x000001a7a8c9b1a0 JavaThread "Signal Dispatcher"          daemon [_thread_blocked, id=9544, stack(0x0000005923c00000,0x0000005923d00000) (1024K)]
  0x000001a7a8c9cdc0 JavaThread "Attach Listener"            daemon [_thread_blocked, id=16140, stack(0x0000005923d00000,0x0000005923e00000) (1024K)]
  0x000001a7a8c9d910 JavaThread "Service Thread"             daemon [_thread_blocked, id=13120, stack(0x0000005923e00000,0x0000005923f00000) (1024K)]
  0x000001a7a8ca6620 JavaThread "Monitor Deflation Thread"   daemon [_thread_blocked, id=23192, stack(0x0000005923f00000,0x0000005924000000) (1024K)]
=>0x000001a7a8cc7660 JavaThread "C2 CompilerThread0"         daemon [_thread_in_native, id=2620, stack(0x0000005924000000,0x0000005924100000) (1024K)]
  0x000001a7a8cd61e0 JavaThread "C1 CompilerThread0"         daemon [_thread_blocked, id=2056, stack(0x0000005924100000,0x0000005924200000) (1024K)]
  0x000001a7ee103790 JavaThread "Common-Cleaner"             daemon [_thread_blocked, id=21308, stack(0x0000005924200000,0x0000005924300000) (1024K)]
  0x000001a7ee2ea130 JavaThread "Monitor Ctrl-Break"         daemon [_thread_in_native, id=23804, stack(0x0000005924300000,0x0000005924400000) (1024K)]
  0x000001a7ee2ea7a0 JavaThread "Notification Thread"        daemon [_thread_blocked, id=23520, stack(0x0000005924400000,0x0000005924500000) (1024K)]
  0x000001a7f0c6e7c0 JavaThread "Catalina-utility-1"                [_thread_blocked, id=8024, stack(0x0000005924a00000,0x0000005924b00000) (1024K)]
  0x000001a7ef7cd4c0 JavaThread "Catalina-utility-2"                [_thread_blocked, id=21712, stack(0x0000005924b00000,0x0000005924c00000) (1024K)]
  0x000001a7f08d1e90 JavaThread "container-0"                       [_thread_blocked, id=3492, stack(0x0000005924c00000,0x0000005924d00000) (1024K)]
  0x000001a7f08d0450 JavaThread "mssql-jdbc-shared-timer-core-0" daemon [_thread_blocked, id=20824, stack(0x0000005924e00000,0x0000005924f00000) (1024K)]
  0x000001a7f08cf0a0 JavaThread "HikariPool-1:housekeeper"   daemon [_thread_blocked, id=17288, stack(0x0000005924f00000,0x0000005925000000) (1024K)]
  0x000001a7f08cf730 JavaThread "File Watcher"               daemon [_thread_blocked, id=24120, stack(0x0000005925000000,0x0000005925100000) (1024K)]
  0x000001a7f08d0ae0 JavaThread "Live Reload Server"         daemon [_thread_in_native, id=16552, stack(0x0000005925200000,0x0000005925300000) (1024K)]
  0x000001a7f08cfdc0 JavaThread "http-nio-8092-exec-1"       daemon [_thread_blocked, id=9600, stack(0x0000005925100000,0x0000005925200000) (1024K)]
  0x000001a7eeb3bd80 JavaThread "http-nio-8092-exec-2"       daemon [_thread_blocked, id=22184, stack(0x0000005925300000,0x0000005925400000) (1024K)]
  0x000001a7eeb3caa0 JavaThread "http-nio-8092-exec-3"       daemon [_thread_blocked, id=14928, stack(0x0000005925400000,0x0000005925500000) (1024K)]
  0x000001a7eeb3e4e0 JavaThread "http-nio-8092-exec-4"       daemon [_thread_blocked, id=24216, stack(0x0000005925500000,0x0000005925600000) (1024K)]
  0x000001a7eeb412d0 JavaThread "http-nio-8092-exec-5"       daemon [_thread_blocked, id=22768, stack(0x0000005925600000,0x0000005925700000) (1024K)]
  0x000001a7eeb3b060 JavaThread "http-nio-8092-exec-6"       daemon [_thread_blocked, id=24212, stack(0x0000005925700000,0x0000005925800000) (1024K)]
  0x000001a7eeb3eb70 JavaThread "http-nio-8092-exec-7"       daemon [_thread_blocked, id=5200, stack(0x0000005925800000,0x0000005925900000) (1024K)]
  0x000001a7eeb3ff20 JavaThread "http-nio-8092-exec-8"       daemon [_thread_blocked, id=21852, stack(0x0000005925900000,0x0000005925a00000) (1024K)]
  0x000001a7eeb3f200 JavaThread "http-nio-8092-exec-9"       daemon [_thread_blocked, id=20532, stack(0x0000005925a00000,0x0000005925b00000) (1024K)]
  0x000001a7eeb405b0 JavaThread "http-nio-8092-exec-10"      daemon [_thread_blocked, id=6484, stack(0x0000005925b00000,0x0000005925c00000) (1024K)]
  0x000001a7eeb3c410 JavaThread "http-nio-8092-Poller"       daemon [_thread_in_native, id=15048, stack(0x0000005925c00000,0x0000005925d00000) (1024K)]
  0x000001a7eeb40c40 JavaThread "http-nio-8092-Acceptor"     daemon [_thread_in_native, id=21792, stack(0x0000005925d00000,0x0000005925e00000) (1024K)]
  0x000001a7eeb41960 JavaThread "DestroyJavaVM"                     [_thread_blocked, id=12580, stack(0x0000005923200000,0x0000005923300000) (1024K)]
Total: 31

Other Threads:
  0x000001a78e14c580 VMThread "VM Thread"                           [id=17556, stack(0x0000005923900000,0x0000005923a00000) (1024K)]
  0x000001a7a8c8a770 WatcherThread "VM Periodic Task Thread"        [id=14136, stack(0x0000005923800000,0x0000005923900000) (1024K)]
  0x000001a78e0c9bd0 WorkerThread "GC Thread#0"                     [id=15780, stack(0x0000005923300000,0x0000005923400000) (1024K)]
  0x000001a7ee6c3850 WorkerThread "GC Thread#1"                     [id=2972, stack(0x0000005924500000,0x0000005924600000) (1024K)]
  0x000001a7ee6ca2b0 WorkerThread "GC Thread#2"                     [id=14924, stack(0x0000005924600000,0x0000005924700000) (1024K)]
  0x000001a7ee7e0f40 WorkerThread "GC Thread#3"                     [id=14308, stack(0x0000005924700000,0x0000005924800000) (1024K)]
  0x000001a78e0d2480 ConcurrentGCThread "G1 Main Marker"            [id=4980, stack(0x0000005923400000,0x0000005923500000) (1024K)]
  0x000001a78e0d2f90 WorkerThread "G1 Conc#0"                       [id=10444, stack(0x0000005923500000,0x0000005923600000) (1024K)]
  0x000001a78e1329f0 ConcurrentGCThread "G1 Refine#0"               [id=10648, stack(0x0000005923600000,0x0000005923700000) (1024K)]
  0x000001a78e133720 ConcurrentGCThread "G1 Service"                [id=19004, stack(0x0000005923700000,0x0000005923800000) (1024K)]
Total: 10

Threads with active compile tasks:
C2 CompilerThread0    39304 7959       4       java.util.HashSet::contains (9 bytes)
Total: 1

VM state: not at safepoint (normal execution)

VM Mutex/Monitor currently owned by a thread: None

Heap address: 0x00000000c3a00000, size: 966 MB, Compressed Oops mode: 32-bit

CDS archive(s) mapped at: [0x000001a7a9000000-0x000001a7a9c90000-0x000001a7a9c90000), size 13172736, SharedBaseAddress: 0x000001a7a9000000, ArchiveRelocationMode: 1.
Compressed class space mapped at: 0x000001a7aa000000-0x000001a7ea000000, reserved size: 1073741824
Narrow klass base: 0x000001a7a9000000, Narrow klass shift: 0, Narrow klass range: 0x100000000

GC Precious Log:
 CardTable entry size: 512
 Card Set container configuration: InlinePtr #cards 5 size 8 Array Of Cards #cards 12 size 40 Howl #buckets 4 coarsen threshold 1843 Howl Bitmap #cards 512 size 80 coarsen threshold 460 Card regions per heap region 1 cards per card region 2048
 CPUs: 4 total, 4 available
 Memory: 3863M
 Large Page Support: Disabled
 NUMA Support: Disabled
 Compressed Oops: Enabled (32-bit)
 Heap Region Size: 1M
 Heap Min Capacity: 8M
 Heap Initial Capacity: 62M
 Heap Max Capacity: 966M
 Pre-touch: Disabled
 Parallel Workers: 4
 Concurrent Workers: 1
 Concurrent Refinement Workers: 4
 Periodic GC: Disabled

Heap:
 garbage-first heap   total 65536K, used 52057K [0x00000000c3a00000, 0x0000000100000000)
  region size 1024K, 19 young (19456K), 3 survivors (3072K)
 Metaspace       used 79547K, committed 80320K, reserved 1179648K
  class space    used 10749K, committed 11072K, reserved 1048576K

Heap Regions: E=young(eden), S=young(survivor), O=old, HS=humongous(starts), HC=humongous(continues), CS=collection set, F=free, TAMS=top-at-mark-start, PB=parsable bottom
|   0|0x00000000c3a00000, 0x00000000c3b00000, 0x00000000c3b00000|100%|HS|  |TAMS 0x00000000c3a00000| PB 0x00000000c3a00000| Complete 
|   1|0x00000000c3b00000, 0x00000000c3c00000, 0x00000000c3c00000|100%|HS|  |TAMS 0x00000000c3b00000| PB 0x00000000c3b00000| Complete 
|   2|0x00000000c3c00000, 0x00000000c3d00000, 0x00000000c3d00000|100%| O|  |TAMS 0x00000000c3c00000| PB 0x00000000c3c00000| Untracked 
|   3|0x00000000c3d00000, 0x00000000c3e00000, 0x00000000c3e00000|100%| O|  |TAMS 0x00000000c3d00000| PB 0x00000000c3d00000| Untracked 
|   4|0x00000000c3e00000, 0x00000000c3f00000, 0x00000000c3f00000|100%| O|  |TAMS 0x00000000c3e00000| PB 0x00000000c3e00000| Untracked 
|   5|0x00000000c3f00000, 0x00000000c4000000, 0x00000000c4000000|100%| O|  |TAMS 0x00000000c3f00000| PB 0x00000000c3f00000| Untracked 
|   6|0x00000000c4000000, 0x00000000c4100000, 0x00000000c4100000|100%| O|  |TAMS 0x00000000c4000000| PB 0x00000000c4000000| Untracked 
|   7|0x00000000c4100000, 0x00000000c4200000, 0x00000000c4200000|100%| O|  |TAMS 0x00000000c4100000| PB 0x00000000c4100000| Untracked 
|   8|0x00000000c4200000, 0x00000000c4300000, 0x00000000c4300000|100%| O|  |TAMS 0x00000000c4200000| PB 0x00000000c4200000| Untracked 
|   9|0x00000000c4300000, 0x00000000c4400000, 0x00000000c4400000|100%| O|  |TAMS 0x00000000c4300000| PB 0x00000000c4300000| Untracked 
|  10|0x00000000c4400000, 0x00000000c4500000, 0x00000000c4500000|100%| O|  |TAMS 0x00000000c4400000| PB 0x00000000c4400000| Untracked 
|  11|0x00000000c4500000, 0x00000000c4600000, 0x00000000c4600000|100%| O|  |TAMS 0x00000000c4500000| PB 0x00000000c4500000| Untracked 
|  12|0x00000000c4600000, 0x00000000c4700000, 0x00000000c4700000|100%| O|  |TAMS 0x00000000c4600000| PB 0x00000000c4600000| Untracked 
|  13|0x00000000c4700000, 0x00000000c4800000, 0x00000000c4800000|100%| O|  |TAMS 0x00000000c4700000| PB 0x00000000c4700000| Untracked 
|  14|0x00000000c4800000, 0x00000000c4900000, 0x00000000c4900000|100%| O|  |TAMS 0x00000000c4800000| PB 0x00000000c4800000| Untracked 
|  15|0x00000000c4900000, 0x00000000c4a00000, 0x00000000c4a00000|100%| O|  |TAMS 0x00000000c4900000| PB 0x00000000c4900000| Untracked 
|  16|0x00000000c4a00000, 0x00000000c4b00000, 0x00000000c4b00000|100%| O|  |TAMS 0x00000000c4a00000| PB 0x00000000c4a00000| Untracked 
|  17|0x00000000c4b00000, 0x00000000c4c00000, 0x00000000c4c00000|100%| O|  |TAMS 0x00000000c4b00000| PB 0x00000000c4b00000| Untracked 
|  18|0x00000000c4c00000, 0x00000000c4d00000, 0x00000000c4d00000|100%| O|  |TAMS 0x00000000c4c00000| PB 0x00000000c4c00000| Untracked 
|  19|0x00000000c4d00000, 0x00000000c4e00000, 0x00000000c4e00000|100%| O|Cm|TAMS 0x00000000c4d00000| PB 0x00000000c4d00000| Complete 
|  20|0x00000000c4e00000, 0x00000000c4f00000, 0x00000000c4f00000|100%| O|  |TAMS 0x00000000c4e00000| PB 0x00000000c4e00000| Untracked 
|  21|0x00000000c4f00000, 0x00000000c5000000, 0x00000000c5000000|100%| O|  |TAMS 0x00000000c4f00000| PB 0x00000000c4f00000| Untracked 
|  22|0x00000000c5000000, 0x00000000c5100000, 0x00000000c5100000|100%| O|  |TAMS 0x00000000c5000000| PB 0x00000000c5000000| Untracked 
|  23|0x00000000c5100000, 0x00000000c5200000, 0x00000000c5200000|100%| O|  |TAMS 0x00000000c5100000| PB 0x00000000c5100000| Untracked 
|  24|0x00000000c5200000, 0x00000000c5300000, 0x00000000c5300000|100%| O|  |TAMS 0x00000000c5200000| PB 0x00000000c5200000| Untracked 
|  25|0x00000000c5300000, 0x00000000c5400000, 0x00000000c5400000|100%| O|  |TAMS 0x00000000c5300000| PB 0x00000000c5300000| Untracked 
|  26|0x00000000c5400000, 0x00000000c5500000, 0x00000000c5500000|100%| O|  |TAMS 0x00000000c5400000| PB 0x00000000c5400000| Untracked 
|  27|0x00000000c5500000, 0x00000000c5600000, 0x00000000c5600000|100%| O|  |TAMS 0x00000000c5500000| PB 0x00000000c5500000| Untracked 
|  28|0x00000000c5600000, 0x00000000c5700000, 0x00000000c5700000|100%| O|  |TAMS 0x00000000c5600000| PB 0x00000000c5600000| Untracked 
|  29|0x00000000c5700000, 0x00000000c5800000, 0x00000000c5800000|100%| O|  |TAMS 0x00000000c5700000| PB 0x00000000c5700000| Untracked 
|  30|0x00000000c5800000, 0x00000000c5900000, 0x00000000c5900000|100%| O|  |TAMS 0x00000000c5800000| PB 0x00000000c5800000| Untracked 
|  31|0x00000000c5900000, 0x00000000c59fe538, 0x00000000c5a00000| 99%| O|  |TAMS 0x00000000c5900000| PB 0x00000000c5900000| Untracked 
|  32|0x00000000c5a00000, 0x00000000c5b00000, 0x00000000c5b00000|100%| O|  |TAMS 0x00000000c5a00000| PB 0x00000000c5a00000| Untracked 
|  33|0x00000000c5b00000, 0x00000000c5b00000, 0x00000000c5c00000|  0%| F|  |TAMS 0x00000000c5b00000| PB 0x00000000c5b00000| Untracked 
|  34|0x00000000c5c00000, 0x00000000c5c00000, 0x00000000c5d00000|  0%| F|  |TAMS 0x00000000c5c00000| PB 0x00000000c5c00000| Untracked 
|  35|0x00000000c5d00000, 0x00000000c5d00000, 0x00000000c5e00000|  0%| F|  |TAMS 0x00000000c5d00000| PB 0x00000000c5d00000| Untracked 
|  36|0x00000000c5e00000, 0x00000000c5e00000, 0x00000000c5f00000|  0%| F|  |TAMS 0x00000000c5e00000| PB 0x00000000c5e00000| Untracked 
|  37|0x00000000c5f00000, 0x00000000c5f00000, 0x00000000c6000000|  0%| F|  |TAMS 0x00000000c5f00000| PB 0x00000000c5f00000| Untracked 
|  38|0x00000000c6000000, 0x00000000c6000000, 0x00000000c6100000|  0%| F|  |TAMS 0x00000000c6000000| PB 0x00000000c6000000| Untracked 
|  39|0x00000000c6100000, 0x00000000c6100000, 0x00000000c6200000|  0%| F|  |TAMS 0x00000000c6100000| PB 0x00000000c6100000| Untracked 
|  40|0x00000000c6200000, 0x00000000c6200000, 0x00000000c6300000|  0%| F|  |TAMS 0x00000000c6200000| PB 0x00000000c6200000| Untracked 
|  41|0x00000000c6300000, 0x00000000c6300000, 0x00000000c6400000|  0%| F|  |TAMS 0x00000000c6300000| PB 0x00000000c6300000| Untracked 
|  42|0x00000000c6400000, 0x00000000c6400000, 0x00000000c6500000|  0%| F|  |TAMS 0x00000000c6400000| PB 0x00000000c6400000| Untracked 
|  43|0x00000000c6500000, 0x00000000c6500000, 0x00000000c6600000|  0%| F|  |TAMS 0x00000000c6500000| PB 0x00000000c6500000| Untracked 
|  44|0x00000000c6600000, 0x00000000c6600000, 0x00000000c6700000|  0%| F|  |TAMS 0x00000000c6600000| PB 0x00000000c6600000| Untracked 
|  45|0x00000000c6700000, 0x00000000c67a1800, 0x00000000c6800000| 63%| E|  |TAMS 0x00000000c6700000| PB 0x00000000c6700000| Complete 
|  46|0x00000000c6800000, 0x00000000c6900000, 0x00000000c6900000|100%| E|CS|TAMS 0x00000000c6800000| PB 0x00000000c6800000| Complete 
|  47|0x00000000c6900000, 0x00000000c69d7f80, 0x00000000c6a00000| 84%| S|CS|TAMS 0x00000000c6900000| PB 0x00000000c6900000| Complete 
|  48|0x00000000c6a00000, 0x00000000c6b00000, 0x00000000c6b00000|100%| S|CS|TAMS 0x00000000c6a00000| PB 0x00000000c6a00000| Complete 
|  49|0x00000000c6b00000, 0x00000000c6c00000, 0x00000000c6c00000|100%| S|CS|TAMS 0x00000000c6b00000| PB 0x00000000c6b00000| Complete 
|  50|0x00000000c6c00000, 0x00000000c6d00000, 0x00000000c6d00000|100%| E|CS|TAMS 0x00000000c6c00000| PB 0x00000000c6c00000| Complete 
|  51|0x00000000c6d00000, 0x00000000c6e00000, 0x00000000c6e00000|100%| E|CS|TAMS 0x00000000c6d00000| PB 0x00000000c6d00000| Complete 
|  52|0x00000000c6e00000, 0x00000000c6f00000, 0x00000000c6f00000|100%| E|CS|TAMS 0x00000000c6e00000| PB 0x00000000c6e00000| Complete 
|  53|0x00000000c6f00000, 0x00000000c7000000, 0x00000000c7000000|100%| E|CS|TAMS 0x00000000c6f00000| PB 0x00000000c6f00000| Complete 
|  54|0x00000000c7000000, 0x00000000c7100000, 0x00000000c7100000|100%| E|CS|TAMS 0x00000000c7000000| PB 0x00000000c7000000| Complete 
|  55|0x00000000c7100000, 0x00000000c7200000, 0x00000000c7200000|100%| E|CS|TAMS 0x00000000c7100000| PB 0x00000000c7100000| Complete 
|  56|0x00000000c7200000, 0x00000000c7300000, 0x00000000c7300000|100%| E|CS|TAMS 0x00000000c7200000| PB 0x00000000c7200000| Complete 
|  57|0x00000000c7300000, 0x00000000c7400000, 0x00000000c7400000|100%| E|CS|TAMS 0x00000000c7300000| PB 0x00000000c7300000| Complete 
|  58|0x00000000c7400000, 0x00000000c7500000, 0x00000000c7500000|100%| E|CS|TAMS 0x00000000c7400000| PB 0x00000000c7400000| Complete 
|  59|0x00000000c7500000, 0x00000000c7600000, 0x00000000c7600000|100%| E|CS|TAMS 0x00000000c7500000| PB 0x00000000c7500000| Complete 
|  60|0x00000000c7600000, 0x00000000c7700000, 0x00000000c7700000|100%| E|CS|TAMS 0x00000000c7600000| PB 0x00000000c7600000| Complete 
|  61|0x00000000c7700000, 0x00000000c7800000, 0x00000000c7800000|100%| E|CS|TAMS 0x00000000c7700000| PB 0x00000000c7700000| Complete 
|  62|0x00000000c7800000, 0x00000000c7900000, 0x00000000c7900000|100%| E|CS|TAMS 0x00000000c7800000| PB 0x00000000c7800000| Complete 
|  63|0x00000000c7900000, 0x00000000c7a00000, 0x00000000c7a00000|100%| E|CS|TAMS 0x00000000c7900000| PB 0x00000000c7900000| Complete 

Card table byte_map: [0x000001a7a5730000,0x000001a7a5920000] _byte_map_base: 0x000001a7a5113000

Marking Bits: (CMBitMap*) 0x000001a78e0ca2e0
 Bits: [0x000001a7a5920000, 0x000001a7a6838000)

Polling page: 0x000001a78bf10000

Metaspace:

Usage:
  Non-class:     67.19 MB used.
      Class:     10.50 MB used.
       Both:     77.68 MB used.

Virtual space:
  Non-class space:      128.00 MB reserved,      67.62 MB ( 53%) committed,  2 nodes.
      Class space:        1.00 GB reserved,      10.81 MB (  1%) committed,  1 nodes.
             Both:        1.12 GB reserved,      78.44 MB (  7%) committed. 

Chunk freelists:
   Non-Class:  12.03 MB
       Class:  5.04 MB
        Both:  17.07 MB

MaxMetaspaceSize: unlimited
CompressedClassSpaceSize: 1.00 GB
Initial GC threshold: 21.00 MB
Current GC threshold: 125.75 MB
CDS: on
 - commit_granule_bytes: 65536.
 - commit_granule_words: 8192.
 - virtual_space_node_default_size: 8388608.
 - enlarge_chunks_in_place: 1.
 - use_allocation_guard: 0.


Internal statistics:

num_allocs_failed_limit: 9.
num_arena_births: 1058.
num_arena_deaths: 0.
num_vsnodes_births: 3.
num_vsnodes_deaths: 0.
num_space_committed: 1255.
num_space_uncommitted: 0.
num_chunks_returned_to_freelist: 9.
num_chunks_taken_from_freelist: 3906.
num_chunk_merges: 6.
num_chunk_splits: 2779.
num_chunks_enlarged: 2128.
num_inconsistent_stats: 0.

CodeHeap 'non-profiled nmethods': size=120000Kb used=3743Kb max_used=3743Kb free=116256Kb
 bounds [0x000001a79e010000, 0x000001a79e3c0000, 0x000001a7a5540000]
CodeHeap 'profiled nmethods': size=120000Kb used=12182Kb max_used=12182Kb free=107817Kb
 bounds [0x000001a796540000, 0x000001a797130000, 0x000001a79da70000]
CodeHeap 'non-nmethods': size=5760Kb used=1988Kb max_used=2037Kb free=3771Kb
 bounds [0x000001a79da70000, 0x000001a79dce0000, 0x000001a79e010000]
 total_blobs=7621 nmethods=6846 adapters=678
 compilation: enabled
              stopped_count=0, restarted_count=0
 full_count=0

Compilation events (20 events):
Event: 23.796 Thread 0x000001a7a8cd61e0 nmethod 7948 0x000001a797120610 code [0x000001a7971207e0, 0x000001a797120ab8]
Event: 23.796 Thread 0x000001a7a8cd61e0 7949   !   3       java.io.WinNTFileSystem::getLastModifiedTime (27 bytes)
Event: 23.796 Thread 0x000001a7a8cd61e0 nmethod 7949 0x000001a797120c10 code [0x000001a797120de0, 0x000001a797121000]
Event: 24.211 Thread 0x000001a7a8cc7660 7950       4       java.lang.Long::hashCode (8 bytes)
Event: 24.212 Thread 0x000001a7a8cc7660 nmethod 7950 0x000001a79e3b5a10 code [0x000001a79e3b5b80, 0x000001a79e3b5bf8]
Event: 24.827 Thread 0x000001a7a8cd61e0 7951       3       org.springframework.boot.devtools.filewatch.FileSnapshot::<init> (68 bytes)
Event: 24.829 Thread 0x000001a7a8cd61e0 nmethod 7951 0x000001a797121190 code [0x000001a797121580, 0x000001a797122f90]
Event: 27.154 Thread 0x000001a7a8cc7660 7952       4       java.lang.String::lastIndexOf (12 bytes)
Event: 27.157 Thread 0x000001a7a8cc7660 nmethod 7952 0x000001a79e3b5d10 code [0x000001a79e3b5ea0, 0x000001a79e3b6010]
Event: 31.172 Thread 0x000001a7a8cc7660 7954       4       java.lang.String::toLowerCase (29 bytes)
Event: 31.186 Thread 0x000001a7a8cc7660 nmethod 7954 0x000001a79e3b6910 code [0x000001a79e3b6b00, 0x000001a79e3b7380]
Event: 36.019 Thread 0x000001a7a8cd61e0 7955       3       java.io.File::listFiles (52 bytes)
Event: 36.019 Thread 0x000001a7a8cd61e0 nmethod 7955 0x000001a797123710 code [0x000001a797123900, 0x000001a797123e70]
Event: 36.020 Thread 0x000001a7a8cd61e0 7956       3       org.springframework.boot.devtools.filewatch.DirectorySnapshot::collectFiles (99 bytes)
Event: 36.021 Thread 0x000001a7a8cd61e0 nmethod 7956 0x000001a797124090 code [0x000001a797124360, 0x000001a797125120]
Event: 37.248 Thread 0x000001a7a8cc7660 7957       4       java.util.concurrent.locks.AbstractQueuedSynchronizer::release (19 bytes)
Event: 37.250 Thread 0x000001a7a8cc7660 nmethod 7957 0x000001a79e3b7810 code [0x000001a79e3b79c0, 0x000001a79e3b7bc8]
Event: 38.074 Thread 0x000001a7a8cd61e0 7958   !   3       java.io.WinNTFileSystem::list (27 bytes)
Event: 38.074 Thread 0x000001a7a8cd61e0 nmethod 7958 0x000001a797125590 code [0x000001a797125760, 0x000001a797125980]
Event: 39.105 Thread 0x000001a7a8cc7660 7959       4       java.util.HashSet::contains (9 bytes)

GC Heap History (20 events):
Event: 11.967 GC heap before
{Heap before GC invocations=12 (full 0):
 garbage-first heap   total 55296K, used 47041K [0x00000000c3a00000, 0x0000000100000000)
  region size 1024K, 25 young (25600K), 2 survivors (2048K)
 Metaspace       used 50433K, committed 51008K, reserved 1114112K
  class space    used 6464K, committed 6720K, reserved 1048576K
}
Event: 11.972 GC heap after
{Heap after GC invocations=13 (full 0):
 garbage-first heap   total 55296K, used 26362K [0x00000000c3a00000, 0x0000000100000000)
  region size 1024K, 4 young (4096K), 4 survivors (4096K)
 Metaspace       used 50433K, committed 51008K, reserved 1114112K
  class space    used 6464K, committed 6720K, reserved 1048576K
}
Event: 12.853 GC heap before
{Heap before GC invocations=13 (full 0):
 garbage-first heap   total 55296K, used 44794K [0x00000000c3a00000, 0x0000000100000000)
  region size 1024K, 23 young (23552K), 4 survivors (4096K)
 Metaspace       used 54621K, committed 55232K, reserved 1114112K
  class space    used 6992K, committed 7232K, reserved 1048576K
}
Event: 12.862 GC heap after
{Heap after GC invocations=14 (full 0):
 garbage-first heap   total 55296K, used 27860K [0x00000000c3a00000, 0x0000000100000000)
  region size 1024K, 2 young (2048K), 2 survivors (2048K)
 Metaspace       used 54621K, committed 55232K, reserved 1114112K
  class space    used 6992K, committed 7232K, reserved 1048576K
}
Event: 13.841 GC heap before
{Heap before GC invocations=14 (full 0):
 garbage-first heap   total 55296K, used 47316K [0x00000000c3a00000, 0x0000000100000000)
  region size 1024K, 22 young (22528K), 2 survivors (2048K)
 Metaspace       used 60213K, committed 60800K, reserved 1114112K
  class space    used 7874K, committed 8128K, reserved 1048576K
}
Event: 13.844 GC heap after
{Heap after GC invocations=15 (full 0):
 garbage-first heap   total 55296K, used 28286K [0x00000000c3a00000, 0x0000000100000000)
  region size 1024K, 2 young (2048K), 2 survivors (2048K)
 Metaspace       used 60213K, committed 60800K, reserved 1114112K
  class space    used 7874K, committed 8128K, reserved 1048576K
}
Event: 16.713 GC heap before
{Heap before GC invocations=16 (full 0):
 garbage-first heap   total 55296K, used 47742K [0x00000000c3a00000, 0x0000000100000000)
  region size 1024K, 22 young (22528K), 2 survivors (2048K)
 Metaspace       used 64731K, committed 65408K, reserved 1114112K
  class space    used 8542K, committed 8832K, reserved 1048576K
}
Event: 16.718 GC heap after
{Heap after GC invocations=17 (full 0):
 garbage-first heap   total 55296K, used 29433K [0x00000000c3a00000, 0x0000000100000000)
  region size 1024K, 2 young (2048K), 2 survivors (2048K)
 Metaspace       used 64731K, committed 65408K, reserved 1114112K
  class space    used 8542K, committed 8832K, reserved 1048576K
}
Event: 17.546 GC heap before
{Heap before GC invocations=17 (full 0):
 garbage-first heap   total 55296K, used 47865K [0x00000000c3a00000, 0x0000000100000000)
  region size 1024K, 21 young (21504K), 2 survivors (2048K)
 Metaspace       used 68591K, committed 69312K, reserved 1114112K
  class space    used 9015K, committed 9344K, reserved 1048576K
}
Event: 17.553 GC heap after
{Heap after GC invocations=18 (full 0):
 garbage-first heap   total 55296K, used 31020K [0x00000000c3a00000, 0x0000000100000000)
  region size 1024K, 3 young (3072K), 3 survivors (3072K)
 Metaspace       used 68591K, committed 69312K, reserved 1114112K
  class space    used 9015K, committed 9344K, reserved 1048576K
}
Event: 18.039 GC heap before
{Heap before GC invocations=18 (full 0):
 garbage-first heap   total 55296K, used 47404K [0x00000000c3a00000, 0x0000000100000000)
  region size 1024K, 19 young (19456K), 3 survivors (3072K)
 Metaspace       used 70839K, committed 71552K, reserved 1114112K
  class space    used 9464K, committed 9792K, reserved 1048576K
}
Event: 18.047 GC heap after
{Heap after GC invocations=19 (full 0):
 garbage-first heap   total 55296K, used 32103K [0x00000000c3a00000, 0x0000000100000000)
  region size 1024K, 2 young (2048K), 2 survivors (2048K)
 Metaspace       used 70839K, committed 71552K, reserved 1114112K
  class space    used 9464K, committed 9792K, reserved 1048576K
}
Event: 18.485 GC heap before
{Heap before GC invocations=20 (full 0):
 garbage-first heap   total 58368K, used 46439K [0x00000000c3a00000, 0x0000000100000000)
  region size 1024K, 17 young (17408K), 2 survivors (2048K)
 Metaspace       used 72456K, committed 73216K, reserved 1114112K
  class space    used 9835K, committed 10176K, reserved 1048576K
}
Event: 18.488 GC heap after
{Heap after GC invocations=21 (full 0):
 garbage-first heap   total 58368K, used 33244K [0x00000000c3a00000, 0x0000000100000000)
  region size 1024K, 3 young (3072K), 3 survivors (3072K)
 Metaspace       used 72456K, committed 73216K, reserved 1114112K
  class space    used 9835K, committed 10176K, reserved 1048576K
}
Event: 18.723 GC heap before
{Heap before GC invocations=21 (full 0):
 garbage-first heap   total 58368K, used 48604K [0x00000000c3a00000, 0x0000000100000000)
  region size 1024K, 19 young (19456K), 3 survivors (3072K)
 Metaspace       used 74147K, committed 74944K, reserved 1114112K
  class space    used 10063K, committed 10432K, reserved 1048576K
}
Event: 18.729 GC heap after
{Heap after GC invocations=22 (full 0):
 garbage-first heap   total 58368K, used 33732K [0x00000000c3a00000, 0x0000000100000000)
  region size 1024K, 3 young (3072K), 3 survivors (3072K)
 Metaspace       used 74147K, committed 74944K, reserved 1114112K
  class space    used 10063K, committed 10432K, reserved 1048576K
}
Event: 19.375 GC heap before
{Heap before GC invocations=22 (full 0):
 garbage-first heap   total 58368K, used 50116K [0x00000000c3a00000, 0x0000000100000000)
  region size 1024K, 19 young (19456K), 3 survivors (3072K)
 Metaspace       used 76223K, committed 76992K, reserved 1179648K
  class space    used 10295K, committed 10624K, reserved 1048576K
}
Event: 19.379 GC heap after
{Heap after GC invocations=23 (full 0):
 garbage-first heap   total 58368K, used 35417K [0x00000000c3a00000, 0x0000000100000000)
  region size 1024K, 3 young (3072K), 3 survivors (3072K)
 Metaspace       used 76223K, committed 76992K, reserved 1179648K
  class space    used 10295K, committed 10624K, reserved 1048576K
}
Event: 19.773 GC heap before
{Heap before GC invocations=24 (full 0):
 garbage-first heap   total 65536K, used 49753K [0x00000000c3a00000, 0x0000000100000000)
  region size 1024K, 17 young (17408K), 3 survivors (3072K)
 Metaspace       used 77867K, committed 78656K, reserved 1179648K
  class space    used 10511K, committed 10880K, reserved 1048576K
}
Event: 19.777 GC heap after
{Heap after GC invocations=25 (full 0):
 garbage-first heap   total 65536K, used 36697K [0x00000000c3a00000, 0x0000000100000000)
  region size 1024K, 3 young (3072K), 3 survivors (3072K)
 Metaspace       used 77867K, committed 78656K, reserved 1179648K
  class space    used 10511K, committed 10880K, reserved 1048576K
}

Dll operation events (12 events):
Event: 0.014 Loaded shared library C:\Program Files\Java\jdk-21.0.10\bin\java.dll
Event: 0.062 Loaded shared library C:\Program Files\Java\jdk-21.0.10\bin\jsvml.dll
Event: 0.347 Loaded shared library C:\Program Files\Java\jdk-21.0.10\bin\zip.dll
Event: 0.354 Loaded shared library C:\Program Files\Java\jdk-21.0.10\bin\instrument.dll
Event: 0.365 Loaded shared library C:\Program Files\Java\jdk-21.0.10\bin\net.dll
Event: 0.367 Loaded shared library C:\Program Files\Java\jdk-21.0.10\bin\nio.dll
Event: 0.376 Loaded shared library C:\Program Files\Java\jdk-21.0.10\bin\zip.dll
Event: 0.653 Loaded shared library C:\Program Files\Java\jdk-21.0.10\bin\extnet.dll
Event: 0.737 Loaded shared library C:\Program Files\Java\jdk-21.0.10\bin\jimage.dll
Event: 1.226 Loaded shared library C:\Program Files\Java\jdk-21.0.10\bin\management.dll
Event: 1.236 Loaded shared library C:\Program Files\Java\jdk-21.0.10\bin\management_ext.dll
Event: 3.700 Loaded shared library C:\Program Files\Java\jdk-21.0.10\bin\sunmscapi.dll

Deoptimization events (20 events):
Event: 19.803 Thread 0x000001a7ee897830 DEOPT PACKING pc=0x000001a79e1c889c sp=0x00000059249fd520
Event: 19.803 Thread 0x000001a7ee897830 DEOPT UNPACKING pc=0x000001a79dac7da2 sp=0x00000059249fd4b0 mode 2
Event: 20.171 Thread 0x000001a7ee897830 Uncommon trap: trap_request=0xffffff45 fr.pc=0x000001a79e0b698c relative=0x000000000000006c
Event: 20.171 Thread 0x000001a7ee897830 Uncommon trap: reason=unstable_if action=reinterpret pc=0x000001a79e0b698c method=org.springframework.util.ConcurrentReferenceHashMap$Segment.clear()V @ 7 c2
Event: 20.171 Thread 0x000001a7ee897830 DEOPT PACKING pc=0x000001a79e0b698c sp=0x00000059249fee70
Event: 20.171 Thread 0x000001a7ee897830 DEOPT UNPACKING pc=0x000001a79dac7da2 sp=0x00000059249fee00 mode 2
Event: 20.177 Thread 0x000001a7ee897830 Uncommon trap: trap_request=0xffffff45 fr.pc=0x000001a79e0b6d38 relative=0x00000000000000f8
Event: 20.177 Thread 0x000001a7ee897830 Uncommon trap: reason=unstable_if action=reinterpret pc=0x000001a79e0b6d38 method=java.lang.ref.ReferenceQueue.poll()Ljava/lang/ref/Reference; @ 4 c2
Event: 20.177 Thread 0x000001a7ee897830 DEOPT PACKING pc=0x000001a79e0b6d38 sp=0x00000059249feb00
Event: 20.177 Thread 0x000001a7ee897830 DEOPT UNPACKING pc=0x000001a79dac7da2 sp=0x00000059249fe9b8 mode 2
Event: 20.214 Thread 0x000001a7ee897830 Uncommon trap: trap_request=0xffffff45 fr.pc=0x000001a79e256278 relative=0x0000000000000678
Event: 20.214 Thread 0x000001a7ee897830 Uncommon trap: reason=unstable_if action=reinterpret pc=0x000001a79e256278 method=java.lang.Integer.stringSize(I)I @ 19 c2
Event: 20.214 Thread 0x000001a7ee897830 DEOPT PACKING pc=0x000001a79e256278 sp=0x00000059249fe090
Event: 20.214 Thread 0x000001a7ee897830 DEOPT UNPACKING pc=0x000001a79dac7da2 sp=0x00000059249fdf80 mode 2
Event: 20.242 Thread 0x000001a7ee897830 DEOPT PACKING pc=0x000001a797118a6e sp=0x00000059249fe960
Event: 20.242 Thread 0x000001a7ee897830 DEOPT UNPACKING pc=0x000001a79dac88e2 sp=0x00000059249fde38 mode 0
Event: 34.245 Thread 0x000001a7ef7cd4c0 Uncommon trap: trap_request=0xffffff45 fr.pc=0x000001a79e0c900c relative=0x000000000000024c
Event: 34.245 Thread 0x000001a7ef7cd4c0 Uncommon trap: reason=unstable_if action=reinterpret pc=0x000001a79e0c900c method=java.util.concurrent.locks.ReentrantLock$Sync.lock()V @ 4 c2
Event: 34.245 Thread 0x000001a7ef7cd4c0 DEOPT PACKING pc=0x000001a79e0c900c sp=0x0000005924bfef10
Event: 34.245 Thread 0x000001a7ef7cd4c0 DEOPT UNPACKING pc=0x000001a79dac7da2 sp=0x0000005924bfee70 mode 2

Classes loaded (20 events):
Event: 20.256 Loading class java/beans/WeakIdentityMap done
Event: 20.256 Loading class java/beans/ThreadGroupContext$1 done
Event: 20.256 Loading class java/beans/WeakIdentityMap$Entry
Event: 20.256 Loading class java/beans/WeakIdentityMap$Entry done
Event: 20.256 Loading class com/sun/beans/introspect/ClassInfo
Event: 20.256 Loading class com/sun/beans/introspect/ClassInfo done
Event: 20.256 Loading class com/sun/beans/introspect/ClassInfo$1
Event: 20.257 Loading class com/sun/beans/util/Cache
Event: 20.257 Loading class com/sun/beans/util/Cache done
Event: 20.257 Loading class com/sun/beans/introspect/ClassInfo$1 done
Event: 20.257 Loading class com/sun/beans/util/Cache$Kind
Event: 20.257 Loading class com/sun/beans/util/Cache$Kind done
Event: 20.257 Loading class com/sun/beans/util/Cache$Kind$1
Event: 20.257 Loading class com/sun/beans/util/Cache$Kind$1 done
Event: 20.257 Loading class com/sun/beans/util/Cache$Kind$2
Event: 20.257 Loading class com/sun/beans/util/Cache$Kind$2 done
Event: 20.257 Loading class com/sun/beans/util/Cache$Kind$3
Event: 20.257 Loading class com/sun/beans/util/Cache$Kind$3 done
Event: 20.257 Loading class com/sun/beans/util/Cache$CacheEntry
Event: 20.258 Loading class com/sun/beans/util/Cache$CacheEntry done

Classes unloaded (0 events):
No events

Classes redefined (0 events):
No events

Internal exceptions (20 events):
Event: 17.486 Thread 0x000001a7ee897830 Exception <a 'java/lang/IncompatibleClassChangeError'{0x00000000c5e3d2c0}: Found class java.lang.Object, but interface was expected> (0x00000000c5e3d2c0) 
thrown [s\open\src\hotspot\share\interpreter\linkResolver.cpp, line 840]
Event: 17.487 Thread 0x000001a7ee897830 Exception <a 'java/lang/IncompatibleClassChangeError'{0x00000000c5e427f0}: Found class java.lang.Object, but interface was expected> (0x00000000c5e427f0) 
thrown [s\open\src\hotspot\share\interpreter\linkResolver.cpp, line 840]
Event: 17.596 Thread 0x000001a7ee897830 Exception <a 'java/lang/NoSuchMethodError'{0x00000000c73349e8}: 'java.lang.Object java.lang.invoke.DirectMethodHandle$Holder.invokeStatic(java.lang.Object, int, java.lang.Object, java.lang.Object)'> (0x00000000c73349e8) 
thrown [s\open\src\hotspot\share\interpreter\linkResolver.cpp, line 773]
Event: 17.597 Thread 0x000001a7ee897830 Exception <a 'java/lang/NoSuchMethodError'{0x00000000c7338aa8}: 'java.lang.Object java.lang.invoke.DirectMethodHandle$Holder.invokeSpecial(java.lang.Object, java.lang.Object, int, java.lang.Object, java.lang.Object)'> (0x00000000c7338aa8) 
thrown [s\open\src\hotspot\share\interpreter\linkResolver.cpp, line 773]
Event: 17.598 Thread 0x000001a7ee897830 Exception <a 'java/lang/NoSuchMethodError'{0x00000000c733c750}: 'java.lang.Object java.lang.invoke.DelegatingMethodHandle$Holder.delegate(java.lang.Object, int, java.lang.Object, java.lang.Object)'> (0x00000000c733c750) 
thrown [s\open\src\hotspot\share\interpreter\linkResolver.cpp, line 773]
Event: 17.599 Thread 0x000001a7ee897830 Exception <a 'java/lang/NoSuchMethodError'{0x00000000c734b848}: 'int java.lang.invoke.Invokers$Holder.linkToTargetMethod(java.lang.Object, java.lang.Object, java.lang.Object)'> (0x00000000c734b848) 
thrown [s\open\src\hotspot\share\interpreter\linkResolver.cpp, line 773]
Event: 18.672 Thread 0x000001a7ee897830 Exception <a 'java/lang/NoSuchMethodError'{0x00000000c6559b98}: 'void java.lang.invoke.Invokers$Holder.invokeExact_MT(java.lang.Object, java.lang.Object, java.lang.Object, java.lang.Object)'> (0x00000000c6559b98) 
thrown [s\open\src\hotspot\share\interpreter\linkResolver.cpp, line 773]
Event: 18.946 Thread 0x000001a7ee897830 Exception <a 'java/io/FileNotFoundException'{0x00000000c6b9c1e8}> (0x00000000c6b9c1e8) 
thrown [s\open\src\hotspot\share\prims\jni.cpp, line 520]
Event: 18.948 Thread 0x000001a7ee897830 Exception <a 'java/io/FileNotFoundException'{0x00000000c6ba03a0}> (0x00000000c6ba03a0) 
thrown [s\open\src\hotspot\share\prims\jni.cpp, line 520]
Event: 18.949 Thread 0x000001a7ee897830 Exception <a 'java/io/FileNotFoundException'{0x00000000c6bb0a68}> (0x00000000c6bb0a68) 
thrown [s\open\src\hotspot\share\prims\jni.cpp, line 520]
Event: 18.949 Thread 0x000001a7ee897830 Exception <a 'java/io/FileNotFoundException'{0x00000000c6bbadc0}> (0x00000000c6bbadc0) 
thrown [s\open\src\hotspot\share\prims\jni.cpp, line 520]
Event: 18.982 Thread 0x000001a7ee897830 Exception <a 'java/lang/NoSuchMethodError'{0x00000000c6aa1510}: 'int java.lang.invoke.DirectMethodHandle$Holder.invokeStaticInit(java.lang.Object, int, java.lang.Object, java.lang.Object, java.lang.Object, java.lang.Object)'> (0x00000000c6aa1510) 
thrown [s\open\src\hotspot\share\interpreter\linkResolver.cpp, line 773]
Event: 19.200 Thread 0x000001a7ee897830 Exception <a 'java/lang/NoSuchMethodError'{0x00000000c65019e8}: 'java.lang.Object java.lang.invoke.DirectMethodHandle$Holder.invokeInterface(java.lang.Object, java.lang.Object, java.lang.Object, java.lang.Object)'> (0x00000000c65019e8) 
thrown [s\open\src\hotspot\share\interpreter\linkResolver.cpp, line 773]
Event: 19.326 Thread 0x000001a7ee897830 Exception <a 'java/lang/NoSuchMethodError'{0x00000000c64a7530}: 'java.lang.Object java.lang.invoke.DirectMethodHandle$Holder.newInvokeSpecial(java.lang.Object, java.lang.Object, java.lang.Object, java.lang.Object, java.lang.Object, java.lang.Object, java.lang.Object, java.lang.Object)'> (0x00000000c64a7530) 
thrown [s\open\src\hotspot\share\interpreter\linkResolver.cpp, line 773]
Event: 19.696 Thread 0x000001a7ee897830 Exception <a 'java/lang/IncompatibleClassChangeError'{0x00000000c6e0b288}: Found class java.lang.Object, but interface was expected> (0x00000000c6e0b288) 
thrown [s\open\src\hotspot\share\interpreter\linkResolver.cpp, line 840]
Event: 19.721 Thread 0x000001a7ee897830 Implicit null exception at 0x000001a79e12d348 to 0x000001a79e12d416
Event: 19.798 Thread 0x000001a7ee897830 Exception <a 'java/lang/NoSuchMethodError'{0x00000000c79c2370}: 'int java.lang.invoke.DirectMethodHandle$Holder.invokeStaticInit(java.lang.Object, java.lang.Object, java.lang.Object, java.lang.Object)'> (0x00000000c79c2370) 
thrown [s\open\src\hotspot\share\interpreter\linkResolver.cpp, line 773]
Event: 19.920 Thread 0x000001a7ee897830 Exception <a 'java/lang/IncompatibleClassChangeError'{0x00000000c752dc08}: Found class java.lang.Object, but interface was expected> (0x00000000c752dc08) 
thrown [s\open\src\hotspot\share\interpreter\linkResolver.cpp, line 840]
Event: 19.977 Thread 0x000001a7ee897830 Exception <a 'java/lang/NoSuchMethodError'{0x00000000c74c8f18}: 'java.lang.Object java.lang.invoke.Invokers$Holder.invoke_MT(java.lang.Object, java.lang.Object, java.lang.Object, java.lang.Object, java.lang.Object, java.lang.Object, java.lang.Object, java.lang.Object, java.lang.Object, java.lang.Object, java.lang.Object)'> (0x00000000c74c8f18) 
thrown [s\open\src\hotspot\share\interpreter\linkResolver.cpp, line 773]
Event: 20.179 Thread 0x000001a7ee897830 Exception <a 'java/lang/NoSuchMethodError'{0x00000000c70e5a38}: 'java.lang.Object java.lang.invoke.DirectMethodHandle$Holder.newInvokeSpecial(java.lang.Object, java.lang.Object, int, java.lang.Object, java.lang.Object)'> (0x00000000c70e5a38) 
thrown [s\open\src\hotspot\share\interpreter\linkResolver.cpp, line 773]

ZGC Phase Switch (0 events):
No events

VM Operations (20 events):
Event: 19.375 Executing VM operation: G1CollectForAllocation (G1 Evacuation Pause)
Event: 19.379 Executing VM operation: G1CollectForAllocation (G1 Evacuation Pause) done
Event: 19.447 Executing VM operation: G1PauseRemark
Event: 19.451 Executing VM operation: G1PauseRemark done
Event: 19.474 Executing VM operation: HandshakeAllThreads (Deoptimize)
Event: 19.474 Executing VM operation: HandshakeAllThreads (Deoptimize) done
Event: 19.481 Executing VM operation: G1PauseCleanup
Event: 19.481 Executing VM operation: G1PauseCleanup done
Event: 19.514 Executing VM operation: HandshakeAllThreads (Deoptimize)
Event: 19.514 Executing VM operation: HandshakeAllThreads (Deoptimize) done
Event: 19.707 Executing VM operation: HandshakeAllThreads (Deoptimize)
Event: 19.707 Executing VM operation: HandshakeAllThreads (Deoptimize) done
Event: 19.762 Executing VM operation: HandshakeAllThreads (Deoptimize)
Event: 19.762 Executing VM operation: HandshakeAllThreads (Deoptimize) done
Event: 19.773 Executing VM operation: G1CollectForAllocation (G1 Evacuation Pause)
Event: 19.777 Executing VM operation: G1CollectForAllocation (G1 Evacuation Pause) done
Event: 20.780 Executing VM operation: Cleanup
Event: 20.780 Executing VM operation: Cleanup done
Event: 37.902 Executing VM operation: Cleanup
Event: 37.902 Executing VM operation: Cleanup done

Events (20 events):
Event: 20.078 Thread 0x000001a7f08cf730 Thread added: 0x000001a7f08cf730
Event: 20.086 Thread 0x000001a7f08cfdc0 Thread added: 0x000001a7f08cfdc0
Event: 20.089 Thread 0x000001a7f08d0ae0 Thread added: 0x000001a7f08d0ae0
Event: 20.089 Thread 0x000001a7f08cfdc0 Thread exited: 0x000001a7f08cfdc0
Event: 20.195 Thread 0x000001a7f08cfdc0 Thread added: 0x000001a7f08cfdc0
Event: 20.195 Thread 0x000001a7eeb3bd80 Thread added: 0x000001a7eeb3bd80
Event: 20.195 Thread 0x000001a7eeb3caa0 Thread added: 0x000001a7eeb3caa0
Event: 20.195 Thread 0x000001a7eeb3e4e0 Thread added: 0x000001a7eeb3e4e0
Event: 20.196 Thread 0x000001a7eeb412d0 Thread added: 0x000001a7eeb412d0
Event: 20.196 Thread 0x000001a7eeb3b060 Thread added: 0x000001a7eeb3b060
Event: 20.196 Thread 0x000001a7eeb3eb70 Thread added: 0x000001a7eeb3eb70
Event: 20.196 Thread 0x000001a7eeb3ff20 Thread added: 0x000001a7eeb3ff20
Event: 20.196 Thread 0x000001a7eeb3f200 Thread added: 0x000001a7eeb3f200
Event: 20.196 Thread 0x000001a7eeb405b0 Thread added: 0x000001a7eeb405b0
Event: 20.223 Thread 0x000001a7eeb3c410 Thread added: 0x000001a7eeb3c410
Event: 20.225 Thread 0x000001a7eeb40c40 Thread added: 0x000001a7eeb40c40
Event: 20.255 Thread 0x000001a7ee897830 Thread exited: 0x000001a7ee897830
Event: 20.258 Thread 0x000001a7ee8a6420 Thread exited: 0x000001a7ee8a6420
Event: 20.259 Thread 0x000001a78e0919c0 Thread exited: 0x000001a78e0919c0
Event: 20.259 Thread 0x000001a7eeb41960 Thread added: 0x000001a7eeb41960


Dynamic libraries:
0x00007ff6cb200000 - 0x00007ff6cb210000 	C:\Program Files\Java\jdk-21.0.10\bin\java.exe
0x00007ff96c670000 - 0x00007ff96c865000 	C:\Windows\SYSTEM32\ntdll.dll
0x00007ff96b4a0000 - 0x00007ff96b55d000 	C:\Windows\System32\KERNEL32.DLL
0x00007ff96a380000 - 0x00007ff96a649000 	C:\Windows\System32\KERNELBASE.dll
0x00007ff969fc0000 - 0x00007ff96a0c0000 	C:\Windows\System32\ucrtbase.dll
0x00007ff9548a0000 - 0x00007ff9548be000 	C:\Program Files\Java\jdk-21.0.10\bin\VCRUNTIME140.dll
0x00007ff9548c0000 - 0x00007ff9548d9000 	C:\Program Files\Java\jdk-21.0.10\bin\jli.dll
0x00007ff96c030000 - 0x00007ff96c0dc000 	C:\Windows\System32\ADVAPI32.dll
0x00007ff96b9b0000 - 0x00007ff96ba4e000 	C:\Windows\System32\msvcrt.dll
0x00007ff96bf70000 - 0x00007ff96c00b000 	C:\Windows\System32\sechost.dll
0x00007ff96a740000 - 0x00007ff96a86a000 	C:\Windows\System32\RPCRT4.dll
0x00007ff96aa60000 - 0x00007ff96ac00000 	C:\Windows\System32\USER32.dll
0x00007ff955fe0000 - 0x00007ff95627a000 	C:\Windows\WinSxS\amd64_microsoft.windows.common-controls_6595b64144ccf1df_6.0.19041.1110_none_60b5254171f9507e\COMCTL32.dll
0x00007ff969f60000 - 0x00007ff969f82000 	C:\Windows\System32\win32u.dll
0x00007ff96a870000 - 0x00007ff96a89a000 	C:\Windows\System32\GDI32.dll
0x00007ff96a170000 - 0x00007ff96a27b000 	C:\Windows\System32\gdi32full.dll
0x00007ff96a2e0000 - 0x00007ff96a37d000 	C:\Windows\System32\msvcp_win.dll
0x00007ff961220000 - 0x00007ff96122a000 	C:\Windows\SYSTEM32\VERSION.dll
0x00007ff96c0e0000 - 0x00007ff96c110000 	C:\Windows\System32\IMM32.DLL
0x00007ff956510000 - 0x00007ff95651c000 	C:\Program Files\Java\jdk-21.0.10\bin\vcruntime140_1.dll
0x00007ff940360000 - 0x00007ff9403ed000 	C:\Program Files\Java\jdk-21.0.10\bin\msvcp140.dll
0x00007ff8fd350000 - 0x00007ff8fe077000 	C:\Program Files\Java\jdk-21.0.10\bin\server\jvm.dll
0x00007ff96b940000 - 0x00007ff96b9ab000 	C:\Windows\System32\WS2_32.dll
0x00007ff956360000 - 0x00007ff956387000 	C:\Windows\SYSTEM32\WINMM.dll
0x00007ff969c20000 - 0x00007ff969c6b000 	C:\Windows\SYSTEM32\POWRPROF.dll
0x00007ff969c00000 - 0x00007ff969c12000 	C:\Windows\SYSTEM32\UMPDC.dll
0x00007ff968670000 - 0x00007ff968682000 	C:\Windows\SYSTEM32\kernel.appcore.dll
0x00007ff954890000 - 0x00007ff95489a000 	C:\Program Files\Java\jdk-21.0.10\bin\jimage.dll
0x00007ff968370000 - 0x00007ff968554000 	C:\Windows\SYSTEM32\DBGHELP.DLL
0x00007ff951a10000 - 0x00007ff951a3c000 	C:\Windows\SYSTEM32\dbgcore.DLL
0x00007ff96a650000 - 0x00007ff96a6d3000 	C:\Windows\System32\bcryptPrimitives.dll
0x00007ff94f2f0000 - 0x00007ff94f300000 	C:\Program Files\Java\jdk-21.0.10\bin\instrument.dll
0x00007ff94f660000 - 0x00007ff94f681000 	C:\Program Files\Java\jdk-21.0.10\bin\java.dll
0x00007ff96ad00000 - 0x00007ff96b43f000 	C:\Windows\System32\SHELL32.dll
0x00007ff967b00000 - 0x00007ff968291000 	C:\Windows\SYSTEM32\windows.storage.dll
0x00007ff96b5e0000 - 0x00007ff96b935000 	C:\Windows\System32\combase.dll
0x00007ff969750000 - 0x00007ff96977c000 	C:\Windows\SYSTEM32\Wldp.dll
0x00007ff96bec0000 - 0x00007ff96bf6e000 	C:\Windows\System32\SHCORE.dll
0x00007ff96a6e0000 - 0x00007ff96a735000 	C:\Windows\System32\shlwapi.dll
0x00007ff969cf0000 - 0x00007ff969d0f000 	C:\Windows\SYSTEM32\profapi.dll
0x00007ff93c080000 - 0x00007ff93c157000 	C:\Program Files\Java\jdk-21.0.10\bin\jsvml.dll
0x00007ff94a5f0000 - 0x00007ff94a608000 	C:\Program Files\Java\jdk-21.0.10\bin\zip.dll
0x00007ff94ec00000 - 0x00007ff94ec11000 	C:\Program Files\Java\jdk-21.0.10\bin\net.dll
0x00007ff9583a0000 - 0x00007ff9584aa000 	C:\Windows\SYSTEM32\WINHTTP.dll
0x00007ff9694b0000 - 0x00007ff96951a000 	C:\Windows\system32\mswsock.dll
0x00007ff94e350000 - 0x00007ff94e366000 	C:\Program Files\Java\jdk-21.0.10\bin\nio.dll
0x00007ff954490000 - 0x00007ff954499000 	C:\Program Files\Java\jdk-21.0.10\bin\extnet.dll
0x00007ff945980000 - 0x00007ff94598a000 	C:\Program Files\Java\jdk-21.0.10\bin\management.dll
0x00007ff945970000 - 0x00007ff94597c000 	C:\Program Files\Java\jdk-21.0.10\bin\management_ext.dll
0x00007ff96ac00000 - 0x00007ff96ac08000 	C:\Windows\System32\PSAPI.DLL
0x00007ff954880000 - 0x00007ff95488e000 	C:\Program Files\Java\jdk-21.0.10\bin\sunmscapi.dll
0x00007ff969db0000 - 0x00007ff969f0f000 	C:\Windows\System32\CRYPT32.dll
0x00007ff9697c0000 - 0x00007ff9697e7000 	C:\Windows\SYSTEM32\ncrypt.dll
0x00007ff969780000 - 0x00007ff9697bb000 	C:\Windows\SYSTEM32\NTASN1.dll
0x00007ff969690000 - 0x00007ff9696a8000 	C:\Windows\SYSTEM32\CRYPTSP.dll
0x00007ff968e50000 - 0x00007ff968e84000 	C:\Windows\system32\rsaenh.dll
0x00007ff969f90000 - 0x00007ff969fb7000 	C:\Windows\System32\bcrypt.dll
0x00007ff969cb0000 - 0x00007ff969cde000 	C:\Windows\SYSTEM32\USERENV.dll
0x00007ff9696b0000 - 0x00007ff9696bc000 	C:\Windows\SYSTEM32\CRYPTBASE.dll
0x00007ff9691a0000 - 0x00007ff9691db000 	C:\Windows\SYSTEM32\IPHLPAPI.DLL
0x00007ff96bca0000 - 0x00007ff96bca8000 	C:\Windows\System32\NSI.dll
0x00007ff9691e0000 - 0x00007ff9692ac000 	C:\Windows\SYSTEM32\DNSAPI.dll
0x00007ff9616b0000 - 0x00007ff9616ba000 	C:\Windows\System32\rasadhlp.dll
0x00007ff957d40000 - 0x00007ff957dbf000 	C:\Windows\System32\fwpuclnt.dll
0x00007ff941390000 - 0x00007ff9413a7000 	C:\Windows\system32\napinsp.dll
0x00007ff941370000 - 0x00007ff94138b000 	C:\Windows\system32\pnrpnsp.dll
0x00007ff9646b0000 - 0x00007ff9646c5000 	C:\Windows\system32\wshbth.dll
0x00007ff9652c0000 - 0x00007ff9652dd000 	C:\Windows\system32\NLAapi.dll
0x00007ff941350000 - 0x00007ff941362000 	C:\Windows\System32\winrnr.dll
0x00007ff954b70000 - 0x00007ff954b77000 	C:\Windows\system32\wshunix.dll

dbghelp: loaded successfully - version: 4.0.5 - missing functions: none
symbol engine: initialized successfully - sym options: 0x614 - pdb path: .;C:\Program Files\Java\jdk-21.0.10\bin;C:\Windows\SYSTEM32;C:\Windows\WinSxS\amd64_microsoft.windows.common-controls_6595b64144ccf1df_6.0.19041.1110_none_60b5254171f9507e;C:\Program Files\Java\jdk-21.0.10\bin\server

VM Arguments:
jvm_args: -javaagent:C:\Program Files\JetBrains\IntelliJ IDEA 2025.2.4\lib\idea_rt.jar=52201 -Dfile.encoding=UTF-8 -Dsun.stdout.encoding=UTF-8 -Dsun.stderr.encoding=UTF-8 
java_command: com.trabalho.tag.TagApplication
java_class_path (initial): C:\Users\cesar\Downloads\ProjMuttley\ProjMuttley1.0\ProjetoMuttley-datasSeparadas\codigoMuttleyCertifcado-main\ProjetoMuttley-comCertificados\projeto\target\classes;C:\Users\cesar\.m2\repository\org\springframework\boot\spring-boot-starter-data-jpa\3.5.14\spring-boot-starter-data-jpa-3.5.14.jar;C:\Users\cesar\.m2\repository\org\springframework\boot\spring-boot-starter\3.5.14\spring-boot-starter-3.5.14.jar;C:\Users\cesar\.m2\repository\org\springframework\boot\spring-boot-starter-logging\3.5.14\spring-boot-starter-logging-3.5.14.jar;C:\Users\cesar\.m2\repository\ch\qos\logback\logback-classic\1.5.32\logback-classic-1.5.32.jar;C:\Users\cesar\.m2\repository\ch\qos\logback\logback-core\1.5.32\logback-core-1.5.32.jar;C:\Users\cesar\.m2\repository\org\apache\logging\log4j\log4j-to-slf4j\2.24.3\log4j-to-slf4j-2.24.3.jar;C:\Users\cesar\.m2\repository\org\apache\logging\log4j\log4j-api\2.24.3\log4j-api-2.24.3.jar;C:\Users\cesar\.m2\repository\org\slf4j\jul-to-slf4j\2.0.17\jul-to-slf4j-2.0.17.jar;C:\Users\cesar\.m2\repository\jakarta\annotation\jakarta.annotation-api\2.1.1\jakarta.annotation-api-2.1.1.jar;C:\Users\cesar\.m2\repository\org\yaml\snakeyaml\2.4\snakeyaml-2.4.jar;C:\Users\cesar\.m2\repository\org\springframework\boot\spring-boot-starter-jdbc\3.5.14\spring-boot-starter-jdbc-3.5.14.jar;C:\Users\cesar\.m2\repository\com\zaxxer\HikariCP\6.3.3\HikariCP-6.3.3.jar;C:\Users\cesar\.m2\repository\org\springframework\spring-jdbc\6.2.18\spring-jdbc-6.2.18.jar;C:\Users\cesar\.m2\repository\org\hibernate\orm\hibernate-core\6.6.49.Final\hibernate-core-6.6.49.Final.jar;C:\Users\cesar\.m2\repository\jakarta\persistence\jakarta.persistence-api\3.1.0\jakarta.persistence-api-3.1.0.jar;C:\Users\cesar\.m2\repository\jakarta\transaction\jakarta.transaction-api\2.0.1\jakarta.transaction-api-2.0.1.jar;C:\Users\cesar\.m2\repository\org\jboss\logging\jboss-logging\3.6.3.Final\jboss-logging-3.6.3.Final.jar;C:\Users\cesar\.m2\repository\org\hibernate\common\hibernate-commons-annotations\7.0.3.Final\hibernate-commons-annotations-7.0.3.Final.jar;C:\Users\cesar\.m2\repository\io\smallrye\jandex\3.2.0\jandex-3.2.0.jar;C:\Users\cesar\.m2\repository\com\fasterxml\classmate\1.7.3\classmate-1.7.3.jar;C:\Users\cesar\.m2\repository\net\bytebuddy\byte-buddy\1.17.8\byte-buddy-1.17.8.jar;C:\Users\cesar\.m2\repository\org\glassfish\jaxb\jaxb-runtime\4.0.6\jaxb-runtime-4.0.6.jar;C:\Users\cesar\.m2\repository\org\glassfish\jaxb\jaxb-core\4.0.6\jaxb-core-4.0.6.jar;C:\Users\cesar\.m2\repository\org\glassfish\jaxb\txw2\4.0.6\txw2-4.0.6.jar;C:\Users\cesar\.m2\repository\com\sun\istack\istack-commons-runtime\4.1.2\istack-commons-runtime-4.1.2.jar;C:\Users\cesar\.m2\repository\jakarta\inject\jakarta.inject-api\2.0.1\jakarta.inject-api-2.0.1.jar;C:\Users\cesar\.m2\repository\org\antlr\antlr4-runtime\4.13.0\antlr4-runtime-4.13.0.jar;C:\Users\cesar\.m2\repository\org\springframework\data\spring-data-jpa\3.5.11\spring-data-jpa-3.5.11.jar;C:\Users\cesar\.m2\repository\org\springframework\data\spring-data-commons\3.5.11\spring-data-commons-3.5.11.jar;C:\Users\cesar\.m2\repository\org\springframework\spring-orm\6.2.18\spring-orm-6.2.18.jar;C:\Users\cesar\.m2\repository\org\springframework\spring-context\6.2.18\spring-context-6.2.18.jar;C:\Users\cesar\.m2\repository\org\springframework\spring-aop\6.2.18\spring-aop-6.2.18.jar;C:\Users\cesar\.m2\repository\org\springframework\spring-tx\6.2.18\spring-tx-6.2.18.jar;C:\Users\cesar\.m2\repository\org\springframework\spring-beans\6.2.18\spring-beans-6.2.18.jar;C:\Users\cesar\.m2\repository\org\slf4j\slf4j-api\2.0.17\slf4j-api-2.0.17.jar;C:\Users\cesar\.m2\repository\org\springframework\spring-aspects\6.2.18\spring-aspects-6.2.18.jar;C:\Users\cesar\.m2\repository\org\aspectj\aspectjweaver\1.9.25.1\aspectjweaver-1.9.25.1.jar;C:\Users\cesar\.m2\repository\org\springframework\boot\spring-boot-starter-thymeleaf\3.5.14\spring-boot-starter-thymeleaf-3.5.14.jar;C:\Users\cesar\.m2\repository\org\thymeleaf\thymeleaf-spring6\3.1.5.RELEASE\thymeleaf-spring6-3.1.5.RELEASE.jar;C:\Users\cesar\.m2\repository\org\thymeleaf\thymeleaf\3.1.5.RELEASE\thymeleaf-3.1.5.RELEASE.jar;C:\Users\cesar\.m2\repository\org\attoparser\attoparser\2.0.7.RELEASE\attoparser-2.0.7.RELEASE.jar;C:\Users\cesar\.m2\repository\org\unbescape\unbescape\1.1.6.RELEASE\unbescape-1.1.6.RELEASE.jar;C:\Users\cesar\.m2\repository\org\springframework\boot\spring-boot-starter-web\3.5.14\spring-boot-starter-web-3.5.14.jar;C:\Users\cesar\.m2\repository\org\springframework\boot\spring-boot-starter-json\3.5.14\spring-boot-starter-json-3.5.14.jar;C:\Users\cesar\.m2\repository\com\fasterxml\jackson\core\jackson-databind\2.21.2\jackson-databind-2.21.2.jar;C:\Users\cesar\.m2\repository\com\fasterxml\jackson\core\jackson-annotations\2.21\jackson-annotations-2.21.jar;C:\Users\cesar\.m2\repository\com\fasterxml\jackson\core\jackson-core\2.21.2\jackson-core-2.21.2.jar;C:\Users\cesar\.m2\repository\com\fasterxml\jackson\datatype\jackson-datatype-jdk8\2.21.2\jackson-datatype-jdk8-2.21.2.jar;C:\Users\cesar\.m2\repository\com\fasterxml\jackson\datatype\jackson-datatype-jsr310\2.21.2\jackson-datatype-jsr310-2.21.2.jar;C:\Users\cesar\.m2\repository\com\fasterxml\jackson\module\jackson-module-parameter-names\2.21.2\jackson-module-parameter-names-2.21.2.jar;C:\Users\cesar\.m2\repository\org\springframework\boot\spring-boot-starter-tomcat\3.5.14\spring-boot-starter-tomcat-3.5.14.jar;C:\Users\cesar\.m2\repository\org\apache\tomcat\embed\tomcat-embed-core\10.1.54\tomcat-embed-core-10.1.54.jar;C:\Users\cesar\.m2\repository\org\apache\tomcat\embed\tomcat-embed-websocket\10.1.54\tomcat-embed-websocket-10.1.54.jar;C:\Users\cesar\.m2\repository\org\springframework\spring-web\6.2.18\spring-web-6.2.18.jar;C:\Users\cesar\.m2\repository\io\micrometer\micrometer-observation\1.15.11\micrometer-observation-1.15.11.jar;C:\Users\cesar\.m2\repository\io\micrometer\micrometer-commons\1.15.11\micrometer-commons-1.15.11.jar;C:\Users\cesar\.m2\repository\org\springframework\spring-webmvc\6.2.18\spring-webmvc-6.2.18.jar;C:\Users\cesar\.m2\repository\org\springframework\spring-expression\6.2.18\spring-expression-6.2.18.jar;C:\Users\cesar\.m2\repository\org\springframework\boot\spring-boot-starter-validation\3.5.14\spring-boot-starter-validation-3.5.14.jar;C:\Users\cesar\.m2\repository\org\apache\tomcat\embed\tomcat-embed-el\10.1.54\tomcat-embed-el-10.1.54.jar;C:\Users\cesar\.m2\repository\org\hibernate\validator\hibernate-validator\8.0.3.Final\hibernate-validator-8.0.3.Final.jar;C:\Users\cesar\.m2\repository\jakarta\validation\jakarta.validation-api\3.0.2\jakarta.validation-api-3.0.2.jar;C:\Users\cesar\.m2\repository\org\springframework\boot\spring-boot-devtools\3.5.14\spring-boot-devtools-3.5.14.jar;C:\Users\cesar\.m2\repository\org\springframework\boot\spring-boot\3.5.14\spring-boot-3.5.14.jar;C:\Users\cesar\.m2\repository\org\springframework\boot\spring-boot-autoconfigure\3.5.14\spring-boot-autoconfigure-3.5.14.jar;C:\Users\cesar\.m2\repository\com\microsoft\sqlserver\mssql-jdbc\12.10.2.jre11\mssql-jdbc-12.10.2.jre11.jar;C:\Users\cesar\.m2\repository\jakarta\xml\bind\jakarta.xml.bind-api\4.0.4\jakarta.xml.bind-api-4.0.4.jar;C:\Users\cesar\.m2\repository\jakarta\activation\jakarta.activation-api\2.1.4\jakarta.activation-api-2.1.4.jar;C:\Users\cesar\.m2\repository\org\springframework\spring-core\6.2.18\spring-core-6.2.18.jar;C:\Users\cesar\.m2\repository\org\springframework\spring-jcl\6.2.18\spring-jcl-6.2.18.jar;C:\Users\cesar\.m2\repository\org\springframework\boot\spring-boot-starter-mail\3.5.14\spring-boot-starter-mail-3.5.14.jar;C:\Users\cesar\.m2\repository\org\springframework\spring-context-support\6.2.18\spring-context-support-6.2.18.jar;C:\Users\cesar\.m2\repository\org\eclipse\angus\jakarta.mail\2.0.5\jakarta.mail-2.0.5.jar;C:\Users\cesar\.m2\repository\org\eclipse\angus\angus-activation\2.0.3\angus-activation-2.0.3.jar;C:\Users\cesar\.m2\repository\com\itextpdf\barcodes\8.0.5\barcodes-8.0.5.jar;C:\Users\cesar\.m2\repository\com\itextpdf\font-asian\8.0.5\font-asian-8.0.5.jar;C:\Users\cesar\.m2\repository\com\itextpdf\forms\8.0.5\forms-8.0.5.jar;C:\Users\cesar\.m2\repository\com\itextpdf\hyph\8.0.5\hyph-8.0.5.jar;C:\Users\cesar\.m2\repository\com\itextpdf\io\8.0.5\io-8.0.5.jar;C:\Users\cesar\.m2\repository\com\itextpdf\commons\8.0.5\commons-8.0.5.jar;C:\Users\cesar\.m2\repository\com\itextpdf\kernel\8.0.5\kernel-8.0.5.jar;C:\Users\cesar\.m2\repository\com\itextpdf\layout\8.0.5\layout-8.0.5.jar;C:\Users\cesar\.m2\repository\com\itextpdf\pdfa\8.0.5\pdfa-8.0.5.jar;C:\Users\cesar\.m2\repository\com\itextpdf\sign\8.0.5\sign-8.0.5.jar;C:\Users\cesar\.m2\repository\com\itextpdf\styled-xml-parser\8.0.5\styled-xml-parser-8.0.5.jar;C:\Users\cesar\.m2\repository\com\itextpdf\svg\8.0.5\svg-8.0.5.jar;C:\Users\cesar\.m2\repository\com\itextpdf\bouncy-castle-connector\8.0.5\bouncy-castle-connector-8.0.5.jar;C:\Users\cesar\.m2\repository\com\itextpdf\pdfua\8.0.5\pdfua-8.0.5.jar
Launcher Type: SUN_STANDARD

[Global flags]
     intx CICompilerCount                          = 3                                         {product} {ergonomic}
     uint ConcGCThreads                            = 1                                         {product} {ergonomic}
     uint G1ConcRefinementThreads                  = 4                                         {product} {ergonomic}
   size_t G1HeapRegionSize                         = 1048576                                   {product} {ergonomic}
    uintx GCDrainStackTargetSize                   = 64                                        {product} {ergonomic}
   size_t InitialHeapSize                          = 65011712                                  {product} {ergonomic}
   size_t MarkStackSize                            = 4194304                                   {product} {ergonomic}
   size_t MaxHeapSize                              = 1012924416                                {product} {ergonomic}
   size_t MaxNewSize                               = 607125504                                 {product} {ergonomic}
   size_t MinHeapDeltaBytes                        = 1048576                                   {product} {ergonomic}
   size_t MinHeapSize                              = 8388608                                   {product} {ergonomic}
    uintx NonNMethodCodeHeapSize                   = 5832780                                {pd product} {ergonomic}
    uintx NonProfiledCodeHeapSize                  = 122912730                              {pd product} {ergonomic}
    uintx ProfiledCodeHeapSize                     = 122912730                              {pd product} {ergonomic}
    uintx ReservedCodeCacheSize                    = 251658240                              {pd product} {ergonomic}
     bool SegmentedCodeCache                       = true                                      {product} {ergonomic}
   size_t SoftMaxHeapSize                          = 1012924416                             {manageable} {ergonomic}
     bool UseCompressedOops                        = true                           {product lp64_product} {ergonomic}
     bool UseG1GC                                  = true                                      {product} {ergonomic}
     bool UseLargePagesIndividualAllocation        = false                                  {pd product} {ergonomic}

Logging:
Log output configuration:
 #0: stdout all=warning uptime,level,tags foldmultilines=false
 #1: stderr all=off uptime,level,tags foldmultilines=false

Environment Variables:
JAVA_HOME=C:\Users\cesar\Downloads\Java\jdk-21.0.6+7
PATH=C:\Program Files\Microsoft MPI\Bin\;C:\Program Files\Common Files\Oracle\Java\javapath;C:\Program Files (x86)\Common Files\Oracle\Java\java8path;C:\Program Files (x86)\Common Files\Oracle\Java\javapath;C:\Windows\system32;C:\Windows;C:\Windows\System32\Wbem;C:\Windows\System32\WindowsPowerShell\v1.0\;C:\Windows\System32\OpenSSH\;%JAVA_HOME%\bin;C:\Program Files (x86)\Microsoft SQL Server\170\Tools\Binn\;C:\Program Files\Microsoft SQL Server\170\Tools\Binn\;C:\Program Files\Microsoft SQL Server\Client SDK\ODBC\180\Tools\Binn\;C:\Program Files\Microsoft SQL Server\170\DTS\Binn\;C:\Program Files\Microsoft SQL Server\Client SDK\ODBC\170\Tools\Binn\;C:\Program Files (x86)\Microsoft SQL Server\150\Tools\Binn\;C:\Program Files\Microsoft SQL Server\150\Tools\Binn\;C:\Program Files\Microsoft SQL Server\150\DTS\Binn\;C:\Program Files\Git\cmd;C:\Program Files\nodejs\;C:\Program Files\Microsoft SQL Server\Client SDK\ODBC\130\Tools\Binn\;C:\Program Files (x86)\Microsoft SQL Server\160\Tools\Binn\;C:\Program Files\Microsoft SQL Server\160\Tools\Binn\;C:\Program Files\Microsoft SQL Server\160\DTS\Binn\;C:\Program Files\MySQL\MySQL Shell 8.0\bin\;C:\Users\cesar\AppData\Local\Programs\Python\Python313\Scripts\;C:\Users\cesar\AppData\Local\Programs\Python\Python313\;C:\Users\cesar\AppData\Local\Programs\Python\Launcher\;C:\Users\cesar\AppData\Local\Microsoft\WindowsApps;;C:\Users\cesar\AppData\Local\Programs\Microsoft VS Code\bin;C:\Users\cesar\AppData\Roaming\npm
USERNAME=cesar
OS=Windows_NT
PROCESSOR_IDENTIFIER=Intel64 Family 6 Model 126 Stepping 5, GenuineIntel
TMP=C:\Users\cesar\AppData\Local\Temp
TEMP=C:\Users\cesar\AppData\Local\Temp




Periodic native trim disabled

---------------  S Y S T E M  ---------------

OS:
 Windows 10 , 64 bit Build 19041 (10.0.19041.1023)
OS uptime: 14 days 4:56 hours

CPU: total 4 (initial active 4) (2 cores per cpu, 2 threads per core) family 6 model 126 stepping 5 microcode 0xcc, cx8, cmov, fxsr, ht, mmx, 3dnowpref, sse, sse2, sse3, ssse3, sse4.1, sse4.2, popcnt, lzcnt, tsc, tscinvbit, avx, avx2, aes, erms, clmul, bmi1, bmi2, adx, avx512f, avx512dq, avx512cd, avx512bw, avx512vl, sha, fma, vzeroupper, avx512_vpopcntdq, avx512_vpclmulqdq, avx512_vaes, avx512_vnni, clflush, clflushopt, avx512_vbmi2, avx512_vbmi, rdtscp, rdpid, fsrm, gfni, avx512_bitalg, f16c, pku, avx512_ifma
Processor Information for all 4 processors :
  Max Mhz: 1190, Current Mhz: 1190, Mhz Limit: 1190

Memory: 4k page, system-wide physical 3863M (194M free)
TotalPageFile size 15639M (AvailPageFile size 0M)
current process WorkingSet (physical memory assigned to process): 54M, peak: 245M
current process commit charge ("private bytes"): 279M, peak: 303M

vm_info: Java HotSpot(TM) 64-Bit Server VM (21.0.10+8-LTS-217) for windows-amd64 JRE (21.0.10+8-LTS-217), built on 2025-12-18T14:59:28Z by "mach5run" with MS VC++ 17.13 (VS2022)

END.
