#
# There is insufficient memory for the Java Runtime Environment to continue.
# Native memory allocation (malloc) failed to allocate 298736 bytes for Chunk::new
# Possible reasons:
#   The system is out of physical RAM or swap space
#   The process is running with CompressedOops enabled, and the Java Heap may be blocking the growth of the native heap
# Possible solutions:
#   Reduce memory load on the system
#   Increase physical memory or swap space
#   Check if swap backing store is full
#   Decrease Java heap size (-Xmx/-Xms)
#   Decrease number of Java threads
#   Decrease Java thread stack sizes (-Xss)
#   Set larger code cache with -XX:ReservedCodeCacheSize=
#   JVM is running with Unscaled Compressed Oops mode in which the Java heap is
#     placed in the first 4GB address space. The Java Heap base address is the
#     maximum limit for the native heap growth. Please use -XX:HeapBaseMinAddress
#     to set the Java Heap base and to place the Java Heap above 4GB virtual address.
# This output file may be truncated or incomplete.
#
#  Out of Memory Error (arena.cpp:168), pid=15128, tid=7740
#
# JRE version: Java(TM) SE Runtime Environment (21.0.10+8) (build 21.0.10+8-LTS-217)
# Java VM: Java HotSpot(TM) 64-Bit Server VM (21.0.10+8-LTS-217, mixed mode, sharing, tiered, compressed oops, compressed class ptrs, g1 gc, windows-amd64)
# No core dump will be written. Minidumps are not enabled by default on client versions of Windows
#

---------------  S U M M A R Y ------------

Command Line: -javaagent:C:\Program Files\JetBrains\IntelliJ IDEA 2025.2.4\lib\idea_rt.jar=63532 -Dfile.encoding=UTF-8 -Dsun.stdout.encoding=UTF-8 -Dsun.stderr.encoding=UTF-8 com.trabalho.tag.TagApplication

Host: Intel(R) Core(TM) i3-1005G1 CPU @ 1.20GHz, 4 cores, 3G,  Windows 10 , 64 bit Build 19041 (10.0.19041.1023)
Time: Tue Jun  9 02:19:28 2026 Hora oficial do Brasil elapsed time: 5.756086 seconds (0d 0h 0m 5s)

---------------  T H R E A D  ---------------

Current thread (0x000001a13b1bcb60):  JavaThread "C2 CompilerThread0" daemon [_thread_in_native, id=7740, stack(0x0000004626b00000,0x0000004626c00000) (1024K)]


Current CompileTask:
C2:   5756 3696       4       org.springframework.core.ResolvableType::as (86 bytes)

Stack: [0x0000004626b00000,0x0000004626c00000]
Native frames: (J=compiled Java code, j=interpreted, Vv=VM code, C=native code)
V  [jvm.dll+0x6d0b59]
V  [jvm.dll+0x85fd56]
V  [jvm.dll+0x86224e]
V  [jvm.dll+0x862923]
V  [jvm.dll+0x282a16]
V  [jvm.dll+0xc662d]
V  [jvm.dll+0xc6b71]
V  [jvm.dll+0x5db671]
V  [jvm.dll+0x388001]
V  [jvm.dll+0x38741a]
V  [jvm.dll+0x24b370]
V  [jvm.dll+0x24a94f]
V  [jvm.dll+0x1cacfe]
V  [jvm.dll+0x25a629]
V  [jvm.dll+0x258bb5]
V  [jvm.dll+0x3f4da1]
V  [jvm.dll+0x80a83d]
V  [jvm.dll+0x6cf3fd]
C  [ucrtbase.dll+0x21bb2]
C  [KERNEL32.DLL+0x17034]
C  [ntdll.dll+0x52651]


---------------  P R O C E S S  ---------------

Threads class SMR info:
_java_thread_list=0x000001a17e0928b0, length=14, elements={
0x000001a11e664b60, 0x000001a11e72e7c0, 0x000001a13b1a7190, 0x000001a13b1aa3c0,
0x000001a13b1ab110, 0x000001a13b1adc70, 0x000001a13b1ae7c0, 0x000001a13b1bcb60,
0x000001a13b1c1320, 0x000001a13b5acc30, 0x000001a13b79c910, 0x000001a13b79cf80,
0x000001a17d025060, 0x000001a13bc9ffe0
}

Java Threads: ( => current thread )
  0x000001a11e664b60 JavaThread "main"                              [_thread_blocked, id=9028, stack(0x0000004625d00000,0x0000004625e00000) (1024K)]
  0x000001a11e72e7c0 JavaThread "Reference Handler"          daemon [_thread_blocked, id=440, stack(0x0000004626500000,0x0000004626600000) (1024K)]
  0x000001a13b1a7190 JavaThread "Finalizer"                  daemon [_thread_blocked, id=7408, stack(0x0000004626600000,0x0000004626700000) (1024K)]
  0x000001a13b1aa3c0 JavaThread "Signal Dispatcher"          daemon [_thread_blocked, id=9724, stack(0x0000004626700000,0x0000004626800000) (1024K)]
  0x000001a13b1ab110 JavaThread "Attach Listener"            daemon [_thread_blocked, id=14912, stack(0x0000004626800000,0x0000004626900000) (1024K)]
  0x000001a13b1adc70 JavaThread "Service Thread"             daemon [_thread_blocked, id=11472, stack(0x0000004626900000,0x0000004626a00000) (1024K)]
  0x000001a13b1ae7c0 JavaThread "Monitor Deflation Thread"   daemon [_thread_blocked, id=18352, stack(0x0000004626a00000,0x0000004626b00000) (1024K)]
=>0x000001a13b1bcb60 JavaThread "C2 CompilerThread0"         daemon [_thread_in_native, id=7740, stack(0x0000004626b00000,0x0000004626c00000) (1024K)]
  0x000001a13b1c1320 JavaThread "C1 CompilerThread0"         daemon [_thread_blocked, id=4388, stack(0x0000004626c00000,0x0000004626d00000) (1024K)]
  0x000001a13b5acc30 JavaThread "Common-Cleaner"             daemon [_thread_blocked, id=22104, stack(0x0000004626d00000,0x0000004626e00000) (1024K)]
  0x000001a13b79c910 JavaThread "Monitor Ctrl-Break"         daemon [_thread_in_native, id=22376, stack(0x0000004626e00000,0x0000004626f00000) (1024K)]
  0x000001a13b79cf80 JavaThread "Notification Thread"        daemon [_thread_blocked, id=18516, stack(0x0000004626f00000,0x0000004627000000) (1024K)]
  0x000001a17d025060 JavaThread "Thread-0"                          [_thread_blocked, id=10896, stack(0x0000004627300000,0x0000004627400000) (1024K)]
  0x000001a13bc9ffe0 JavaThread "restartedMain"                     [_thread_in_vm, id=11252, stack(0x0000004627400000,0x0000004627500000) (1024K)]
Total: 14

Other Threads:
  0x000001a11e71d470 VMThread "VM Thread"                           [id=9804, stack(0x0000004626400000,0x0000004626500000) (1024K)]
  0x000001a13b19b670 WatcherThread "VM Periodic Task Thread"        [id=17760, stack(0x0000004626300000,0x0000004626400000) (1024K)]
  0x000001a11e69de10 WorkerThread "GC Thread#0"                     [id=5192, stack(0x0000004625e00000,0x0000004625f00000) (1024K)]
  0x000001a13bbe5b00 WorkerThread "GC Thread#1"                     [id=9088, stack(0x0000004627000000,0x0000004627100000) (1024K)]
  0x000001a13bb21410 WorkerThread "GC Thread#2"                     [id=7592, stack(0x0000004627100000,0x0000004627200000) (1024K)]
  0x000001a13bb3b520 WorkerThread "GC Thread#3"                     [id=17964, stack(0x0000004627200000,0x0000004627300000) (1024K)]
  0x000001a11e6a6870 ConcurrentGCThread "G1 Main Marker"            [id=12320, stack(0x0000004625f00000,0x0000004626000000) (1024K)]
  0x000001a11e6a7b20 WorkerThread "G1 Conc#0"                       [id=16244, stack(0x0000004626000000,0x0000004626100000) (1024K)]
  0x000001a11e701140 ConcurrentGCThread "G1 Refine#0"               [id=21948, stack(0x0000004626100000,0x0000004626200000) (1024K)]
  0x000001a11e701bd0 ConcurrentGCThread "G1 Service"                [id=13020, stack(0x0000004626200000,0x0000004626300000) (1024K)]
Total: 10

Threads with active compile tasks:
C2 CompilerThread0     5781 3696       4       org.springframework.core.ResolvableType::as (86 bytes)
Total: 1

VM state: not at safepoint (normal execution)

VM Mutex/Monitor currently owned by a thread: None

Heap address: 0x00000000c3a00000, size: 966 MB, Compressed Oops mode: 32-bit

CDS archive(s) mapped at: [0x000001a13c000000-0x000001a13cc90000-0x000001a13cc90000), size 13172736, SharedBaseAddress: 0x000001a13c000000, ArchiveRelocationMode: 1.
Compressed class space mapped at: 0x000001a13d000000-0x000001a17d000000, reserved size: 1073741824
Narrow klass base: 0x000001a13c000000, Narrow klass shift: 0, Narrow klass range: 0x100000000

GC Precious Log:
 CardTable entry size: 512
 Card Set container configuration: InlinePtr #cards 5 size 8 Array Of Cards #cards 12 size 40 Howl #buckets 4 coarsen threshold 1843 Howl Bitmap #cards 512 size 80 coarsen threshold 460 Card regions per heap region 1 cards per card region 2048
 CPUs: 4 total, 4 available
 Memory: 3863M
 Large Page Support: Disabled
 NUMA Support: Disabled
 Compressed Oops: Enabled (32-bit)
 Heap Region Size: 1M
 Heap Min Capacity: 8M
 Heap Initial Capacity: 62M
 Heap Max Capacity: 966M
 Pre-touch: Disabled
 Parallel Workers: 4
 Concurrent Workers: 1
 Concurrent Refinement Workers: 4
 Periodic GC: Disabled

Heap:
 garbage-first heap   total 55296K, used 30346K [0x00000000c3a00000, 0x0000000100000000)
  region size 1024K, 18 young (18432K), 4 survivors (4096K)
 Metaspace       used 26953K, committed 27328K, reserved 1114112K
  class space    used 3424K, committed 3584K, reserved 1048576K

Heap Regions: E=young(eden), S=young(survivor), O=old, HS=humongous(starts), HC=humongous(continues), CS=collection set, F=free, TAMS=top-at-mark-start, PB=parsable bottom
|   0|0x00000000c3a00000, 0x00000000c3b00000, 0x00000000c3b00000|100%|HS|  |TAMS 0x00000000c3a00000| PB 0x00000000c3a00000| Complete 
|   1|0x00000000c3b00000, 0x00000000c3c00000, 0x00000000c3c00000|100%|HS|  |TAMS 0x00000000c3b00000| PB 0x00000000c3b00000| Complete 
|   2|0x00000000c3c00000, 0x00000000c3d00000, 0x00000000c3d00000|100%| O|  |TAMS 0x00000000c3c00000| PB 0x00000000c3c00000| Untracked 
|   3|0x00000000c3d00000, 0x00000000c3e00000, 0x00000000c3e00000|100%| O|  |TAMS 0x00000000c3d00000| PB 0x00000000c3d00000| Untracked 
|   4|0x00000000c3e00000, 0x00000000c3f00000, 0x00000000c3f00000|100%| O|  |TAMS 0x00000000c3e00000| PB 0x00000000c3e00000| Untracked 
|   5|0x00000000c3f00000, 0x00000000c4000000, 0x00000000c4000000|100%| O|  |TAMS 0x00000000c3f00000| PB 0x00000000c3f00000| Untracked 
|   6|0x00000000c4000000, 0x00000000c4100000, 0x00000000c4100000|100%| O|  |TAMS 0x00000000c4000000| PB 0x00000000c4000000| Untracked 
|   7|0x00000000c4100000, 0x00000000c4200000, 0x00000000c4200000|100%| O|  |TAMS 0x00000000c4100000| PB 0x00000000c4100000| Untracked 
|   8|0x00000000c4200000, 0x00000000c4300000, 0x00000000c4300000|100%| O|  |TAMS 0x00000000c4200000| PB 0x00000000c4200000| Untracked 
|   9|0x00000000c4300000, 0x00000000c4400000, 0x00000000c4400000|100%| O|  |TAMS 0x00000000c4300000| PB 0x00000000c4300000| Untracked 
|  10|0x00000000c4400000, 0x00000000c4500000, 0x00000000c4500000|100%| O|  |TAMS 0x00000000c4400000| PB 0x00000000c4400000| Untracked 
|  11|0x00000000c4500000, 0x00000000c4600000, 0x00000000c4600000|100%| O|  |TAMS 0x00000000c4500000| PB 0x00000000c4500000| Untracked 
|  12|0x00000000c4600000, 0x00000000c4700000, 0x00000000c4700000|100%| O|  |TAMS 0x00000000c4600000| PB 0x00000000c4600000| Untracked 
|  13|0x00000000c4700000, 0x00000000c4721480, 0x00000000c4800000| 13%| O|Cm|TAMS 0x00000000c4700000| PB 0x00000000c4700000| Complete 
|  14|0x00000000c4800000, 0x00000000c4800000, 0x00000000c4900000|  0%| F|  |TAMS 0x00000000c4800000| PB 0x00000000c4800000| Untracked 
|  15|0x00000000c4900000, 0x00000000c4900000, 0x00000000c4a00000|  0%| F|  |TAMS 0x00000000c4900000| PB 0x00000000c4900000| Untracked 
|  16|0x00000000c4a00000, 0x00000000c4a00000, 0x00000000c4b00000|  0%| F|  |TAMS 0x00000000c4a00000| PB 0x00000000c4a00000| Untracked 
|  17|0x00000000c4b00000, 0x00000000c4b00000, 0x00000000c4c00000|  0%| F|  |TAMS 0x00000000c4b00000| PB 0x00000000c4b00000| Untracked 
|  18|0x00000000c4c00000, 0x00000000c4c816c0, 0x00000000c4d00000| 50%| S|CS|TAMS 0x00000000c4c00000| PB 0x00000000c4c00000| Complete 
|  19|0x00000000c4d00000, 0x00000000c4e00000, 0x00000000c4e00000|100%| S|CS|TAMS 0x00000000c4d00000| PB 0x00000000c4d00000| Complete 
|  20|0x00000000c4e00000, 0x00000000c4f00000, 0x00000000c4f00000|100%| S|CS|TAMS 0x00000000c4e00000| PB 0x00000000c4e00000| Complete 
|  21|0x00000000c4f00000, 0x00000000c5000000, 0x00000000c5000000|100%| S|CS|TAMS 0x00000000c4f00000| PB 0x00000000c4f00000| Complete 
|  22|0x00000000c5000000, 0x00000000c5000000, 0x00000000c5100000|  0%| F|  |TAMS 0x00000000c5000000| PB 0x00000000c5000000| Untracked 
|  23|0x00000000c5100000, 0x00000000c5100000, 0x00000000c5200000|  0%| F|  |TAMS 0x00000000c5100000| PB 0x00000000c5100000| Untracked 
|  24|0x00000000c5200000, 0x00000000c5200000, 0x00000000c5300000|  0%| F|  |TAMS 0x00000000c5200000| PB 0x00000000c5200000| Untracked 
|  25|0x00000000c5300000, 0x00000000c5300000, 0x00000000c5400000|  0%| F|  |TAMS 0x00000000c5300000| PB 0x00000000c5300000| Untracked 
|  26|0x00000000c5400000, 0x00000000c5400000, 0x00000000c5500000|  0%| F|  |TAMS 0x00000000c5400000| PB 0x00000000c5400000| Untracked 
|  27|0x00000000c5500000, 0x00000000c5500000, 0x00000000c5600000|  0%| F|  |TAMS 0x00000000c5500000| PB 0x00000000c5500000| Untracked 
|  28|0x00000000c5600000, 0x00000000c5600000, 0x00000000c5700000|  0%| F|  |TAMS 0x00000000c5600000| PB 0x00000000c5600000| Untracked 
|  29|0x00000000c5700000, 0x00000000c5700000, 0x00000000c5800000|  0%| F|  |TAMS 0x00000000c5700000| PB 0x00000000c5700000| Untracked 
|  30|0x00000000c5800000, 0x00000000c5800000, 0x00000000c5900000|  0%| F|  |TAMS 0x00000000c5800000| PB 0x00000000c5800000| Untracked 
|  31|0x00000000c5900000, 0x00000000c5900000, 0x00000000c5a00000|  0%| F|  |TAMS 0x00000000c5900000| PB 0x00000000c5900000| Untracked 
|  32|0x00000000c5a00000, 0x00000000c5a00000, 0x00000000c5b00000|  0%| F|  |TAMS 0x00000000c5a00000| PB 0x00000000c5a00000| Untracked 
|  33|0x00000000c5b00000, 0x00000000c5b00000, 0x00000000c5c00000|  0%| F|  |TAMS 0x00000000c5b00000| PB 0x00000000c5b00000| Untracked 
|  34|0x00000000c5c00000, 0x00000000c5c00000, 0x00000000c5d00000|  0%| F|  |TAMS 0x00000000c5c00000| PB 0x00000000c5c00000| Untracked 
|  35|0x00000000c5d00000, 0x00000000c5d00000, 0x00000000c5e00000|  0%| F|  |TAMS 0x00000000c5d00000| PB 0x00000000c5d00000| Untracked 
|  36|0x00000000c5e00000, 0x00000000c5e00000, 0x00000000c5f00000|  0%| F|  |TAMS 0x00000000c5e00000| PB 0x00000000c5e00000| Untracked 
|  37|0x00000000c5f00000, 0x00000000c5f00000, 0x00000000c6000000|  0%| F|  |TAMS 0x00000000c5f00000| PB 0x00000000c5f00000| Untracked 
|  38|0x00000000c6000000, 0x00000000c6000000, 0x00000000c6100000|  0%| F|  |TAMS 0x00000000c6000000| PB 0x00000000c6000000| Untracked 
|  39|0x00000000c6100000, 0x00000000c6100000, 0x00000000c6200000|  0%| F|  |TAMS 0x00000000c6100000| PB 0x00000000c6100000| Untracked 
|  40|0x00000000c6200000, 0x00000000c6300000, 0x00000000c6300000|100%| E|  |TAMS 0x00000000c6200000| PB 0x00000000c6200000| Complete 
|  41|0x00000000c6300000, 0x00000000c6400000, 0x00000000c6400000|100%| E|CS|TAMS 0x00000000c6300000| PB 0x00000000c6300000| Complete 
|  42|0x00000000c6400000, 0x00000000c6500000, 0x00000000c6500000|100%| E|CS|TAMS 0x00000000c6400000| PB 0x00000000c6400000| Complete 
|  43|0x00000000c6500000, 0x00000000c6600000, 0x00000000c6600000|100%| E|CS|TAMS 0x00000000c6500000| PB 0x00000000c6500000| Complete 
|  44|0x00000000c6600000, 0x00000000c6700000, 0x00000000c6700000|100%| E|CS|TAMS 0x00000000c6600000| PB 0x00000000c6600000| Complete 
|  45|0x00000000c6700000, 0x00000000c6800000, 0x00000000c6800000|100%| E|CS|TAMS 0x00000000c6700000| PB 0x00000000c6700000| Complete 
|  46|0x00000000c6800000, 0x00000000c6900000, 0x00000000c6900000|100%| E|CS|TAMS 0x00000000c6800000| PB 0x00000000c6800000| Complete 
|  47|0x00000000c6900000, 0x00000000c6a00000, 0x00000000c6a00000|100%| E|CS|TAMS 0x00000000c6900000| PB 0x00000000c6900000| Complete 
|  48|0x00000000c6a00000, 0x00000000c6b00000, 0x00000000c6b00000|100%| E|CS|TAMS 0x00000000c6a00000| PB 0x00000000c6a00000| Complete 
|  49|0x00000000c6b00000, 0x00000000c6c00000, 0x00000000c6c00000|100%| E|CS|TAMS 0x00000000c6b00000| PB 0x00000000c6b00000| Complete 
|  50|0x00000000c6c00000, 0x00000000c6d00000, 0x00000000c6d00000|100%| E|CS|TAMS 0x00000000c6c00000| PB 0x00000000c6c00000| Complete 
|  51|0x00000000c6d00000, 0x00000000c6e00000, 0x00000000c6e00000|100%| E|CS|TAMS 0x00000000c6d00000| PB 0x00000000c6d00000| Complete 
|  58|0x00000000c7400000, 0x00000000c7500000, 0x00000000c7500000|100%| E|CS|TAMS 0x00000000c7400000| PB 0x00000000c7400000| Complete 
|  61|0x00000000c7700000, 0x00000000c7800000, 0x00000000c7800000|100%| E|CS|TAMS 0x00000000c7700000| PB 0x00000000c7700000| Complete 

Card table byte_map: [0x000001a137b00000,0x000001a137cf0000] _byte_map_base: 0x000001a1374e3000

Marking Bits: (CMBitMap*) 0x000001a11e69e520
 Bits: [0x000001a137cf0000, 0x000001a138c08000)

Polling page: 0x000001a11e730000

Metaspace:

Usage:
  Non-class:     22.98 MB used.
      Class:      3.35 MB used.
       Both:     26.33 MB used.

Virtual space:
  Non-class space:       64.00 MB reserved,      23.25 MB ( 36%) committed,  1 nodes.
      Class space:        1.00 GB reserved,       3.50 MB ( <1%) committed,  1 nodes.
             Both:        1.06 GB reserved,      26.75 MB (  2%) committed. 

Chunk freelists:
   Non-Class:  8.42 MB
       Class:  12.31 MB
        Both:  20.73 MB

MaxMetaspaceSize: unlimited
CompressedClassSpaceSize: 1.00 GB
Initial GC threshold: 21.00 MB
Current GC threshold: 35.25 MB
CDS: on
 - commit_granule_bytes: 65536.
 - commit_granule_words: 8192.
 - virtual_space_node_default_size: 8388608.
 - enlarge_chunks_in_place: 1.
 - use_allocation_guard: 0.


Internal statistics:

num_allocs_failed_limit: 3.
num_arena_births: 482.
num_arena_deaths: 0.
num_vsnodes_births: 2.
num_vsnodes_deaths: 0.
num_space_committed: 428.
num_space_uncommitted: 0.
num_chunks_returned_to_freelist: 3.
num_chunks_taken_from_freelist: 1468.
num_chunk_merges: 0.
num_chunk_splits: 972.
num_chunks_enlarged: 692.
num_inconsistent_stats: 0.

CodeHeap 'non-profiled nmethods': size=120000Kb used=1508Kb max_used=1508Kb free=118491Kb
 bounds [0x000001a12fdb0000, 0x000001a130020000, 0x000001a1372e0000]
CodeHeap 'profiled nmethods': size=120000Kb used=7968Kb max_used=7968Kb free=112031Kb
 bounds [0x000001a1282e0000, 0x000001a128ab0000, 0x000001a12f810000]
CodeHeap 'non-nmethods': size=5760Kb used=1620Kb max_used=1664Kb free=4139Kb
 bounds [0x000001a12f810000, 0x000001a12fa80000, 0x000001a12fdb0000]
 total_blobs=4369 nmethods=3824 adapters=448
 compilation: enabled
              stopped_count=0, restarted_count=0
 full_count=0

Compilation events (20 events):
Event: 5.694 Thread 0x000001a13b1c1320 nmethod 3817 0x000001a128a9ca10 code [0x000001a128a9cd60, 0x000001a128a9ec68]
Event: 5.694 Thread 0x000001a13b1c1320 3818       3       org.springframework.beans.BeanMetadataAttributeAccessor::setAttribute (15 bytes)
Event: 5.695 Thread 0x000001a13b1c1320 nmethod 3818 0x000001a128a9f390 code [0x000001a128a9f5a0, 0x000001a128a9fcb8]
Event: 5.705 Thread 0x000001a13b1c1320 3819   !   3       org.springframework.beans.factory.support.DefaultSingletonBeanRegistry::getSingleton (181 bytes)
Event: 5.706 Thread 0x000001a13b1c1320 nmethod 3819 0x000001a128a9ff10 code [0x000001a128aa01e0, 0x000001a128aa1270]
Event: 5.723 Thread 0x000001a13b1c1320 3821       3       java.lang.invoke.InvokerBytecodeGenerator::<init> (80 bytes)
Event: 5.723 Thread 0x000001a13b1c1320 nmethod 3821 0x000001a128aa1890 code [0x000001a128aa1a60, 0x000001a128aa1e00]
Event: 5.731 Thread 0x000001a13b1c1320 3823       3       java.lang.reflect.AnnotatedElement::isAnnotationPresent (16 bytes)
Event: 5.732 Thread 0x000001a13b1c1320 nmethod 3823 0x000001a128aa2090 code [0x000001a128aa2240, 0x000001a128aa2460]
Event: 5.732 Thread 0x000001a13b1c1320 3825       3       java.lang.reflect.Executable::getAnnotation (23 bytes)
Event: 5.732 Thread 0x000001a13b1c1320 nmethod 3825 0x000001a128aa2510 code [0x000001a128aa2740, 0x000001a128aa2dd8]
Event: 5.732 Thread 0x000001a13b1c1320 3826       1       org.springframework.core.annotation.AnnotationFilter$1::matches (2 bytes)
Event: 5.732 Thread 0x000001a13b1c1320 nmethod 3826 0x000001a12ff28810 code [0x000001a12ff289a0, 0x000001a12ff28a68]
Event: 5.732 Thread 0x000001a13b1c1320 3822       3       java.lang.reflect.AccessibleObject::isAnnotationPresent (6 bytes)
Event: 5.732 Thread 0x000001a13b1c1320 nmethod 3822 0x000001a128aa3010 code [0x000001a128aa31c0, 0x000001a128aa3440]
Event: 5.732 Thread 0x000001a13b1c1320 3824       3       java.lang.reflect.Method::getAnnotation (6 bytes)
Event: 5.733 Thread 0x000001a13b1c1320 nmethod 3824 0x000001a128aa3510 code [0x000001a128aa3740, 0x000001a128aa3e38]
Event: 5.750 Thread 0x000001a13b1c1320 3827       1       org.springframework.beans.factory.config.SmartInstantiationAwareBeanPostProcessor::predictBeanType (2 bytes)
Event: 5.750 Thread 0x000001a13b1c1320 nmethod 3827 0x000001a12ff28b10 code [0x000001a12ff28ca0, 0x000001a12ff28d70]
Event: 5.753 Thread 0x000001a13b1c1320 3828       3       org.springframework.core.ResolvableType::<init> (39 bytes)

GC Heap History (12 events):
Event: 1.257 GC heap before
{Heap before GC invocations=0 (full 0):
 garbage-first heap   total 63488K, used 14336K [0x00000000c3a00000, 0x0000000100000000)
  region size 1024K, 13 young (13312K), 0 survivors (0K)
 Metaspace       used 2871K, committed 3008K, reserved 1114112K
  class space    used 282K, committed 320K, reserved 1048576K
}
Event: 1.265 GC heap after
{Heap after GC invocations=1 (full 0):
 garbage-first heap   total 63488K, used 7296K [0x00000000c3a00000, 0x0000000100000000)
  region size 1024K, 2 young (2048K), 2 survivors (2048K)
 Metaspace       used 2871K, committed 3008K, reserved 1114112K
  class space    used 282K, committed 320K, reserved 1048576K
}
Event: 1.914 GC heap before
{Heap before GC invocations=1 (full 0):
 garbage-first heap   total 63488K, used 20608K [0x00000000c3a00000, 0x0000000100000000)
  region size 1024K, 15 young (15360K), 2 survivors (2048K)
 Metaspace       used 6293K, committed 6528K, reserved 1114112K
  class space    used 715K, committed 832K, reserved 1048576K
}
Event: 1.917 GC heap after
{Heap after GC invocations=2 (full 0):
 garbage-first heap   total 63488K, used 8358K [0x00000000c3a00000, 0x0000000100000000)
  region size 1024K, 1 young (1024K), 1 survivors (1024K)
 Metaspace       used 6293K, committed 6528K, reserved 1114112K
  class space    used 715K, committed 832K, reserved 1048576K
}
Event: 3.344 GC heap before
{Heap before GC invocations=2 (full 0):
 garbage-first heap   total 63488K, used 34982K [0x00000000c3a00000, 0x0000000100000000)
  region size 1024K, 28 young (28672K), 1 survivors (1024K)
 Metaspace       used 13335K, committed 13696K, reserved 1114112K
  class space    used 1773K, committed 1920K, reserved 1048576K
}
Event: 3.349 GC heap after
{Heap after GC invocations=3 (full 0):
 garbage-first heap   total 63488K, used 10764K [0x00000000c3a00000, 0x0000000100000000)
  region size 1024K, 4 young (4096K), 4 survivors (4096K)
 Metaspace       used 13335K, committed 13696K, reserved 1114112K
  class space    used 1773K, committed 1920K, reserved 1048576K
}
Event: 3.886 GC heap before
{Heap before GC invocations=3 (full 0):
 garbage-first heap   total 63488K, used 42508K [0x00000000c3a00000, 0x0000000100000000)
  region size 1024K, 36 young (36864K), 4 survivors (4096K)
 Metaspace       used 20638K, committed 20992K, reserved 1114112K
  class space    used 2591K, committed 2752K, reserved 1048576K
}
Event: 3.892 GC heap after
{Heap after GC invocations=4 (full 0):
 garbage-first heap   total 63488K, used 13413K [0x00000000c3a00000, 0x0000000100000000)
  region size 1024K, 5 young (5120K), 5 survivors (5120K)
 Metaspace       used 20638K, committed 20992K, reserved 1114112K
  class space    used 2591K, committed 2752K, reserved 1048576K
}
Event: 3.942 GC heap before
{Heap before GC invocations=4 (full 0):
 garbage-first heap   total 63488K, used 15461K [0x00000000c3a00000, 0x0000000100000000)
  region size 1024K, 8 young (8192K), 5 survivors (5120K)
 Metaspace       used 21112K, committed 21504K, reserved 1114112K
  class space    used 2668K, committed 2880K, reserved 1048576K
}
Event: 3.949 GC heap after
{Heap after GC invocations=5 (full 0):
 garbage-first heap   total 63488K, used 14303K [0x00000000c3a00000, 0x0000000100000000)
  region size 1024K, 1 young (1024K), 1 survivors (1024K)
 Metaspace       used 21112K, committed 21504K, reserved 1114112K
  class space    used 2668K, committed 2880K, reserved 1048576K
}
Event: 5.217 GC heap before
{Heap before GC invocations=6 (full 0):
 garbage-first heap   total 55296K, used 46047K [0x00000000c3a00000, 0x0000000100000000)
  region size 1024K, 32 young (32768K), 1 survivors (1024K)
 Metaspace       used 25227K, committed 25664K, reserved 1114112K
  class space    used 3168K, committed 3328K, reserved 1048576K
}
Event: 5.221 GC heap after
{Heap after GC invocations=7 (full 0):
 garbage-first heap   total 55296K, used 17034K [0x00000000c3a00000, 0x0000000100000000)
  region size 1024K, 4 young (4096K), 4 survivors (4096K)
 Metaspace       used 25227K, committed 25664K, reserved 1114112K
  class space    used 3168K, committed 3328K, reserved 1048576K
}

Dll operation events (12 events):
Event: 0.025 Loaded shared library C:\Program Files\Java\jdk-21.0.10\bin\java.dll
Event: 0.101 Loaded shared library C:\Program Files\Java\jdk-21.0.10\bin\jsvml.dll
Event: 0.285 Loaded shared library C:\Program Files\Java\jdk-21.0.10\bin\zip.dll
Event: 0.291 Loaded shared library C:\Program Files\Java\jdk-21.0.10\bin\instrument.dll
Event: 0.302 Loaded shared library C:\Program Files\Java\jdk-21.0.10\bin\net.dll
Event: 0.304 Loaded shared library C:\Program Files\Java\jdk-21.0.10\bin\nio.dll
Event: 0.310 Loaded shared library C:\Program Files\Java\jdk-21.0.10\bin\zip.dll
Event: 0.631 Loaded shared library C:\Program Files\Java\jdk-21.0.10\bin\extnet.dll
Event: 0.723 Loaded shared library C:\Program Files\Java\jdk-21.0.10\bin\jimage.dll
Event: 1.470 Loaded shared library C:\Program Files\Java\jdk-21.0.10\bin\management.dll
Event: 1.482 Loaded shared library C:\Program Files\Java\jdk-21.0.10\bin\management_ext.dll
Event: 4.048 Loaded shared library C:\Program Files\Java\jdk-21.0.10\bin\sunmscapi.dll

Deoptimization events (20 events):
Event: 4.400 Thread 0x000001a13bc9ffe0 Uncommon trap: trap_request=0xffffffde fr.pc=0x000001a12fdbdcc8 relative=0x00000000000001a8
Event: 4.400 Thread 0x000001a13bc9ffe0 Uncommon trap: reason=class_check action=maybe_recompile pc=0x000001a12fdbdcc8 method=java.lang.String.equals(Ljava/lang/Object;)Z @ 8 c2
Event: 4.400 Thread 0x000001a13bc9ffe0 DEOPT PACKING pc=0x000001a12fdbdcc8 sp=0x00000046274fdac0
Event: 4.400 Thread 0x000001a13bc9ffe0 DEOPT UNPACKING pc=0x000001a12f867da2 sp=0x00000046274fda48 mode 2
Event: 4.622 Thread 0x000001a13bc9ffe0 DEOPT PACKING pc=0x000001a128350fc1 sp=0x00000046274fd6a0
Event: 4.622 Thread 0x000001a13bc9ffe0 DEOPT UNPACKING pc=0x000001a12f8688e2 sp=0x00000046274fcba0 mode 0
Event: 5.128 Thread 0x000001a13bc9ffe0 DEOPT PACKING pc=0x000001a12878dbb0 sp=0x00000046274fdec0
Event: 5.128 Thread 0x000001a13bc9ffe0 DEOPT UNPACKING pc=0x000001a12f8688e2 sp=0x00000046274fd378 mode 0
Event: 5.539 Thread 0x000001a13bc9ffe0 Uncommon trap: trap_request=0xffffff45 fr.pc=0x000001a12ff16e70 relative=0x0000000000000e70
Event: 5.539 Thread 0x000001a13bc9ffe0 Uncommon trap: reason=unstable_if action=reinterpret pc=0x000001a12ff16e70 method=org.springframework.core.ResolvableType$1.isAssignableFrom(Ljava/lang/Class;)Z @ 15 c2
Event: 5.539 Thread 0x000001a13bc9ffe0 DEOPT PACKING pc=0x000001a12ff16e70 sp=0x00000046274fdf70
Event: 5.539 Thread 0x000001a13bc9ffe0 DEOPT UNPACKING pc=0x000001a12f867da2 sp=0x00000046274fded0 mode 2
Event: 5.592 Thread 0x000001a13bc9ffe0 Uncommon trap: trap_request=0xffffff45 fr.pc=0x000001a12ff1fda8 relative=0x0000000000000488
Event: 5.592 Thread 0x000001a13bc9ffe0 Uncommon trap: reason=unstable_if action=reinterpret pc=0x000001a12ff1fda8 method=org.springframework.beans.factory.support.AbstractBeanFactory.getBeanPostProcessorCache()Lorg/springframework/beans/factory/support/AbstractBeanFactory$BeanPostProcessorCach
Event: 5.592 Thread 0x000001a13bc9ffe0 DEOPT PACKING pc=0x000001a12ff1fda8 sp=0x00000046274fe3f0
Event: 5.592 Thread 0x000001a13bc9ffe0 DEOPT UNPACKING pc=0x000001a12f867da2 sp=0x00000046274fe2b0 mode 2
Event: 5.705 Thread 0x000001a13bc9ffe0 Uncommon trap: trap_request=0xffffff45 fr.pc=0x000001a12ff13640 relative=0x0000000000000280
Event: 5.705 Thread 0x000001a13bc9ffe0 Uncommon trap: reason=unstable_if action=reinterpret pc=0x000001a12ff13640 method=org.springframework.beans.factory.support.DefaultSingletonBeanRegistry.getSingleton(Ljava/lang/String;Z)Ljava/lang/Object; @ 20 c2
Event: 5.705 Thread 0x000001a13bc9ffe0 DEOPT PACKING pc=0x000001a12ff13640 sp=0x00000046274fd170
Event: 5.705 Thread 0x000001a13bc9ffe0 DEOPT UNPACKING pc=0x000001a12f867da2 sp=0x00000046274fd100 mode 2

Classes loaded (20 events):
Event: 4.051 Loading class com/sun/security/sasl/Provider$ProviderService
Event: 4.051 Loading class com/sun/security/sasl/Provider$ProviderService done
Event: 4.213 Loading class java/security/AccessControlException
Event: 4.213 Loading class java/security/AccessControlException done
Event: 4.221 Loading class java/beans/PropertyVetoException
Event: 4.221 Loading class java/beans/PropertyVetoException done
Event: 4.994 Loading class java/lang/UnsupportedClassVersionError
Event: 4.995 Loading class java/lang/ClassFormatError
Event: 4.995 Loading class java/lang/ClassFormatError done
Event: 4.995 Loading class java/lang/UnsupportedClassVersionError done
Event: 5.263 Loading class java/util/stream/ReferencePipeline$15
Event: 5.264 Loading class java/util/stream/ReferencePipeline$15 done
Event: 5.264 Loading class java/util/stream/ReferencePipeline$15$1
Event: 5.265 Loading class java/util/stream/ReferencePipeline$15$1 done
Event: 5.548 Loading class java/io/FileFilter
Event: 5.548 Loading class java/io/FileFilter done
Event: 5.576 Loading class java/net/SocketException
Event: 5.576 Loading class java/net/SocketException done
Event: 5.701 Loading class javax/naming/NameNotFoundException
Event: 5.701 Loading class javax/naming/NameNotFoundException done

Classes unloaded (0 events):
No events

Classes redefined (0 events):
No events

Internal exceptions (20 events):
Event: 2.961 Thread 0x000001a13bc9ffe0 Exception <a 'java/lang/IncompatibleClassChangeError'{0x00000000c6a5db08}: Found class java.lang.Object, but interface was expected> (0x00000000c6a5db08) 
thrown [s\open\src\hotspot\share\interpreter\linkResolver.cpp, line 840]
Event: 3.436 Thread 0x000001a13bc9ffe0 Exception <a 'java/lang/NoSuchMethodError'{0x00000000c739ad78}: 'int java.lang.invoke.DirectMethodHandle$Holder.invokeSpecial(java.lang.Object, java.lang.Object, java.lang.Object, java.lang.Object, java.lang.Object)'> (0x00000000c739ad78) 
thrown [s\open\src\hotspot\share\interpreter\linkResolver.cpp, line 773]
Event: 3.440 Thread 0x000001a13bc9ffe0 Exception <a 'java/lang/NoSuchMethodError'{0x00000000c73a3538}: 'void java.lang.invoke.DirectMethodHandle$Holder.invokeVirtual(java.lang.Object, java.lang.Object)'> (0x00000000c73a3538) 
thrown [s\open\src\hotspot\share\interpreter\linkResolver.cpp, line 773]
Event: 3.877 Thread 0x000001a13bc9ffe0 Exception <a 'java/lang/IncompatibleClassChangeError'{0x00000000c542cd98}: Found class java.lang.Object, but interface was expected> (0x00000000c542cd98) 
thrown [s\open\src\hotspot\share\interpreter\linkResolver.cpp, line 840]
Event: 3.918 Thread 0x000001a17d38e540 Exception <a 'java/lang/NoSuchMethodError'{0x00000000c76c8178}: 'long java.lang.invoke.DirectMethodHandle$Holder.invokeSpecial(java.lang.Object, java.lang.Object)'> (0x00000000c76c8178) 
thrown [s\open\src\hotspot\share\interpreter\linkResolver.cpp, line 773]
Event: 3.920 Thread 0x000001a17d38e540 Exception <a 'java/lang/NoSuchMethodError'{0x00000000c76d1a30}: 'long java.lang.invoke.DirectMethodHandle$Holder.invokeStatic(java.lang.Object, java.lang.Object)'> (0x00000000c76d1a30) 
thrown [s\open\src\hotspot\share\interpreter\linkResolver.cpp, line 773]
Event: 3.921 Thread 0x000001a17d38e540 Exception <a 'java/lang/NoSuchMethodError'{0x00000000c76d4af8}: 'long java.lang.invoke.DirectMethodHandle$Holder.invokeStaticInit(java.lang.Object, java.lang.Object)'> (0x00000000c76d4af8) 
thrown [s\open\src\hotspot\share\interpreter\linkResolver.cpp, line 773]
Event: 3.923 Thread 0x000001a17d38e540 Exception <a 'java/lang/NoSuchMethodError'{0x00000000c76e08e8}: 'long java.lang.invoke.DirectMethodHandle$Holder.invokeInterface(java.lang.Object, java.lang.Object)'> (0x00000000c76e08e8) 
thrown [s\open\src\hotspot\share\interpreter\linkResolver.cpp, line 773]
Event: 3.923 Thread 0x000001a17d38e540 Exception <a 'java/lang/IncompatibleClassChangeError'{0x00000000c76e38f8}: Found class java.lang.Object, but interface was expected> (0x00000000c76e38f8) 
thrown [s\open\src\hotspot\share\interpreter\linkResolver.cpp, line 840]
Event: 3.927 Thread 0x000001a17d38e540 Exception <a 'java/lang/NoSuchMethodError'{0x00000000c76fc4d8}: 'java.lang.Object java.lang.invoke.DirectMethodHandle$Holder.invokeVirtual(java.lang.Object, java.lang.Object, java.lang.Object, java.lang.Object)'> (0x00000000c76fc4d8) 
thrown [s\open\src\hotspot\share\interpreter\linkResolver.cpp, line 773]
Event: 5.594 Thread 0x000001a13bc9ffe0 Exception <a 'java/lang/NoSuchMethodError'{0x00000000c6765f40}: 'java.lang.Object java.lang.invoke.DirectMethodHandle$Holder.newInvokeSpecial(java.lang.Object, java.lang.Object, java.lang.Object, java.lang.Object, java.lang.Object, java.lang.Object)'> (0x00000000c6765f40) 
thrown [s\open\src\hotspot\share\interpreter\linkResolver.cpp, line 773]
Event: 5.618 Thread 0x000001a13bc9ffe0 Exception <a 'java/lang/NoClassDefFoundError'{0x00000000c67db2d0}: org/flywaydb/core/Flyway> (0x00000000c67db2d0) 
thrown [s\open\src\hotspot\share\classfile\systemDictionary.cpp, line 301]
Event: 5.618 Thread 0x000001a13bc9ffe0 Exception <a 'java/lang/NoClassDefFoundError'{0x00000000c67dc5e8}: liquibase/integration/spring/SpringLiquibase> (0x00000000c67dc5e8) 
thrown [s\open\src\hotspot\share\classfile\systemDictionary.cpp, line 301]
Event: 5.635 Thread 0x000001a13bc9ffe0 Exception <a 'java/lang/NoClassDefFoundError'{0x00000000c6634c68}: org/jooq/DSLContext> (0x00000000c6634c68) 
thrown [s\open\src\hotspot\share\classfile\systemDictionary.cpp, line 301]
Event: 5.679 Thread 0x000001a13bc9ffe0 Exception <a 'java/lang/NoClassDefFoundError'{0x00000000c6442238}: org/springframework/batch/core/repository/JobRepository> (0x00000000c6442238) 
thrown [s\open\src\hotspot\share\classfile\systemDictionary.cpp, line 301]
Event: 5.680 Thread 0x000001a13bc9ffe0 Exception <a 'java/lang/NoClassDefFoundError'{0x00000000c64432d8}: org/quartz/Scheduler> (0x00000000c64432d8) 
thrown [s\open\src\hotspot\share\classfile\systemDictionary.cpp, line 301]
Event: 5.680 Thread 0x000001a13bc9ffe0 Exception <a 'java/lang/NoClassDefFoundError'{0x00000000c6444778}: org/springframework/session/jdbc/JdbcIndexedSessionRepository> (0x00000000c6444778) 
thrown [s\open\src\hotspot\share\classfile\systemDictionary.cpp, line 301]
Event: 5.718 Thread 0x000001a13bc9ffe0 Exception <a 'java/lang/NoSuchMethodError'{0x00000000c632abd8}: 'void java.lang.invoke.DirectMethodHandle$Holder.invokeSpecial(java.lang.Object, java.lang.Object, java.lang.Object, java.lang.Object, java.lang.Object, java.lang.Object)'> (0x00000000c632abd8) 
thrown [s\open\src\hotspot\share\interpreter\linkResolver.cpp, line 773]
Event: 5.725 Thread 0x000001a13bc9ffe0 Exception <a 'java/lang/IncompatibleClassChangeError'{0x00000000c6364f28}: Found class java.lang.Object, but interface was expected> (0x00000000c6364f28) 
thrown [s\open\src\hotspot\share\interpreter\linkResolver.cpp, line 840]
Event: 5.726 Thread 0x000001a13bc9ffe0 Exception <a 'java/lang/IncompatibleClassChangeError'{0x00000000c636bee0}: Found class java.lang.Object, but interface was expected> (0x00000000c636bee0) 
thrown [s\open\src\hotspot\share\interpreter\linkResolver.cpp, line 840]

ZGC Phase Switch (0 events):
No events

VM Operations (20 events):
Event: 4.214 Executing VM operation: HandshakeAllThreads (Deoptimize)
Event: 4.214 Executing VM operation: HandshakeAllThreads (Deoptimize) done
Event: 4.555 Executing VM operation: ICBufferFull
Event: 4.555 Executing VM operation: ICBufferFull done
Event: 4.940 Executing VM operation: ICBufferFull
Event: 4.940 Executing VM operation: ICBufferFull done
Event: 5.140 Executing VM operation: HandshakeAllThreads (Deoptimize)
Event: 5.141 Executing VM operation: HandshakeAllThreads (Deoptimize) done
Event: 5.141 Executing VM operation: HandshakeAllThreads (Deoptimize)
Event: 5.141 Executing VM operation: HandshakeAllThreads (Deoptimize) done
Event: 5.151 Executing VM operation: HandshakeAllThreads (Deoptimize)
Event: 5.151 Executing VM operation: HandshakeAllThreads (Deoptimize) done
Event: 5.153 Executing VM operation: HandshakeAllThreads (Deoptimize)
Event: 5.153 Executing VM operation: HandshakeAllThreads (Deoptimize) done
Event: 5.217 Executing VM operation: G1CollectForAllocation (G1 Evacuation Pause)
Event: 5.221 Executing VM operation: G1CollectForAllocation (G1 Evacuation Pause) done
Event: 5.272 Executing VM operation: HandshakeAllThreads (Deoptimize)
Event: 5.272 Executing VM operation: HandshakeAllThreads (Deoptimize) done
Event: 5.364 Executing VM operation: HandshakeAllThreads (Deoptimize)
Event: 5.364 Executing VM operation: HandshakeAllThreads (Deoptimize) done

Events (18 events):
Event: 0.063 Thread 0x000001a11e664b60 Thread added: 0x000001a11e664b60
Event: 0.093 Thread 0x000001a11e72e7c0 Thread added: 0x000001a11e72e7c0
Event: 0.093 Thread 0x000001a13b1a7190 Thread added: 0x000001a13b1a7190
Event: 0.094 Thread 0x000001a13b1aa3c0 Thread added: 0x000001a13b1aa3c0
Event: 0.094 Thread 0x000001a13b1ab110 Thread added: 0x000001a13b1ab110
Event: 0.094 Thread 0x000001a13b1adc70 Thread added: 0x000001a13b1adc70
Event: 0.094 Thread 0x000001a13b1ae7c0 Thread added: 0x000001a13b1ae7c0
Event: 0.094 Thread 0x000001a13b1bcb60 Thread added: 0x000001a13b1bcb60
Event: 0.094 Thread 0x000001a13b1c1320 Thread added: 0x000001a13b1c1320
Event: 0.298 Thread 0x000001a13b5acc30 Thread added: 0x000001a13b5acc30
Event: 0.613 Thread 0x000001a13b79c910 Thread added: 0x000001a13b79c910
Event: 0.614 Thread 0x000001a13b79cf80 Thread added: 0x000001a13b79cf80
Event: 1.602 Thread 0x000001a17d025060 Thread added: 0x000001a17d025060
Event: 1.614 Thread 0x000001a13bc9ffe0 Thread added: 0x000001a13bc9ffe0
Event: 2.567 Thread 0x000001a17d38e540 Thread added: 0x000001a17d38e540
Event: 3.739 Thread 0x000001a17dd9be20 Thread added: 0x000001a17dd9be20
Event: 3.858 Thread 0x000001a17dd9be20 Thread exited: 0x000001a17dd9be20
Event: 4.056 Thread 0x000001a17d38e540 Thread exited: 0x000001a17d38e540


Dynamic libraries:
0x00007ff633800000 - 0x00007ff633810000 	C:\Program Files\Java\jdk-21.0.10\bin\java.exe
0x00007ff96c670000 - 0x00007ff96c865000 	C:\Windows\SYSTEM32\ntdll.dll
0x00007ff96b4a0000 - 0x00007ff96b55d000 	C:\Windows\System32\KERNEL32.DLL
0x00007ff96a380000 - 0x00007ff96a649000 	C:\Windows\System32\KERNELBASE.dll
0x00007ff969fc0000 - 0x00007ff96a0c0000 	C:\Windows\System32\ucrtbase.dll
0x00007ff951a90000 - 0x00007ff951aa9000 	C:\Program Files\Java\jdk-21.0.10\bin\jli.dll
0x00007ff96c030000 - 0x00007ff96c0dc000 	C:\Windows\System32\ADVAPI32.dll
0x00007ff96b9b0000 - 0x00007ff96ba4e000 	C:\Windows\System32\msvcrt.dll
0x00007ff95b0e0000 - 0x00007ff95b0fe000 	C:\Program Files\Java\jdk-21.0.10\bin\VCRUNTIME140.dll
0x00007ff96bf70000 - 0x00007ff96c00b000 	C:\Windows\System32\sechost.dll
0x00007ff96a740000 - 0x00007ff96a86a000 	C:\Windows\System32\RPCRT4.dll
0x00007ff96aa60000 - 0x00007ff96ac00000 	C:\Windows\System32\USER32.dll
0x00007ff969f60000 - 0x00007ff969f82000 	C:\Windows\System32\win32u.dll
0x00007ff96a870000 - 0x00007ff96a89a000 	C:\Windows\System32\GDI32.dll
0x00007ff96a170000 - 0x00007ff96a27b000 	C:\Windows\System32\gdi32full.dll
0x00007ff96a2e0000 - 0x00007ff96a37d000 	C:\Windows\System32\msvcp_win.dll
0x00007ff955fe0000 - 0x00007ff95627a000 	C:\Windows\WinSxS\amd64_microsoft.windows.common-controls_6595b64144ccf1df_6.0.19041.1110_none_60b5254171f9507e\COMCTL32.dll
0x00007ff961220000 - 0x00007ff96122a000 	C:\Windows\SYSTEM32\VERSION.dll
0x00007ff96c0e0000 - 0x00007ff96c110000 	C:\Windows\System32\IMM32.DLL
0x00007ff9582c0000 - 0x00007ff9582cc000 	C:\Program Files\Java\jdk-21.0.10\bin\vcruntime140_1.dll
0x00007ff93fd90000 - 0x00007ff93fe1d000 	C:\Program Files\Java\jdk-21.0.10\bin\msvcp140.dll
0x00007ff9359d0000 - 0x00007ff9366f7000 	C:\Program Files\Java\jdk-21.0.10\bin\server\jvm.dll
0x00007ff96b940000 - 0x00007ff96b9ab000 	C:\Windows\System32\WS2_32.dll
0x00007ff956360000 - 0x00007ff956387000 	C:\Windows\SYSTEM32\WINMM.dll
0x00007ff969c20000 - 0x00007ff969c6b000 	C:\Windows\SYSTEM32\POWRPROF.dll
0x00007ff969c00000 - 0x00007ff969c12000 	C:\Windows\SYSTEM32\UMPDC.dll
0x00007ff968670000 - 0x00007ff968682000 	C:\Windows\SYSTEM32\kernel.appcore.dll
0x00007ff954470000 - 0x00007ff95447a000 	C:\Program Files\Java\jdk-21.0.10\bin\jimage.dll
0x00007ff968370000 - 0x00007ff968554000 	C:\Windows\SYSTEM32\DBGHELP.DLL
0x00007ff951a10000 - 0x00007ff951a3c000 	C:\Windows\SYSTEM32\dbgcore.DLL
0x00007ff96a650000 - 0x00007ff96a6d3000 	C:\Windows\System32\bcryptPrimitives.dll
0x00007ff9654b0000 - 0x00007ff9654c0000 	C:\Program Files\Java\jdk-21.0.10\bin\instrument.dll
0x00007ff94f660000 - 0x00007ff94f681000 	C:\Program Files\Java\jdk-21.0.10\bin\java.dll
0x00007ff96ad00000 - 0x00007ff96b43f000 	C:\Windows\System32\SHELL32.dll
0x00007ff967b00000 - 0x00007ff968291000 	C:\Windows\SYSTEM32\windows.storage.dll
0x00007ff96b5e0000 - 0x00007ff96b935000 	C:\Windows\System32\combase.dll
0x00007ff969750000 - 0x00007ff96977c000 	C:\Windows\SYSTEM32\Wldp.dll
0x00007ff96bec0000 - 0x00007ff96bf6e000 	C:\Windows\System32\SHCORE.dll
0x00007ff96a6e0000 - 0x00007ff96a735000 	C:\Windows\System32\shlwapi.dll
0x00007ff969cf0000 - 0x00007ff969d0f000 	C:\Windows\SYSTEM32\profapi.dll
0x00007ff93c430000 - 0x00007ff93c507000 	C:\Program Files\Java\jdk-21.0.10\bin\jsvml.dll
0x00007ff9447e0000 - 0x00007ff9447f8000 	C:\Program Files\Java\jdk-21.0.10\bin\zip.dll
0x00007ff94ec00000 - 0x00007ff94ec11000 	C:\Program Files\Java\jdk-21.0.10\bin\net.dll
0x00007ff9583a0000 - 0x00007ff9584aa000 	C:\Windows\SYSTEM32\WINHTTP.dll
0x00007ff9694b0000 - 0x00007ff96951a000 	C:\Windows\system32\mswsock.dll
0x00007ff94e350000 - 0x00007ff94e366000 	C:\Program Files\Java\jdk-21.0.10\bin\nio.dll
0x00007ff950120000 - 0x00007ff950129000 	C:\Program Files\Java\jdk-21.0.10\bin\extnet.dll
0x00007ff9654a0000 - 0x00007ff9654aa000 	C:\Program Files\Java\jdk-21.0.10\bin\management.dll
0x00007ff965490000 - 0x00007ff96549c000 	C:\Program Files\Java\jdk-21.0.10\bin\management_ext.dll
0x00007ff96ac00000 - 0x00007ff96ac08000 	C:\Windows\System32\PSAPI.DLL
0x00007ff965410000 - 0x00007ff96541e000 	C:\Program Files\Java\jdk-21.0.10\bin\sunmscapi.dll
0x00007ff969db0000 - 0x00007ff969f0f000 	C:\Windows\System32\CRYPT32.dll
0x00007ff9697c0000 - 0x00007ff9697e7000 	C:\Windows\SYSTEM32\ncrypt.dll
0x00007ff969780000 - 0x00007ff9697bb000 	C:\Windows\SYSTEM32\NTASN1.dll

dbghelp: loaded successfully - version: 4.0.5 - missing functions: none
symbol engine: initialized successfully - sym options: 0x614 - pdb path: .;C:\Program Files\Java\jdk-21.0.10\bin;C:\Windows\SYSTEM32;C:\Windows\WinSxS\amd64_microsoft.windows.common-controls_6595b64144ccf1df_6.0.19041.1110_none_60b5254171f9507e;C:\Program Files\Java\jdk-21.0.10\bin\server

VM Arguments:
jvm_args: -javaagent:C:\Program Files\JetBrains\IntelliJ IDEA 2025.2.4\lib\idea_rt.jar=63532 -Dfile.encoding=UTF-8 -Dsun.stdout.encoding=UTF-8 -Dsun.stderr.encoding=UTF-8 
java_command: com.trabalho.tag.TagApplication
java_class_path (initial): C:\Users\cesar\Downloads\ProjMuttley\ProjMuttley1.0\ProjetoMuttley-datasSeparadas\codigoMuttleyCertifcado-main\ProjetoMuttley-comCertificados\projeto\target\classes;C:\Users\cesar\.m2\repository\org\springframework\boot\spring-boot-starter-data-jpa\3.5.14\spring-boot-starter-data-jpa-3.5.14.jar;C:\Users\cesar\.m2\repository\org\springframework\boot\spring-boot-starter\3.5.14\spring-boot-starter-3.5.14.jar;C:\Users\cesar\.m2\repository\org\springframework\boot\spring-boot-starter-logging\3.5.14\spring-boot-starter-logging-3.5.14.jar;C:\Users\cesar\.m2\repository\ch\qos\logback\logback-classic\1.5.32\logback-classic-1.5.32.jar;C:\Users\cesar\.m2\repository\ch\qos\logback\logback-core\1.5.32\logback-core-1.5.32.jar;C:\Users\cesar\.m2\repository\org\apache\logging\log4j\log4j-to-slf4j\2.24.3\log4j-to-slf4j-2.24.3.jar;C:\Users\cesar\.m2\repository\org\apache\logging\log4j\log4j-api\2.24.3\log4j-api-2.24.3.jar;C:\Users\cesar\.m2\repository\org\slf4j\jul-to-slf4j\2.0.17\jul-to-slf4j-2.0.17.jar;C:\Users\cesar\.m2\repository\jakarta\annotation\jakarta.annotation-api\2.1.1\jakarta.annotation-api-2.1.1.jar;C:\Users\cesar\.m2\repository\org\yaml\snakeyaml\2.4\snakeyaml-2.4.jar;C:\Users\cesar\.m2\repository\org\springframework\boot\spring-boot-starter-jdbc\3.5.14\spring-boot-starter-jdbc-3.5.14.jar;C:\Users\cesar\.m2\repository\com\zaxxer\HikariCP\6.3.3\HikariCP-6.3.3.jar;C:\Users\cesar\.m2\repository\org\springframework\spring-jdbc\6.2.18\spring-jdbc-6.2.18.jar;C:\Users\cesar\.m2\repository\org\hibernate\orm\hibernate-core\6.6.49.Final\hibernate-core-6.6.49.Final.jar;C:\Users\cesar\.m2\repository\jakarta\persistence\jakarta.persistence-api\3.1.0\jakarta.persistence-api-3.1.0.jar;C:\Users\cesar\.m2\repository\jakarta\transaction\jakarta.transaction-api\2.0.1\jakarta.transaction-api-2.0.1.jar;C:\Users\cesar\.m2\repository\org\jboss\logging\jboss-logging\3.6.3.Final\jboss-logging-3.6.3.Final.jar;C:\Users\cesar\.m2\repository\org\hibernate\common\hibernate-commons-annotations\7.0.3.Final\hibernate-commons-annotations-7.0.3.Final.jar;C:\Users\cesar\.m2\repository\io\smallrye\jandex\3.2.0\jandex-3.2.0.jar;C:\Users\cesar\.m2\repository\com\fasterxml\classmate\1.7.3\classmate-1.7.3.jar;C:\Users\cesar\.m2\repository\net\bytebuddy\byte-buddy\1.17.8\byte-buddy-1.17.8.jar;C:\Users\cesar\.m2\repository\org\glassfish\jaxb\jaxb-runtime\4.0.6\jaxb-runtime-4.0.6.jar;C:\Users\cesar\.m2\repository\org\glassfish\jaxb\jaxb-core\4.0.6\jaxb-core-4.0.6.jar;C:\Users\cesar\.m2\repository\org\glassfish\jaxb\txw2\4.0.6\txw2-4.0.6.jar;C:\Users\cesar\.m2\repository\com\sun\istack\istack-commons-runtime\4.1.2\istack-commons-runtime-4.1.2.jar;C:\Users\cesar\.m2\repository\jakarta\inject\jakarta.inject-api\2.0.1\jakarta.inject-api-2.0.1.jar;C:\Users\cesar\.m2\repository\org\antlr\antlr4-runtime\4.13.0\antlr4-runtime-4.13.0.jar;C:\Users\cesar\.m2\repository\org\springframework\data\spring-data-jpa\3.5.11\spring-data-jpa-3.5.11.jar;C:\Users\cesar\.m2\repository\org\springframework\data\spring-data-commons\3.5.11\spring-data-commons-3.5.11.jar;C:\Users\cesar\.m2\repository\org\springframework\spring-orm\6.2.18\spring-orm-6.2.18.jar;C:\Users\cesar\.m2\repository\org\springframework\spring-context\6.2.18\spring-context-6.2.18.jar;C:\Users\cesar\.m2\repository\org\springframework\spring-aop\6.2.18\spring-aop-6.2.18.jar;C:\Users\cesar\.m2\repository\org\springframework\spring-tx\6.2.18\spring-tx-6.2.18.jar;C:\Users\cesar\.m2\repository\org\springframework\spring-beans\6.2.18\spring-beans-6.2.18.jar;C:\Users\cesar\.m2\repository\org\slf4j\slf4j-api\2.0.17\slf4j-api-2.0.17.jar;C:\Users\cesar\.m2\repository\org\springframework\spring-aspects\6.2.18\spring-aspects-6.2.18.jar;C:\Users\cesar\.m2\repository\org\aspectj\aspectjweaver\1.9.25.1\aspectjweaver-1.9.25.1.jar;C:\Users\cesar\.m2\repository\org\springframework\boot\spring-boot-starter-thymeleaf\3.5.14\spring-boot-starter-thymeleaf-3.5.14.jar;C:\Users\cesar\.m2\repository\org\thymeleaf\thymeleaf-spring6\3.1.5.RELEASE\thymeleaf-spring6-3.1.5.RELEASE.jar;C:\Users\cesar\.m2\repository\org\thymeleaf\thymeleaf\3.1.5.RELEASE\thymeleaf-3.1.5.RELEASE.jar;C:\Users\cesar\.m2\repository\org\attoparser\attoparser\2.0.7.RELEASE\attoparser-2.0.7.RELEASE.jar;C:\Users\cesar\.m2\repository\org\unbescape\unbescape\1.1.6.RELEASE\unbescape-1.1.6.RELEASE.jar;C:\Users\cesar\.m2\repository\org\springframework\boot\spring-boot-starter-web\3.5.14\spring-boot-starter-web-3.5.14.jar;C:\Users\cesar\.m2\repository\org\springframework\boot\spring-boot-starter-json\3.5.14\spring-boot-starter-json-3.5.14.jar;C:\Users\cesar\.m2\repository\com\fasterxml\jackson\core\jackson-databind\2.21.2\jackson-databind-2.21.2.jar;C:\Users\cesar\.m2\repository\com\fasterxml\jackson\core\jackson-annotations\2.21\jackson-annotations-2.21.jar;C:\Users\cesar\.m2\repository\com\fasterxml\jackson\core\jackson-core\2.21.2\jackson-core-2.21.2.jar;C:\Users\cesar\.m2\repository\com\fasterxml\jackson\datatype\jackson-datatype-jdk8\2.21.2\jackson-datatype-jdk8-2.21.2.jar;C:\Users\cesar\.m2\repository\com\fasterxml\jackson\datatype\jackson-datatype-jsr310\2.21.2\jackson-datatype-jsr310-2.21.2.jar;C:\Users\cesar\.m2\repository\com\fasterxml\jackson\module\jackson-module-parameter-names\2.21.2\jackson-module-parameter-names-2.21.2.jar;C:\Users\cesar\.m2\repository\org\springframework\boot\spring-boot-starter-tomcat\3.5.14\spring-boot-starter-tomcat-3.5.14.jar;C:\Users\cesar\.m2\repository\org\apache\tomcat\embed\tomcat-embed-core\10.1.54\tomcat-embed-core-10.1.54.jar;C:\Users\cesar\.m2\repository\org\apache\tomcat\embed\tomcat-embed-websocket\10.1.54\tomcat-embed-websocket-10.1.54.jar;C:\Users\cesar\.m2\repository\org\springframework\spring-web\6.2.18\spring-web-6.2.18.jar;C:\Users\cesar\.m2\repository\io\micrometer\micrometer-observation\1.15.11\micrometer-observation-1.15.11.jar;C:\Users\cesar\.m2\repository\io\micrometer\micrometer-commons\1.15.11\micrometer-commons-1.15.11.jar;C:\Users\cesar\.m2\repository\org\springframework\spring-webmvc\6.2.18\spring-webmvc-6.2.18.jar;C:\Users\cesar\.m2\repository\org\springframework\spring-expression\6.2.18\spring-expression-6.2.18.jar;C:\Users\cesar\.m2\repository\org\springframework\boot\spring-boot-starter-validation\3.5.14\spring-boot-starter-validation-3.5.14.jar;C:\Users\cesar\.m2\repository\org\apache\tomcat\embed\tomcat-embed-el\10.1.54\tomcat-embed-el-10.1.54.jar;C:\Users\cesar\.m2\repository\org\hibernate\validator\hibernate-validator\8.0.3.Final\hibernate-validator-8.0.3.Final.jar;C:\Users\cesar\.m2\repository\jakarta\validation\jakarta.validation-api\3.0.2\jakarta.validation-api-3.0.2.jar;C:\Users\cesar\.m2\repository\org\springframework\boot\spring-boot-devtools\3.5.14\spring-boot-devtools-3.5.14.jar;C:\Users\cesar\.m2\repository\org\springframework\boot\spring-boot\3.5.14\spring-boot-3.5.14.jar;C:\Users\cesar\.m2\repository\org\springframework\boot\spring-boot-autoconfigure\3.5.14\spring-boot-autoconfigure-3.5.14.jar;C:\Users\cesar\.m2\repository\com\microsoft\sqlserver\mssql-jdbc\12.10.2.jre11\mssql-jdbc-12.10.2.jre11.jar;C:\Users\cesar\.m2\repository\jakarta\xml\bind\jakarta.xml.bind-api\4.0.4\jakarta.xml.bind-api-4.0.4.jar;C:\Users\cesar\.m2\repository\jakarta\activation\jakarta.activation-api\2.1.4\jakarta.activation-api-2.1.4.jar;C:\Users\cesar\.m2\repository\org\springframework\spring-core\6.2.18\spring-core-6.2.18.jar;C:\Users\cesar\.m2\repository\org\springframework\spring-jcl\6.2.18\spring-jcl-6.2.18.jar;C:\Users\cesar\.m2\repository\org\springframework\boot\spring-boot-starter-mail\3.5.14\spring-boot-starter-mail-3.5.14.jar;C:\Users\cesar\.m2\repository\org\springframework\spring-context-support\6.2.18\spring-context-support-6.2.18.jar;C:\Users\cesar\.m2\repository\org\eclipse\angus\jakarta.mail\2.0.5\jakarta.mail-2.0.5.jar;C:\Users\cesar\.m2\repository\org\eclipse\angus\angus-activation\2.0.3\angus-activation-2.0.3.jar;C:\Users\cesar\.m2\repository\com\itextpdf\barcodes\8.0.5\barcodes-8.0.5.jar;C:\Users\cesar\.m2\repository\com\itextpdf\font-asian\8.0.5\font-asian-8.0.5.jar;C:\Users\cesar\.m2\repository\com\itextpdf\forms\8.0.5\forms-8.0.5.jar;C:\Users\cesar\.m2\repository\com\itextpdf\hyph\8.0.5\hyph-8.0.5.jar;C:\Users\cesar\.m2\repository\com\itextpdf\io\8.0.5\io-8.0.5.jar;C:\Users\cesar\.m2\repository\com\itextpdf\commons\8.0.5\commons-8.0.5.jar;C:\Users\cesar\.m2\repository\com\itextpdf\kernel\8.0.5\kernel-8.0.5.jar;C:\Users\cesar\.m2\repository\com\itextpdf\layout\8.0.5\layout-8.0.5.jar;C:\Users\cesar\.m2\repository\com\itextpdf\pdfa\8.0.5\pdfa-8.0.5.jar;C:\Users\cesar\.m2\repository\com\itextpdf\sign\8.0.5\sign-8.0.5.jar;C:\Users\cesar\.m2\repository\com\itextpdf\styled-xml-parser\8.0.5\styled-xml-parser-8.0.5.jar;C:\Users\cesar\.m2\repository\com\itextpdf\svg\8.0.5\svg-8.0.5.jar;C:\Users\cesar\.m2\repository\com\itextpdf\bouncy-castle-connector\8.0.5\bouncy-castle-connector-8.0.5.jar;C:\Users\cesar\.m2\repository\com\itextpdf\pdfua\8.0.5\pdfua-8.0.5.jar
Launcher Type: SUN_STANDARD

[Global flags]
     intx CICompilerCount                          = 3                                         {product} {ergonomic}
     uint ConcGCThreads                            = 1                                         {product} {ergonomic}
     uint G1ConcRefinementThreads                  = 4                                         {product} {ergonomic}
   size_t G1HeapRegionSize                         = 1048576                                   {product} {ergonomic}
    uintx GCDrainStackTargetSize                   = 64                                        {product} {ergonomic}
   size_t InitialHeapSize                          = 65011712                                  {product} {ergonomic}
   size_t MarkStackSize                            = 4194304                                   {product} {ergonomic}
   size_t MaxHeapSize                              = 1012924416                                {product} {ergonomic}
   size_t MaxNewSize                               = 607125504                                 {product} {ergonomic}
   size_t MinHeapDeltaBytes                        = 1048576                                   {product} {ergonomic}
   size_t MinHeapSize                              = 8388608                                   {product} {ergonomic}
    uintx NonNMethodCodeHeapSize                   = 5832780                                {pd product} {ergonomic}
    uintx NonProfiledCodeHeapSize                  = 122912730                              {pd product} {ergonomic}
    uintx ProfiledCodeHeapSize                     = 122912730                              {pd product} {ergonomic}
    uintx ReservedCodeCacheSize                    = 251658240                              {pd product} {ergonomic}
     bool SegmentedCodeCache                       = true                                      {product} {ergonomic}
   size_t SoftMaxHeapSize                          = 1012924416                             {manageable} {ergonomic}
     bool UseCompressedOops                        = true                           {product lp64_product} {ergonomic}
     bool UseG1GC                                  = true                                      {product} {ergonomic}
     bool UseLargePagesIndividualAllocation        = false                                  {pd product} {ergonomic}

Logging:
Log output configuration:
 #0: stdout all=warning uptime,level,tags foldmultilines=false
 #1: stderr all=off uptime,level,tags foldmultilines=false

Environment Variables:
JAVA_HOME=C:\Users\cesar\Downloads\Java\jdk-21.0.6+7
PATH=C:\Program Files\Microsoft MPI\Bin\;C:\Program Files\Common Files\Oracle\Java\javapath;C:\Program Files (x86)\Common Files\Oracle\Java\java8path;C:\Program Files (x86)\Common Files\Oracle\Java\javapath;C:\Windows\system32;C:\Windows;C:\Windows\System32\Wbem;C:\Windows\System32\WindowsPowerShell\v1.0\;C:\Windows\System32\OpenSSH\;%JAVA_HOME%\bin;C:\Program Files (x86)\Microsoft SQL Server\170\Tools\Binn\;C:\Program Files\Microsoft SQL Server\170\Tools\Binn\;C:\Program Files\Microsoft SQL Server\Client SDK\ODBC\180\Tools\Binn\;C:\Program Files\Microsoft SQL Server\170\DTS\Binn\;C:\Program Files\Microsoft SQL Server\Client SDK\ODBC\170\Tools\Binn\;C:\Program Files (x86)\Microsoft SQL Server\150\Tools\Binn\;C:\Program Files\Microsoft SQL Server\150\Tools\Binn\;C:\Program Files\Microsoft SQL Server\150\DTS\Binn\;C:\Program Files\Git\cmd;C:\Program Files\nodejs\;C:\Program Files\Microsoft SQL Server\Client SDK\ODBC\130\Tools\Binn\;C:\Program Files (x86)\Microsoft SQL Server\160\Tools\Binn\;C:\Program Files\Microsoft SQL Server\160\Tools\Binn\;C:\Program Files\Microsoft SQL Server\160\DTS\Binn\;C:\Program Files\MySQL\MySQL Shell 8.0\bin\;C:\Users\cesar\AppData\Local\Programs\Python\Python313\Scripts\;C:\Users\cesar\AppData\Local\Programs\Python\Python313\;C:\Users\cesar\AppData\Local\Programs\Python\Launcher\;C:\Users\cesar\AppData\Local\Microsoft\WindowsApps;;C:\Users\cesar\AppData\Local\Programs\Microsoft VS Code\bin;C:\Users\cesar\AppData\Roaming\npm
USERNAME=cesar
OS=Windows_NT
PROCESSOR_IDENTIFIER=Intel64 Family 6 Model 126 Stepping 5, GenuineIntel
TMP=C:\Users\cesar\AppData\Local\Temp
TEMP=C:\Users\cesar\AppData\Local\Temp




Periodic native trim disabled

---------------  S Y S T E M  ---------------

OS:
 Windows 10 , 64 bit Build 19041 (10.0.19041.1023)
OS uptime: 13 days 8:17 hours

CPU: total 4 (initial active 4) (2 cores per cpu, 2 threads per core) family 6 model 126 stepping 5 microcode 0xcc, cx8, cmov, fxsr, ht, mmx, 3dnowpref, sse, sse2, sse3, ssse3, sse4.1, sse4.2, popcnt, lzcnt, tsc, tscinvbit, avx, avx2, aes, erms, clmul, bmi1, bmi2, adx, avx512f, avx512dq, avx512cd, avx512bw, avx512vl, sha, fma, vzeroupper, avx512_vpopcntdq, avx512_vpclmulqdq, avx512_vaes, avx512_vnni, clflush, clflushopt, avx512_vbmi2, avx512_vbmi, rdtscp, rdpid, fsrm, gfni, avx512_bitalg, f16c, pku, avx512_ifma
Processor Information for all 4 processors :
  Max Mhz: 1190, Current Mhz: 1190, Mhz Limit: 1190

Memory: 4k page, system-wide physical 3863M (243M free)
TotalPageFile size 15639M (AvailPageFile size 1M)
current process WorkingSet (physical memory assigned to process): 159M, peak: 159M
current process commit charge ("private bytes"): 196M, peak: 196M

vm_info: Java HotSpot(TM) 64-Bit Server VM (21.0.10+8-LTS-217) for windows-amd64 JRE (21.0.10+8-LTS-217), built on 2025-12-18T14:59:28Z by "mach5run" with MS VC++ 17.13 (VS2022)

END.
