#
# There is insufficient memory for the Java Runtime Environment to continue.
# Native memory allocation (malloc) failed to allocate 671632 bytes for Chunk::new
# Possible reasons:
#   The system is out of physical RAM or swap space
#   The process is running with CompressedOops enabled, and the Java Heap may be blocking the growth of the native heap
# Possible solutions:
#   Reduce memory load on the system
#   Increase physical memory or swap space
#   Check if swap backing store is full
#   Decrease Java heap size (-Xmx/-Xms)
#   Decrease number of Java threads
#   Decrease Java thread stack sizes (-Xss)
#   Set larger code cache with -XX:ReservedCodeCacheSize=
#   JVM is running with Unscaled Compressed Oops mode in which the Java heap is
#     placed in the first 4GB address space. The Java Heap base address is the
#     maximum limit for the native heap growth. Please use -XX:HeapBaseMinAddress
#     to set the Java Heap base and to place the Java Heap above 4GB virtual address.
# This output file may be truncated or incomplete.
#
#  Out of Memory Error (arena.cpp:168), pid=23252, tid=22388
#
# JRE version: Java(TM) SE Runtime Environment (21.0.10+8) (build 21.0.10+8-LTS-217)
# Java VM: Java HotSpot(TM) 64-Bit Server VM (21.0.10+8-LTS-217, mixed mode, sharing, tiered, compressed oops, compressed class ptrs, g1 gc, windows-amd64)
# No core dump will be written. Minidumps are not enabled by default on client versions of Windows
#

---------------  S U M M A R Y ------------

Command Line: -javaagent:C:\Program Files\JetBrains\IntelliJ IDEA 2025.2.4\lib\idea_rt.jar=63724 -Dfile.encoding=UTF-8 -Dsun.stdout.encoding=UTF-8 -Dsun.stderr.encoding=UTF-8 com.trabalho.tag.TagApplication

Host: Intel(R) Core(TM) i3-1005G1 CPU @ 1.20GHz, 4 cores, 3G,  Windows 10 , 64 bit Build 19041 (10.0.19041.1023)
Time: Tue Jun  9 21:07:16 2026 Hora oficial do Brasil elapsed time: 66920.086841 seconds (0d 18h 35m 20s)

---------------  T H R E A D  ---------------

Current thread (0x000002cb35bdcc30):  JavaThread "C2 CompilerThread0" daemon [_thread_in_native, id=22388, stack(0x000000d7d9e00000,0x000000d7d9f00000) (1024K)]


Current CompileTask:
C2:66920087 9966 % !   4       java.util.jar.Attributes::read @ 214 (494 bytes)

Stack: [0x000000d7d9e00000,0x000000d7d9f00000]
Native frames: (J=compiled Java code, j=interpreted, Vv=VM code, C=native code)
V  [jvm.dll+0x6d0b59]
V  [jvm.dll+0x85fd56]
V  [jvm.dll+0x86224e]
V  [jvm.dll+0x862923]
V  [jvm.dll+0x282a16]
V  [jvm.dll+0xc662d]
V  [jvm.dll+0xc6b71]
V  [jvm.dll+0x3bbb5b]
V  [jvm.dll+0x1e36e2]
V  [jvm.dll+0x24b4c3]
V  [jvm.dll+0x24a94f]
V  [jvm.dll+0x1cacfe]
V  [jvm.dll+0x25a629]
V  [jvm.dll+0x258bb5]
V  [jvm.dll+0x3f4da1]
V  [jvm.dll+0x80a83d]
V  [jvm.dll+0x6cf3fd]
C  [ucrtbase.dll+0x21bb2]
C  [KERNEL32.DLL+0x17034]
C  [ntdll.dll+0x52651]


---------------  P R O C E S S  ---------------

Threads class SMR info:
_java_thread_list=0x000002cb7e641c20, length=30, elements={
0x000002cb35bc2ee0, 0x000002cb35bc3eb0, 0x000002cb35bc9d80, 0x000002cb35bca9b0,
0x000002cb35bcbbb0, 0x000002cb35bce6d0, 0x000002cb35bdcc30, 0x000002cb35bd1b60,
0x000002cb7b2588a0, 0x000002cb7b1d8240, 0x000002cb7c443e40, 0x000002cb7ca9fcd0,
0x000002cb7d031cf0, 0x000002cb7c623050, 0x000002cb7c621ca0, 0x000002cb7c621610,
0x000002cb7c622330, 0x000002cb7c620f80, 0x000002cb7c6229c0, 0x000002cb7c620260,
0x000002cb7dd024f0, 0x000002cb7dd045c0, 0x000002cb7dd00420, 0x000002cb7dd052e0,
0x000002cb7dd02b80, 0x000002cb7dd03210, 0x000002cb7dd038a0, 0x000002cb7dd017d0,
0x000002cb7dd03f30, 0x000002cb7dd06000
}

Java Threads: ( => current thread )
  0x000002cb35bc2ee0 JavaThread "Reference Handler"          daemon [_thread_blocked, id=14388, stack(0x000000d7d9800000,0x000000d7d9900000) (1024K)]
  0x000002cb35bc3eb0 JavaThread "Finalizer"                  daemon [_thread_blocked, id=7396, stack(0x000000d7d9900000,0x000000d7d9a00000) (1024K)]
  0x000002cb35bc9d80 JavaThread "Signal Dispatcher"          daemon [_thread_blocked, id=18716, stack(0x000000d7d9a00000,0x000000d7d9b00000) (1024K)]
  0x000002cb35bca9b0 JavaThread "Attach Listener"            daemon [_thread_blocked, id=14088, stack(0x000000d7d9b00000,0x000000d7d9c00000) (1024K)]
  0x000002cb35bcbbb0 JavaThread "Service Thread"             daemon [_thread_blocked, id=17220, stack(0x000000d7d9c00000,0x000000d7d9d00000) (1024K)]
  0x000002cb35bce6d0 JavaThread "Monitor Deflation Thread"   daemon [_thread_blocked, id=21544, stack(0x000000d7d9d00000,0x000000d7d9e00000) (1024K)]
=>0x000002cb35bdcc30 JavaThread "C2 CompilerThread0"         daemon [_thread_in_native, id=22388, stack(0x000000d7d9e00000,0x000000d7d9f00000) (1024K)]
  0x000002cb35bd1b60 JavaThread "C1 CompilerThread0"         daemon [_thread_blocked, id=2604, stack(0x000000d7d9f00000,0x000000d7da000000) (1024K)]
  0x000002cb7b2588a0 JavaThread "Common-Cleaner"             daemon [_thread_blocked, id=19304, stack(0x000000d7da000000,0x000000d7da100000) (1024K)]
  0x000002cb7b1d8240 JavaThread "Notification Thread"        daemon [_thread_blocked, id=4620, stack(0x000000d7da200000,0x000000d7da300000) (1024K)]
  0x000002cb7c443e40 JavaThread "Catalina-utility-1"                [_thread_blocked, id=15508, stack(0x000000d7da800000,0x000000d7da900000) (1024K)]
  0x000002cb7ca9fcd0 JavaThread "Catalina-utility-2"                [_thread_blocked, id=16140, stack(0x000000d7da900000,0x000000d7daa00000) (1024K)]
  0x000002cb7d031cf0 JavaThread "container-0"                       [_thread_blocked, id=20960, stack(0x000000d7daa00000,0x000000d7dab00000) (1024K)]
  0x000002cb7c623050 JavaThread "HikariPool-1:housekeeper"   daemon [_thread_in_Java, id=468, stack(0x000000d7dad00000,0x000000d7dae00000) (1024K)]
  0x000002cb7c621ca0 JavaThread "File Watcher"               daemon [_thread_blocked, id=11252, stack(0x000000d7dae00000,0x000000d7daf00000) (1024K)]
  0x000002cb7c621610 JavaThread "Live Reload Server"         daemon [_thread_in_native, id=21824, stack(0x000000d7db000000,0x000000d7db100000) (1024K)]
  0x000002cb7c622330 JavaThread "http-nio-8092-exec-1"       daemon [_thread_blocked, id=18608, stack(0x000000d7daf00000,0x000000d7db000000) (1024K)]
  0x000002cb7c620f80 JavaThread "http-nio-8092-exec-2"       daemon [_thread_blocked, id=18204, stack(0x000000d7db100000,0x000000d7db200000) (1024K)]
  0x000002cb7c6229c0 JavaThread "http-nio-8092-exec-3"       daemon [_thread_blocked, id=22504, stack(0x000000d7db200000,0x000000d7db300000) (1024K)]
  0x000002cb7c620260 JavaThread "http-nio-8092-exec-4"       daemon [_thread_blocked, id=17464, stack(0x000000d7db300000,0x000000d7db400000) (1024K)]
  0x000002cb7dd024f0 JavaThread "http-nio-8092-exec-5"       daemon [_thread_blocked, id=15256, stack(0x000000d7db400000,0x000000d7db500000) (1024K)]
  0x000002cb7dd045c0 JavaThread "http-nio-8092-exec-6"       daemon [_thread_blocked, id=448, stack(0x000000d7db500000,0x000000d7db600000) (1024K)]
  0x000002cb7dd00420 JavaThread "http-nio-8092-exec-7"       daemon [_thread_blocked, id=10340, stack(0x000000d7db600000,0x000000d7db700000) (1024K)]
  0x000002cb7dd052e0 JavaThread "http-nio-8092-exec-8"       daemon [_thread_blocked, id=23324, stack(0x000000d7db700000,0x000000d7db800000) (1024K)]
  0x000002cb7dd02b80 JavaThread "http-nio-8092-exec-9"       daemon [_thread_blocked, id=19096, stack(0x000000d7db800000,0x000000d7db900000) (1024K)]
  0x000002cb7dd03210 JavaThread "http-nio-8092-exec-10"      daemon [_thread_blocked, id=13064, stack(0x000000d7db900000,0x000000d7dba00000) (1024K)]
  0x000002cb7dd038a0 JavaThread "http-nio-8092-Poller"       daemon [_thread_in_native, id=8400, stack(0x000000d7dba00000,0x000000d7dbb00000) (1024K)]
  0x000002cb7dd017d0 JavaThread "http-nio-8092-Acceptor"     daemon [_thread_in_native, id=19520, stack(0x000000d7dbb00000,0x000000d7dbc00000) (1024K)]
  0x000002cb7dd03f30 JavaThread "DestroyJavaVM"                     [_thread_blocked, id=13712, stack(0x000000d7d9000000,0x000000d7d9100000) (1024K)]
  0x000002cb7dd06000 JavaThread "mssql-jdbc-shared-timer-core-2" daemon [_thread_blocked, id=6956, stack(0x000000d7d8f00000,0x000000d7d9000000) (1024K)]
Total: 30

Other Threads:
  0x000002cb191197f0 VMThread "VM Thread"                           [id=6900, stack(0x000000d7d9700000,0x000000d7d9800000) (1024K)]
  0x000002cb35bbb0b0 WatcherThread "VM Periodic Task Thread"        [id=15016, stack(0x000000d7d9600000,0x000000d7d9700000) (1024K)]
  0x000002cb19098750 WorkerThread "GC Thread#0"                     [id=21076, stack(0x000000d7d9100000,0x000000d7d9200000) (1024K)]
  0x000002cb7b7ae6c0 WorkerThread "GC Thread#1"                     [id=3424, stack(0x000000d7da300000,0x000000d7da400000) (1024K)]
  0x000002cb7b7a7d60 WorkerThread "GC Thread#2"                     [id=10896, stack(0x000000d7da400000,0x000000d7da500000) (1024K)]
  0x000002cb7b78c250 WorkerThread "GC Thread#3"                     [id=8072, stack(0x000000d7da500000,0x000000d7da600000) (1024K)]
  0x000002cb190a1810 ConcurrentGCThread "G1 Main Marker"            [id=10364, stack(0x000000d7d9200000,0x000000d7d9300000) (1024K)]
  0x000002cb190a24d0 WorkerThread "G1 Conc#0"                       [id=17532, stack(0x000000d7d9300000,0x000000d7d9400000) (1024K)]
  0x000002cb190fa3d0 ConcurrentGCThread "G1 Refine#0"               [id=18040, stack(0x000000d7d9400000,0x000000d7d9500000) (1024K)]
  0x000002cb190fb2b0 ConcurrentGCThread "G1 Service"                [id=12728, stack(0x000000d7d9500000,0x000000d7d9600000) (1024K)]
Total: 10

Threads with active compile tasks:
C2 CompilerThread0  66921575 9966 % !   4       java.util.jar.Attributes::read @ 214 (494 bytes)
Total: 1

VM state: not at safepoint (normal execution)

VM Mutex/Monitor currently owned by a thread: None

Heap address: 0x00000000c3a00000, size: 966 MB, Compressed Oops mode: 32-bit

CDS archive(s) mapped at: [0x000002cb36000000-0x000002cb36c90000-0x000002cb36c90000), size 13172736, SharedBaseAddress: 0x000002cb36000000, ArchiveRelocationMode: 1.
Compressed class space mapped at: 0x000002cb37000000-0x000002cb77000000, reserved size: 1073741824
Narrow klass base: 0x000002cb36000000, Narrow klass shift: 0, Narrow klass range: 0x100000000

GC Precious Log:
 CardTable entry size: 512
 Card Set container configuration: InlinePtr #cards 5 size 8 Array Of Cards #cards 12 size 40 Howl #buckets 4 coarsen threshold 1843 Howl Bitmap #cards 512 size 80 coarsen threshold 460 Card regions per heap region 1 cards per card region 2048
 CPUs: 4 total, 4 available
 Memory: 3863M
 Large Page Support: Disabled
 NUMA Support: Disabled
 Compressed Oops: Enabled (32-bit)
 Heap Region Size: 1M
 Heap Min Capacity: 8M
 Heap Initial Capacity: 62M
 Heap Max Capacity: 966M
 Pre-touch: Disabled
 Parallel Workers: 4
 Concurrent Workers: 1
 Concurrent Refinement Workers: 4
 Periodic GC: Disabled

Heap:
 garbage-first heap   total 75776K, used 61270K [0x00000000c3a00000, 0x0000000100000000)
  region size 1024K, 29 young (29696K), 2 survivors (2048K)
 Metaspace       used 87864K, committed 88576K, reserved 1179648K
  class space    used 11664K, committed 12032K, reserved 1048576K

Heap Regions: E=young(eden), S=young(survivor), O=old, HS=humongous(starts), HC=humongous(continues), CS=collection set, F=free, TAMS=top-at-mark-start, PB=parsable bottom
|   0|0x00000000c3a00000, 0x00000000c3b00000, 0x00000000c3b00000|100%|HS|  |TAMS 0x00000000c3a00000| PB 0x00000000c3a00000| Complete 
|   1|0x00000000c3b00000, 0x00000000c3c00000, 0x00000000c3c00000|100%|HS|  |TAMS 0x00000000c3b00000| PB 0x00000000c3b00000| Complete 
|   2|0x00000000c3c00000, 0x00000000c3d00000, 0x00000000c3d00000|100%| O|  |TAMS 0x00000000c3c00000| PB 0x00000000c3c00000| Untracked 
|   3|0x00000000c3d00000, 0x00000000c3e00000, 0x00000000c3e00000|100%| O|  |TAMS 0x00000000c3d00000| PB 0x00000000c3d00000| Untracked 
|   4|0x00000000c3e00000, 0x00000000c3f00000, 0x00000000c3f00000|100%| O|  |TAMS 0x00000000c3e00000| PB 0x00000000c3e00000| Untracked 
|   5|0x00000000c3f00000, 0x00000000c4000000, 0x00000000c4000000|100%| O|  |TAMS 0x00000000c3f00000| PB 0x00000000c3f00000| Untracked 
|   6|0x00000000c4000000, 0x00000000c4100000, 0x00000000c4100000|100%| O|  |TAMS 0x00000000c4000000| PB 0x00000000c4000000| Untracked 
|   7|0x00000000c4100000, 0x00000000c4200000, 0x00000000c4200000|100%| O|  |TAMS 0x00000000c4100000| PB 0x00000000c4100000| Untracked 
|   8|0x00000000c4200000, 0x00000000c4300000, 0x00000000c4300000|100%| O|Cm|TAMS 0x00000000c4200000| PB 0x00000000c4200000| Complete 
|   9|0x00000000c4300000, 0x00000000c4400000, 0x00000000c4400000|100%| O|  |TAMS 0x00000000c4300000| PB 0x00000000c4300000| Untracked 
|  10|0x00000000c4400000, 0x00000000c4400000, 0x00000000c4500000|  0%| F|  |TAMS 0x00000000c4400000| PB 0x00000000c4400000| Untracked 
|  11|0x00000000c4500000, 0x00000000c4600000, 0x00000000c4600000|100%| O|  |TAMS 0x00000000c4500000| PB 0x00000000c4500000| Untracked 
|  12|0x00000000c4600000, 0x00000000c4700000, 0x00000000c4700000|100%| O|  |TAMS 0x00000000c4600000| PB 0x00000000c4600000| Untracked 
|  13|0x00000000c4700000, 0x00000000c4800000, 0x00000000c4800000|100%| O|  |TAMS 0x00000000c4700000| PB 0x00000000c4700000| Untracked 
|  14|0x00000000c4800000, 0x00000000c4900000, 0x00000000c4900000|100%| O|  |TAMS 0x00000000c4800000| PB 0x00000000c4800000| Untracked 
|  15|0x00000000c4900000, 0x00000000c4a00000, 0x00000000c4a00000|100%| O|  |TAMS 0x00000000c4900000| PB 0x00000000c4900000| Untracked 
|  16|0x00000000c4a00000, 0x00000000c4b00000, 0x00000000c4b00000|100%| O|Cm|TAMS 0x00000000c4a00000| PB 0x00000000c4a00000| Complete 
|  17|0x00000000c4b00000, 0x00000000c4c00000, 0x00000000c4c00000|100%| O|  |TAMS 0x00000000c4b00000| PB 0x00000000c4b00000| Untracked 
|  18|0x00000000c4c00000, 0x00000000c4d00000, 0x00000000c4d00000|100%| O|  |TAMS 0x00000000c4c00000| PB 0x00000000c4c00000| Untracked 
|  19|0x00000000c4d00000, 0x00000000c4e00000, 0x00000000c4e00000|100%| O|  |TAMS 0x00000000c4d00000| PB 0x00000000c4d00000| Untracked 
|  20|0x00000000c4e00000, 0x00000000c4f00000, 0x00000000c4f00000|100%| O|  |TAMS 0x00000000c4e00000| PB 0x00000000c4e00000| Untracked 
|  21|0x00000000c4f00000, 0x00000000c5000000, 0x00000000c5000000|100%| O|  |TAMS 0x00000000c4f00000| PB 0x00000000c4f00000| Untracked 
|  22|0x00000000c5000000, 0x00000000c5100000, 0x00000000c5100000|100%| O|  |TAMS 0x00000000c5000000| PB 0x00000000c5000000| Untracked 
|  23|0x00000000c5100000, 0x00000000c5200000, 0x00000000c5200000|100%| O|  |TAMS 0x00000000c5100000| PB 0x00000000c5100000| Untracked 
|  24|0x00000000c5200000, 0x00000000c5300000, 0x00000000c5300000|100%| O|  |TAMS 0x00000000c5200000| PB 0x00000000c5200000| Untracked 
|  25|0x00000000c5300000, 0x00000000c5400000, 0x00000000c5400000|100%| O|  |TAMS 0x00000000c5300000| PB 0x00000000c5300000| Untracked 
|  26|0x00000000c5400000, 0x00000000c5400000, 0x00000000c5500000|  0%| F|  |TAMS 0x00000000c5400000| PB 0x00000000c5400000| Untracked 
|  27|0x00000000c5500000, 0x00000000c5600000, 0x00000000c5600000|100%| O|  |TAMS 0x00000000c5500000| PB 0x00000000c5500000| Untracked 
|  28|0x00000000c5600000, 0x00000000c56adb18, 0x00000000c5700000| 67%| O|  |TAMS 0x00000000c5600000| PB 0x00000000c5600000| Untracked 
|  29|0x00000000c5700000, 0x00000000c5800000, 0x00000000c5800000|100%| O|  |TAMS 0x00000000c5700000| PB 0x00000000c5700000| Untracked 
|  30|0x00000000c5800000, 0x00000000c5900000, 0x00000000c5900000|100%| O|  |TAMS 0x00000000c5800000| PB 0x00000000c5800000| Untracked 
|  31|0x00000000c5900000, 0x00000000c5a00000, 0x00000000c5a00000|100%| O|  |TAMS 0x00000000c5900000| PB 0x00000000c5900000| Untracked 
|  32|0x00000000c5a00000, 0x00000000c5b00000, 0x00000000c5b00000|100%| O|  |TAMS 0x00000000c5a00000| PB 0x00000000c5a00000| Untracked 
|  33|0x00000000c5b00000, 0x00000000c5c00000, 0x00000000c5c00000|100%| O|  |TAMS 0x00000000c5b00000| PB 0x00000000c5b00000| Untracked 
|  34|0x00000000c5c00000, 0x00000000c5d00000, 0x00000000c5d00000|100%| O|  |TAMS 0x00000000c5c00000| PB 0x00000000c5c00000| Untracked 
|  35|0x00000000c5d00000, 0x00000000c5d00000, 0x00000000c5e00000|  0%| F|  |TAMS 0x00000000c5d00000| PB 0x00000000c5d00000| Untracked 
|  36|0x00000000c5e00000, 0x00000000c5e00000, 0x00000000c5f00000|  0%| F|  |TAMS 0x00000000c5e00000| PB 0x00000000c5e00000| Untracked 
|  37|0x00000000c5f00000, 0x00000000c5f00000, 0x00000000c6000000|  0%| F|  |TAMS 0x00000000c5f00000| PB 0x00000000c5f00000| Untracked 
|  38|0x00000000c6000000, 0x00000000c6000000, 0x00000000c6100000|  0%| F|  |TAMS 0x00000000c6000000| PB 0x00000000c6000000| Untracked 
|  39|0x00000000c6100000, 0x00000000c6200000, 0x00000000c6200000|100%| O|  |TAMS 0x00000000c6100000| PB 0x00000000c6100000| Untracked 
|  40|0x00000000c6200000, 0x00000000c6200000, 0x00000000c6300000|  0%| F|  |TAMS 0x00000000c6200000| PB 0x00000000c6200000| Untracked 
|  41|0x00000000c6300000, 0x00000000c6327d88, 0x00000000c6400000| 15%| S|CS|TAMS 0x00000000c6300000| PB 0x00000000c6300000| Complete 
|  42|0x00000000c6400000, 0x00000000c6500000, 0x00000000c6500000|100%| S|CS|TAMS 0x00000000c6400000| PB 0x00000000c6400000| Complete 
|  43|0x00000000c6500000, 0x00000000c6500000, 0x00000000c6600000|  0%| F|  |TAMS 0x00000000c6500000| PB 0x00000000c6500000| Untracked 
|  44|0x00000000c6600000, 0x00000000c6600000, 0x00000000c6700000|  0%| F|  |TAMS 0x00000000c6600000| PB 0x00000000c6600000| Untracked 
|  45|0x00000000c6700000, 0x00000000c6700000, 0x00000000c6800000|  0%| F|  |TAMS 0x00000000c6700000| PB 0x00000000c6700000| Untracked 
|  46|0x00000000c6800000, 0x00000000c6800000, 0x00000000c6900000|  0%| F|  |TAMS 0x00000000c6800000| PB 0x00000000c6800000| Untracked 
|  47|0x00000000c6900000, 0x00000000c696dfb8, 0x00000000c6a00000| 42%| E|  |TAMS 0x00000000c6900000| PB 0x00000000c6900000| Complete 
|  48|0x00000000c6a00000, 0x00000000c6b00000, 0x00000000c6b00000|100%| E|CS|TAMS 0x00000000c6a00000| PB 0x00000000c6a00000| Complete 
|  49|0x00000000c6b00000, 0x00000000c6c00000, 0x00000000c6c00000|100%| E|CS|TAMS 0x00000000c6b00000| PB 0x00000000c6b00000| Complete 
|  50|0x00000000c6c00000, 0x00000000c6d00000, 0x00000000c6d00000|100%| E|CS|TAMS 0x00000000c6c00000| PB 0x00000000c6c00000| Complete 
|  51|0x00000000c6d00000, 0x00000000c6e00000, 0x00000000c6e00000|100%| E|CS|TAMS 0x00000000c6d00000| PB 0x00000000c6d00000| Complete 
|  52|0x00000000c6e00000, 0x00000000c6f00000, 0x00000000c6f00000|100%| E|CS|TAMS 0x00000000c6e00000| PB 0x00000000c6e00000| Complete 
|  53|0x00000000c6f00000, 0x00000000c7000000, 0x00000000c7000000|100%| E|CS|TAMS 0x00000000c6f00000| PB 0x00000000c6f00000| Complete 
|  54|0x00000000c7000000, 0x00000000c7100000, 0x00000000c7100000|100%| E|CS|TAMS 0x00000000c7000000| PB 0x00000000c7000000| Complete 
|  55|0x00000000c7100000, 0x00000000c7200000, 0x00000000c7200000|100%| E|CS|TAMS 0x00000000c7100000| PB 0x00000000c7100000| Complete 
|  56|0x00000000c7200000, 0x00000000c7300000, 0x00000000c7300000|100%| E|CS|TAMS 0x00000000c7200000| PB 0x00000000c7200000| Complete 
|  57|0x00000000c7300000, 0x00000000c7400000, 0x00000000c7400000|100%| E|CS|TAMS 0x00000000c7300000| PB 0x00000000c7300000| Complete 
|  58|0x00000000c7400000, 0x00000000c7500000, 0x00000000c7500000|100%| E|CS|TAMS 0x00000000c7400000| PB 0x00000000c7400000| Complete 
|  59|0x00000000c7500000, 0x00000000c7600000, 0x00000000c7600000|100%| E|CS|TAMS 0x00000000c7500000| PB 0x00000000c7500000| Complete 
|  60|0x00000000c7600000, 0x00000000c7700000, 0x00000000c7700000|100%| E|CS|TAMS 0x00000000c7600000| PB 0x00000000c7600000| Complete 
|  61|0x00000000c7700000, 0x00000000c7800000, 0x00000000c7800000|100%| E|CS|TAMS 0x00000000c7700000| PB 0x00000000c7700000| Complete 
|  62|0x00000000c7800000, 0x00000000c7900000, 0x00000000c7900000|100%| E|CS|TAMS 0x00000000c7800000| PB 0x00000000c7800000| Complete 
|  63|0x00000000c7900000, 0x00000000c7a00000, 0x00000000c7a00000|100%| E|CS|TAMS 0x00000000c7900000| PB 0x00000000c7900000| Complete 
|  64|0x00000000c7a00000, 0x00000000c7b00000, 0x00000000c7b00000|100%| E|CS|TAMS 0x00000000c7a00000| PB 0x00000000c7a00000| Complete 
|  65|0x00000000c7b00000, 0x00000000c7c00000, 0x00000000c7c00000|100%| E|CS|TAMS 0x00000000c7b00000| PB 0x00000000c7b00000| Complete 
|  66|0x00000000c7c00000, 0x00000000c7d00000, 0x00000000c7d00000|100%| E|CS|TAMS 0x00000000c7c00000| PB 0x00000000c7c00000| Complete 
|  67|0x00000000c7d00000, 0x00000000c7e00000, 0x00000000c7e00000|100%| E|CS|TAMS 0x00000000c7d00000| PB 0x00000000c7d00000| Complete 
|  68|0x00000000c7e00000, 0x00000000c7f00000, 0x00000000c7f00000|100%| E|CS|TAMS 0x00000000c7e00000| PB 0x00000000c7e00000| Complete 
|  69|0x00000000c7f00000, 0x00000000c8000000, 0x00000000c8000000|100%| E|CS|TAMS 0x00000000c7f00000| PB 0x00000000c7f00000| Complete 
|  70|0x00000000c8000000, 0x00000000c8100000, 0x00000000c8100000|100%| E|  |TAMS 0x00000000c8000000| PB 0x00000000c8000000| Complete 
|  71|0x00000000c8100000, 0x00000000c8200000, 0x00000000c8200000|100%| E|CS|TAMS 0x00000000c8100000| PB 0x00000000c8100000| Complete 
|  72|0x00000000c8200000, 0x00000000c8300000, 0x00000000c8300000|100%| E|CS|TAMS 0x00000000c8200000| PB 0x00000000c8200000| Complete 
|  73|0x00000000c8300000, 0x00000000c8400000, 0x00000000c8400000|100%| E|CS|TAMS 0x00000000c8300000| PB 0x00000000c8300000| Complete 

Card table byte_map: [0x000002cb32510000,0x000002cb32700000] _byte_map_base: 0x000002cb31ef3000

Marking Bits: (CMBitMap*) 0x000002cb19099670
 Bits: [0x000002cb32700000, 0x000002cb33618000)

Polling page: 0x000002cb19130000

Metaspace:

Usage:
  Non-class:     74.41 MB used.
      Class:     11.39 MB used.
       Both:     85.81 MB used.

Virtual space:
  Non-class space:      128.00 MB reserved,      74.75 MB ( 58%) committed,  2 nodes.
      Class space:        1.00 GB reserved,      11.75 MB (  1%) committed,  1 nodes.
             Both:        1.12 GB reserved,      86.50 MB (  8%) committed. 

Chunk freelists:
   Non-Class:  5.18 MB
       Class:  4.41 MB
        Both:  9.58 MB

MaxMetaspaceSize: unlimited
CompressedClassSpaceSize: 1.00 GB
Initial GC threshold: 21.00 MB
Current GC threshold: 144.00 MB
CDS: on
 - commit_granule_bytes: 65536.
 - commit_granule_words: 8192.
 - virtual_space_node_default_size: 8388608.
 - enlarge_chunks_in_place: 1.
 - use_allocation_guard: 0.


Internal statistics:

num_allocs_failed_limit: 12.
num_arena_births: 1164.
num_arena_deaths: 448.
num_vsnodes_births: 3.
num_vsnodes_deaths: 0.
num_space_committed: 1384.
num_space_uncommitted: 0.
num_chunks_returned_to_freelist: 533.
num_chunks_taken_from_freelist: 4520.
num_chunk_merges: 127.
num_chunk_splits: 3063.
num_chunks_enlarged: 2385.
num_inconsistent_stats: 0.

CodeHeap 'non-profiled nmethods': size=120000Kb used=1650Kb max_used=4521Kb free=118349Kb
 bounds [0x000002cb2a7b0000, 0x000002cb2ac20000, 0x000002cb31ce0000]
CodeHeap 'profiled nmethods': size=120000Kb used=3486Kb max_used=14703Kb free=116514Kb
 bounds [0x000002cb22ce0000, 0x000002cb23b60000, 0x000002cb2a210000]
CodeHeap 'non-nmethods': size=5760Kb used=2043Kb max_used=2087Kb free=3716Kb
 bounds [0x000002cb2a210000, 0x000002cb2a480000, 0x000002cb2a7b0000]
 total_blobs=2943 nmethods=2134 adapters=712
 compilation: enabled
              stopped_count=0, restarted_count=0
 full_count=0

Compilation events (20 events):
Event: 66919.728 Thread 0x000002cb35bd1b60 9984       3       java.util.jar.Attributes::<init> (13 bytes)
Event: 66919.728 Thread 0x000002cb35bd1b60 nmethod 9984 0x000002cb23a25490 code [0x000002cb23a25640, 0x000002cb23a25838]
Event: 66919.728 Thread 0x000002cb35bd1b60 9976       3       java.util.LinkedHashMap::<init> (16 bytes)
Event: 66919.730 Thread 0x000002cb35bd1b60 nmethod 9976 0x000002cb23aedd10 code [0x000002cb23aedee0, 0x000002cb23aee098]
Event: 66919.730 Thread 0x000002cb35bd1b60 9975       3       java.util.jar.Manifest::parseName (84 bytes)
Event: 66919.732 Thread 0x000002cb35bd1b60 nmethod 9975 0x000002cb22dfe310 code [0x000002cb22dfe520, 0x000002cb22dfec90]
Event: 66919.733 Thread 0x000002cb35bd1b60 9985       3       java.lang.String::<init> (16 bytes)
Event: 66919.738 Thread 0x000002cb35bd1b60 nmethod 9985 0x000002cb23a15b10 code [0x000002cb23a15ce0, 0x000002cb23a15f98]
Event: 66919.738 Thread 0x000002cb35bd1b60 9983       1       java.util.jar.Manifest::getEntries (5 bytes)
Event: 66919.740 Thread 0x000002cb35bd1b60 nmethod 9983 0x000002cb2a985490 code [0x000002cb2a985620, 0x000002cb2a9856e8]
Event: 66919.741 Thread 0x000002cb35bd1b60 9979       1       java.util.jar.Attributes$Name::hashCode (5 bytes)
Event: 66919.741 Thread 0x000002cb35bd1b60 nmethod 9979 0x000002cb2a986990 code [0x000002cb2a986b20, 0x000002cb2a986be8]
Event: 66919.741 Thread 0x000002cb35bd1b60 9978       2       java.lang.Math::getExponent (17 bytes)
Event: 66919.741 Thread 0x000002cb35bd1b60 nmethod 9978 0x000002cb22ea6790 code [0x000002cb22ea6920, 0x000002cb22ea6a38]
Event: 66919.741 Thread 0x000002cb35bd1b60 9970       2       java.util.jar.Attributes::put (18 bytes)
Event: 66919.742 Thread 0x000002cb35bd1b60 nmethod 9970 0x000002cb23aa8d10 code [0x000002cb23aa8ec0, 0x000002cb23aa9068]
Event: 66919.755 Thread 0x000002cb35bdcc30 nmethod 9953 0x000002cb2a7bbd10 code [0x000002cb2a7bbf60, 0x000002cb2a7bc9c0]
Event: 66919.755 Thread 0x000002cb35bdcc30 9963 %     4       java.util.jar.Manifest$FastInputStream::readLine @ 86 (296 bytes)
Event: 66919.802 Thread 0x000002cb35bdcc30 nmethod 9963% 0x000002cb2a7b9890 code [0x000002cb2a7b9a80, 0x000002cb2a7ba2f0]
Event: 66919.802 Thread 0x000002cb35bdcc30 9966 % !   4       java.util.jar.Attributes::read @ 214 (494 bytes)

GC Heap History (20 events):
Event: 63835.171 GC heap before
{Heap before GC invocations=55 (full 0):
 garbage-first heap   total 75776K, used 67336K [0x00000000c3a00000, 0x0000000100000000)
  region size 1024K, 32 young (32768K), 2 survivors (2048K)
 Metaspace       used 87794K, committed 88448K, reserved 1179648K
  class space    used 11662K, committed 12032K, reserved 1048576K
}
Event: 63835.173 GC heap after
{Heap after GC invocations=56 (full 0):
 garbage-first heap   total 75776K, used 36596K [0x00000000c3a00000, 0x0000000100000000)
  region size 1024K, 2 young (2048K), 2 survivors (2048K)
 Metaspace       used 87794K, committed 88448K, reserved 1179648K
  class space    used 11662K, committed 12032K, reserved 1048576K
}
Event: 64128.308 GC heap before
{Heap before GC invocations=56 (full 0):
 garbage-first heap   total 75776K, used 67316K [0x00000000c3a00000, 0x0000000100000000)
  region size 1024K, 32 young (32768K), 2 survivors (2048K)
 Metaspace       used 87801K, committed 88448K, reserved 1179648K
  class space    used 11662K, committed 12032K, reserved 1048576K
}
Event: 64128.314 GC heap after
{Heap after GC invocations=57 (full 0):
 garbage-first heap   total 75776K, used 36205K [0x00000000c3a00000, 0x0000000100000000)
  region size 1024K, 2 young (2048K), 2 survivors (2048K)
 Metaspace       used 87801K, committed 88448K, reserved 1179648K
  class space    used 11662K, committed 12032K, reserved 1048576K
}
Event: 64428.510 GC heap before
{Heap before GC invocations=57 (full 0):
 garbage-first heap   total 75776K, used 66925K [0x00000000c3a00000, 0x0000000100000000)
  region size 1024K, 32 young (32768K), 2 survivors (2048K)
 Metaspace       used 87828K, committed 88512K, reserved 1179648K
  class space    used 11663K, committed 12032K, reserved 1048576K
}
Event: 64428.512 GC heap after
{Heap after GC invocations=58 (full 0):
 garbage-first heap   total 75776K, used 36398K [0x00000000c3a00000, 0x0000000100000000)
  region size 1024K, 2 young (2048K), 2 survivors (2048K)
 Metaspace       used 87828K, committed 88512K, reserved 1179648K
  class space    used 11663K, committed 12032K, reserved 1048576K
}
Event: 64742.556 GC heap before
{Heap before GC invocations=59 (full 0):
 garbage-first heap   total 75776K, used 67118K [0x00000000c3a00000, 0x0000000100000000)
  region size 1024K, 32 young (32768K), 2 survivors (2048K)
 Metaspace       used 87828K, committed 88512K, reserved 1179648K
  class space    used 11663K, committed 12032K, reserved 1048576K
}
Event: 64742.558 GC heap after
{Heap after GC invocations=60 (full 0):
 garbage-first heap   total 75776K, used 36397K [0x00000000c3a00000, 0x0000000100000000)
  region size 1024K, 2 young (2048K), 2 survivors (2048K)
 Metaspace       used 87828K, committed 88512K, reserved 1179648K
  class space    used 11663K, committed 12032K, reserved 1048576K
}
Event: 65057.906 GC heap before
{Heap before GC invocations=60 (full 0):
 garbage-first heap   total 75776K, used 67117K [0x00000000c3a00000, 0x0000000100000000)
  region size 1024K, 32 young (32768K), 2 survivors (2048K)
 Metaspace       used 87831K, committed 88512K, reserved 1179648K
  class space    used 11663K, committed 12032K, reserved 1048576K
}
Event: 65058.024 GC heap after
{Heap after GC invocations=61 (full 0):
 garbage-first heap   total 75776K, used 35879K [0x00000000c3a00000, 0x0000000100000000)
  region size 1024K, 2 young (2048K), 2 survivors (2048K)
 Metaspace       used 87831K, committed 88512K, reserved 1179648K
  class space    used 11663K, committed 12032K, reserved 1048576K
}
Event: 65369.486 GC heap before
{Heap before GC invocations=61 (full 0):
 garbage-first heap   total 75776K, used 67623K [0x00000000c3a00000, 0x0000000100000000)
  region size 1024K, 33 young (33792K), 2 survivors (2048K)
 Metaspace       used 87848K, committed 88576K, reserved 1179648K
  class space    used 11663K, committed 12032K, reserved 1048576K
}
Event: 65369.550 GC heap after
{Heap after GC invocations=62 (full 0):
 garbage-first heap   total 75776K, used 36062K [0x00000000c3a00000, 0x0000000100000000)
  region size 1024K, 2 young (2048K), 2 survivors (2048K)
 Metaspace       used 87848K, committed 88576K, reserved 1179648K
  class space    used 11663K, committed 12032K, reserved 1048576K
}
Event: 65678.917 GC heap before
{Heap before GC invocations=63 (full 0):
 garbage-first heap   total 75776K, used 67806K [0x00000000c3a00000, 0x0000000100000000)
  region size 1024K, 33 young (33792K), 2 survivors (2048K)
 Metaspace       used 87850K, committed 88576K, reserved 1179648K
  class space    used 11663K, committed 12032K, reserved 1048576K
}
Event: 65678.963 GC heap after
{Heap after GC invocations=64 (full 0):
 garbage-first heap   total 75776K, used 35962K [0x00000000c3a00000, 0x0000000100000000)
  region size 1024K, 2 young (2048K), 2 survivors (2048K)
 Metaspace       used 87850K, committed 88576K, reserved 1179648K
  class space    used 11663K, committed 12032K, reserved 1048576K
}
Event: 66000.784 GC heap before
{Heap before GC invocations=64 (full 0):
 garbage-first heap   total 75776K, used 66682K [0x00000000c3a00000, 0x0000000100000000)
  region size 1024K, 32 young (32768K), 2 survivors (2048K)
 Metaspace       used 87856K, committed 88576K, reserved 1179648K
  class space    used 11663K, committed 12032K, reserved 1048576K
}
Event: 66000.881 GC heap after
{Heap after GC invocations=65 (full 0):
 garbage-first heap   total 75776K, used 35656K [0x00000000c3a00000, 0x0000000100000000)
  region size 1024K, 2 young (2048K), 2 survivors (2048K)
 Metaspace       used 87856K, committed 88576K, reserved 1179648K
  class space    used 11663K, committed 12032K, reserved 1048576K
}
Event: 66325.153 GC heap before
{Heap before GC invocations=65 (full 0):
 garbage-first heap   total 75776K, used 67400K [0x00000000c3a00000, 0x0000000100000000)
  region size 1024K, 33 young (33792K), 2 survivors (2048K)
 Metaspace       used 87856K, committed 88576K, reserved 1179648K
  class space    used 11663K, committed 12032K, reserved 1048576K
}
Event: 66325.216 GC heap after
{Heap after GC invocations=66 (full 0):
 garbage-first heap   total 75776K, used 35706K [0x00000000c3a00000, 0x0000000100000000)
  region size 1024K, 2 young (2048K), 2 survivors (2048K)
 Metaspace       used 87856K, committed 88576K, reserved 1179648K
  class space    used 11663K, committed 12032K, reserved 1048576K
}
Event: 66643.698 GC heap before
{Heap before GC invocations=67 (full 0):
 garbage-first heap   total 75776K, used 67450K [0x00000000c3a00000, 0x0000000100000000)
  region size 1024K, 33 young (33792K), 2 survivors (2048K)
 Metaspace       used 87856K, committed 88576K, reserved 1179648K
  class space    used 11663K, committed 12032K, reserved 1048576K
}
Event: 66643.732 GC heap after
{Heap after GC invocations=68 (full 0):
 garbage-first heap   total 75776K, used 35670K [0x00000000c3a00000, 0x0000000100000000)
  region size 1024K, 2 young (2048K), 2 survivors (2048K)
 Metaspace       used 87856K, committed 88576K, reserved 1179648K
  class space    used 11663K, committed 12032K, reserved 1048576K
}

Dll operation events (12 events):
Event: 0.013 Loaded shared library C:\Program Files\Java\jdk-21.0.10\bin\java.dll
Event: 0.063 Loaded shared library C:\Program Files\Java\jdk-21.0.10\bin\jsvml.dll
Event: 0.284 Loaded shared library C:\Program Files\Java\jdk-21.0.10\bin\zip.dll
Event: 0.289 Loaded shared library C:\Program Files\Java\jdk-21.0.10\bin\instrument.dll
Event: 0.298 Loaded shared library C:\Program Files\Java\jdk-21.0.10\bin\net.dll
Event: 0.300 Loaded shared library C:\Program Files\Java\jdk-21.0.10\bin\nio.dll
Event: 0.305 Loaded shared library C:\Program Files\Java\jdk-21.0.10\bin\zip.dll
Event: 0.582 Loaded shared library C:\Program Files\Java\jdk-21.0.10\bin\extnet.dll
Event: 0.639 Loaded shared library C:\Program Files\Java\jdk-21.0.10\bin\jimage.dll
Event: 1.045 Loaded shared library C:\Program Files\Java\jdk-21.0.10\bin\management.dll
Event: 1.052 Loaded shared library C:\Program Files\Java\jdk-21.0.10\bin\management_ext.dll
Event: 3.349 Loaded shared library C:\Program Files\Java\jdk-21.0.10\bin\sunmscapi.dll

Deoptimization events (20 events):
Event: 62409.256 Thread 0x000002cb7dd04c50 DEOPT PACKING pc=0x000002cb2a869b64 sp=0x000000d7d8efdd70
Event: 62409.256 Thread 0x000002cb7dd04c50 DEOPT UNPACKING pc=0x000002cb2a267da2 sp=0x000000d7d8efdd58 mode 2
Event: 62409.256 Thread 0x000002cb7dd04c50 Uncommon trap: trap_request=0xffffffbe fr.pc=0x000002cb2aa3a708 relative=0x0000000000000888
Event: 62409.256 Thread 0x000002cb7dd04c50 Uncommon trap: reason=profile_predicate action=maybe_recompile pc=0x000002cb2aa3a708 method=java.math.BigInteger.montReduce([I[III)[I @ 9 c2
Event: 62409.256 Thread 0x000002cb7dd04c50 DEOPT PACKING pc=0x000002cb2aa3a708 sp=0x000000d7d8efdd80
Event: 62409.256 Thread 0x000002cb7dd04c50 DEOPT UNPACKING pc=0x000002cb2a267da2 sp=0x000000d7d8efdd60 mode 2
Event: 62472.463 Thread 0x000002cb7dd04c50 DEOPT PACKING pc=0x000002cb23a2575f sp=0x000000d7d8efd8e0
Event: 62472.463 Thread 0x000002cb7dd04c50 DEOPT UNPACKING pc=0x000002cb2a2688e2 sp=0x000000d7d8efcd60 mode 0
Event: 63752.145 Thread 0x000002cb7dd05970 Uncommon trap: trap_request=0xffffffdc fr.pc=0x000002cb2a987f4c relative=0x000000000000028c
Event: 63752.145 Thread 0x000002cb7dd05970 Uncommon trap: reason=class_check action=make_not_entrant pc=0x000002cb2a987f4c method=java.util.ArrayList.toArray([Ljava/lang/Object;)[Ljava/lang/Object; @ 21 c2
Event: 63752.145 Thread 0x000002cb7dd05970 DEOPT PACKING pc=0x000002cb2a987f4c sp=0x000000d7d8efe650
Event: 63752.145 Thread 0x000002cb7dd05970 DEOPT UNPACKING pc=0x000002cb2a267da2 sp=0x000000d7d8efe610 mode 2
Event: 66695.644 Thread 0x000002cb7ca9fcd0 Uncommon trap: trap_request=0xffffff45 fr.pc=0x000002cb2abbb448 relative=0x0000000000001028
Event: 66695.663 Thread 0x000002cb7ca9fcd0 Uncommon trap: reason=unstable_if action=reinterpret pc=0x000002cb2abbb448 method=java.util.concurrent.locks.AbstractQueuedSynchronizer$ConditionObject.unlinkCancelledWaiters(Ljava/util/concurrent/locks/AbstractQueuedSynchronizer$ConditionNode;)V @ 51 c2
Event: 66695.666 Thread 0x000002cb7ca9fcd0 DEOPT PACKING pc=0x000002cb2abbb448 sp=0x000000d7da9ff0e0
Event: 66695.711 Thread 0x000002cb7ca9fcd0 DEOPT UNPACKING pc=0x000002cb2a267da2 sp=0x000000d7da9fefe8 mode 2
Event: 66918.103 Thread 0x000002cb7c623050 Uncommon trap: trap_request=0xffffff45 fr.pc=0x000002cb2a7c16f4 relative=0x0000000000000cb4
Event: 66918.154 Thread 0x000002cb7c623050 Uncommon trap: reason=unstable_if action=reinterpret pc=0x000002cb2a7c16f4 method=com.microsoft.sqlserver.jdbc.TDSParser.parse(Lcom/microsoft/sqlserver/jdbc/TDSReader;Lcom/microsoft/sqlserver/jdbc/TDSTokenHandler;Z)V @ 84 c2
Event: 66918.264 Thread 0x000002cb7c623050 DEOPT PACKING pc=0x000002cb2a7c16f4 sp=0x000000d7dadfe600
Event: 66918.281 Thread 0x000002cb7c623050 DEOPT UNPACKING pc=0x000002cb2a267da2 sp=0x000000d7dadfe5b0 mode 2

Classes loaded (20 events):
Event: 57900.916 Loading class java/time/format/DateTimeFormatterBuilder$ZoneTextPrinterParser
Event: 57900.946 Loading class java/time/format/DateTimeFormatterBuilder$ZoneTextPrinterParser done
Event: 57900.948 Loading class java/time/format/DateTimeFormatterBuilder$ReducedPrinterParser
Event: 57900.968 Loading class java/time/format/DateTimeFormatterBuilder$ReducedPrinterParser done
Event: 57901.319 Loading class java/util/function/IntBinaryOperator
Event: 57901.321 Loading class java/util/function/IntBinaryOperator done
Event: 57901.337 Loading class java/util/stream/ReduceOps$7
Event: 57901.357 Loading class java/util/stream/ReduceOps$7 done
Event: 57901.357 Loading class java/util/stream/ReduceOps$6ReducingSink
Event: 57901.396 Loading class java/util/stream/ReduceOps$6ReducingSink done
Event: 57901.504 Loading class java/lang/Throwable$WrappedPrintWriter
Event: 57901.505 Loading class java/lang/Throwable$PrintStreamOrWriter
Event: 57901.506 Loading class java/lang/Throwable$PrintStreamOrWriter done
Event: 57901.506 Loading class java/lang/Throwable$WrappedPrintWriter done
Event: 57901.859 Loading class java/util/AbstractMap$SimpleEntry
Event: 57901.860 Loading class java/util/AbstractMap$SimpleEntry done
Event: 57902.214 Loading class java/util/stream/LongStream
Event: 57902.218 Loading class java/util/stream/LongStream done
Event: 57902.219 Loading class java/util/stream/DoubleStream
Event: 57902.219 Loading class java/util/stream/DoubleStream done

Classes unloaded (20 events):
Event: 59441.426 Thread 0x000002cb191197f0 Unloading class 0x000002cb37a5ac00 'java/lang/invoke/LambdaForm$BMH+0x000002cb37a5ac00'
Event: 59441.426 Thread 0x000002cb191197f0 Unloading class 0x000002cb37a74400 'java/lang/invoke/LambdaForm$MH+0x000002cb37a74400'
Event: 59441.427 Thread 0x000002cb191197f0 Unloading class 0x000002cb37ab1400 'java/lang/invoke/LambdaForm$MH+0x000002cb37ab1400'
Event: 59441.427 Thread 0x000002cb191197f0 Unloading class 0x000002cb37ab8000 'java/lang/invoke/LambdaForm$MH+0x000002cb37ab8000'
Event: 59441.428 Thread 0x000002cb191197f0 Unloading class 0x000002cb37ab8800 'java/lang/invoke/LambdaForm$MH+0x000002cb37ab8800'
Event: 59441.429 Thread 0x000002cb191197f0 Unloading class 0x000002cb37acc000 'java/lang/invoke/LambdaForm$MH+0x000002cb37acc000'
Event: 59441.430 Thread 0x000002cb191197f0 Unloading class 0x000002cb37ad6000 'java/lang/invoke/LambdaForm$MH+0x000002cb37ad6000'
Event: 59441.430 Thread 0x000002cb191197f0 Unloading class 0x000002cb37b81400 'java/lang/invoke/LambdaForm$MH+0x000002cb37b81400'
Event: 59441.430 Thread 0x000002cb191197f0 Unloading class 0x000002cb37b81000 'java/lang/invoke/LambdaForm$MH+0x000002cb37b81000'
Event: 59441.430 Thread 0x000002cb191197f0 Unloading class 0x000002cb37b80c00 'java/lang/invoke/LambdaForm$BMH+0x000002cb37b80c00'
Event: 59441.430 Thread 0x000002cb191197f0 Unloading class 0x000002cb37b80400 'java/lang/invoke/LambdaForm$DMH+0x000002cb37b80400'
Event: 59441.430 Thread 0x000002cb191197f0 Unloading class 0x000002cb37b80000 'java/lang/invoke/LambdaForm$MH+0x000002cb37b80000'
Event: 59441.430 Thread 0x000002cb191197f0 Unloading class 0x000002cb37b70c00 'java/lang/invoke/LambdaForm$MH+0x000002cb37b70c00'
Event: 59441.431 Thread 0x000002cb191197f0 Unloading class 0x000002cb37b70800 'java/lang/invoke/LambdaForm$MH+0x000002cb37b70800'
Event: 59441.431 Thread 0x000002cb191197f0 Unloading class 0x000002cb37096800 'java/lang/invoke/LambdaForm$MH+0x000002cb37096800'
Event: 59441.432 Thread 0x000002cb191197f0 Unloading class 0x000002cb37095800 'java/lang/invoke/LambdaForm$MH+0x000002cb37095800'
Event: 59441.432 Thread 0x000002cb191197f0 Unloading class 0x000002cb37095400 'java/lang/invoke/LambdaForm$MH+0x000002cb37095400'
Event: 59441.432 Thread 0x000002cb191197f0 Unloading class 0x000002cb37094c00 'java/lang/invoke/LambdaForm$MH+0x000002cb37094c00'
Event: 59441.432 Thread 0x000002cb191197f0 Unloading class 0x000002cb37094400 'java/lang/invoke/LambdaForm$MH+0x000002cb37094400'
Event: 59441.433 Thread 0x000002cb191197f0 Unloading class 0x000002cb3701a400 'java/lang/invoke/LambdaForm$MH+0x000002cb3701a400'

Classes redefined (0 events):
No events

Internal exceptions (20 events):
Event: 66595.765 Thread 0x000002cb7c623050 Exception <a 'java/io/FileNotFoundException'{0x00000000c6a04720}> (0x00000000c6a04720) 
thrown [s\open\src\hotspot\share\prims\jni.cpp, line 520]
Event: 66595.766 Thread 0x000002cb7c623050 Exception <a 'java/io/FileNotFoundException'{0x00000000c6a059b0}> (0x00000000c6a059b0) 
thrown [s\open\src\hotspot\share\prims\jni.cpp, line 520]
Event: 66643.679 Thread 0x000002cb7c623050 Exception <a 'java/io/FileNotFoundException'{0x00000000c6804688}> (0x00000000c6804688) 
thrown [s\open\src\hotspot\share\prims\jni.cpp, line 520]
Event: 66643.679 Thread 0x000002cb7c623050 Exception <a 'java/io/FileNotFoundException'{0x00000000c6805918}> (0x00000000c6805918) 
thrown [s\open\src\hotspot\share\prims\jni.cpp, line 520]
Event: 66676.580 Thread 0x000002cb7dd06690 Exception <a 'java/io/FileNotFoundException'{0x00000000c809ac08}> (0x00000000c809ac08) 
thrown [s\open\src\hotspot\share\prims\jni.cpp, line 520]
Event: 66676.580 Thread 0x000002cb7dd06690 Exception <a 'java/io/FileNotFoundException'{0x00000000c809be98}> (0x00000000c809be98) 
thrown [s\open\src\hotspot\share\prims\jni.cpp, line 520]
Event: 66676.580 Thread 0x000002cb7dd06690 Exception <a 'java/io/FileNotFoundException'{0x00000000c809d128}> (0x00000000c809d128) 
thrown [s\open\src\hotspot\share\prims\jni.cpp, line 520]
Event: 66676.580 Thread 0x000002cb7dd06690 Exception <a 'java/io/FileNotFoundException'{0x00000000c809e3f0}> (0x00000000c809e3f0) 
thrown [s\open\src\hotspot\share\prims\jni.cpp, line 520]
Event: 66707.352 Thread 0x000002cb7c623050 Exception <a 'java/io/FileNotFoundException'{0x00000000c7d84980}> (0x00000000c7d84980) 
thrown [s\open\src\hotspot\share\prims\jni.cpp, line 520]
Event: 66707.355 Thread 0x000002cb7c623050 Exception <a 'java/io/FileNotFoundException'{0x00000000c7d85c10}> (0x00000000c7d85c10) 
thrown [s\open\src\hotspot\share\prims\jni.cpp, line 520]
Event: 66754.965 Thread 0x000002cb7c623050 Exception <a 'java/io/FileNotFoundException'{0x00000000c7d889c8}> (0x00000000c7d889c8) 
thrown [s\open\src\hotspot\share\prims\jni.cpp, line 520]
Event: 66754.965 Thread 0x000002cb7c623050 Exception <a 'java/io/FileNotFoundException'{0x00000000c7800f10}> (0x00000000c7800f10) 
thrown [s\open\src\hotspot\share\prims\jni.cpp, line 520]
Event: 66786.159 Thread 0x000002cb7c623050 Exception <a 'java/io/FileNotFoundException'{0x00000000c7500100}> (0x00000000c7500100) 
thrown [s\open\src\hotspot\share\prims\jni.cpp, line 520]
Event: 66786.160 Thread 0x000002cb7c623050 Exception <a 'java/io/FileNotFoundException'{0x00000000c7501390}> (0x00000000c7501390) 
thrown [s\open\src\hotspot\share\prims\jni.cpp, line 520]
Event: 66818.954 Thread 0x000002cb7c623050 Exception <a 'java/io/FileNotFoundException'{0x00000000c75a8c20}> (0x00000000c75a8c20) 
thrown [s\open\src\hotspot\share\prims\jni.cpp, line 520]
Event: 66818.964 Thread 0x000002cb7c623050 Exception <a 'java/io/FileNotFoundException'{0x00000000c7200e18}> (0x00000000c7200e18) 
thrown [s\open\src\hotspot\share\prims\jni.cpp, line 520]
Event: 66866.265 Thread 0x000002cb7c623050 Exception <a 'java/io/FileNotFoundException'{0x00000000c6e00e28}> (0x00000000c6e00e28) 
thrown [s\open\src\hotspot\share\prims\jni.cpp, line 520]
Event: 66866.269 Thread 0x000002cb7c623050 Exception <a 'java/io/FileNotFoundException'{0x00000000c6e020b8}> (0x00000000c6e020b8) 
thrown [s\open\src\hotspot\share\prims\jni.cpp, line 520]
Event: 66896.763 Thread 0x000002cb7c623050 Exception <a 'java/io/FileNotFoundException'{0x00000000c6d87c08}> (0x00000000c6d87c08) 
thrown [s\open\src\hotspot\share\prims\jni.cpp, line 520]
Event: 66896.786 Thread 0x000002cb7c623050 Exception <a 'java/io/FileNotFoundException'{0x00000000c6b00bc0}> (0x00000000c6b00bc0) 
thrown [s\open\src\hotspot\share\prims\jni.cpp, line 520]

ZGC Phase Switch (0 events):
No events

VM Operations (20 events):
Event: 66000.780 Executing VM operation: G1CollectForAllocation (G1 Evacuation Pause)
Event: 66000.881 Executing VM operation: G1CollectForAllocation (G1 Evacuation Pause) done
Event: 66325.149 Executing VM operation: G1CollectForAllocation (G1 Evacuation Pause)
Event: 66325.218 Executing VM operation: G1CollectForAllocation (G1 Evacuation Pause) done
Event: 66325.579 Executing VM operation: G1PauseRemark
Event: 66325.617 Executing VM operation: G1PauseRemark done
Event: 66325.642 Executing VM operation: G1PauseCleanup
Event: 66325.643 Executing VM operation: G1PauseCleanup done
Event: 66560.330 Executing VM operation: Cleanup
Event: 66560.331 Executing VM operation: Cleanup done
Event: 66643.694 Executing VM operation: G1CollectForAllocation (G1 Evacuation Pause)
Event: 66643.733 Executing VM operation: G1CollectForAllocation (G1 Evacuation Pause) done
Event: 66645.729 Executing VM operation: Cleanup
Event: 66645.729 Executing VM operation: Cleanup done
Event: 66676.823 Executing VM operation: Cleanup
Event: 66676.823 Executing VM operation: Cleanup done
Event: 66679.833 Executing VM operation: Cleanup
Event: 66679.833 Executing VM operation: Cleanup done
Event: 66878.307 Executing VM operation: Cleanup
Event: 66878.309 Executing VM operation: Cleanup done

Events (20 events):
Event: 65820.737 Thread 0x000002cb7dd05970 Thread exited: 0x000002cb7dd05970
Event: 65820.788 Thread 0x000002cb7dd04c50 Thread exited: 0x000002cb7dd04c50
Event: 66325.611 Thread 0x000002cb191197f0 flushing nmethod 0x000002cb233dd910
Event: 66325.612 Thread 0x000002cb191197f0 flushing nmethod 0x000002cb23767010
Event: 66325.612 Thread 0x000002cb191197f0 flushing nmethod 0x000002cb2377af10
Event: 66325.612 Thread 0x000002cb191197f0 flushing nmethod 0x000002cb22d05b10
Event: 66325.612 Thread 0x000002cb191197f0 flushing nmethod 0x000002cb22ea6790
Event: 66325.612 Thread 0x000002cb191197f0 flushing nmethod 0x000002cb235e7310
Event: 66325.612 Thread 0x000002cb191197f0 flushing nmethod 0x000002cb235f4310
Event: 66325.613 Thread 0x000002cb191197f0 flushing nmethod 0x000002cb239f5a10
Event: 66325.613 Thread 0x000002cb191197f0 flushing nmethod 0x000002cb23636e10
Event: 66325.613 Thread 0x000002cb191197f0 flushing nmethod 0x000002cb23638f10
Event: 66560.177 Thread 0x000002cb7dcffd90 Thread added: 0x000002cb7dcffd90
Event: 66560.207 Thread 0x000002cb7dcff700 Thread added: 0x000002cb7dcff700
Event: 66569.532 Thread 0x000002cb7dcffd90 Thread exited: 0x000002cb7dcffd90
Event: 66569.594 Thread 0x000002cb7dcff700 Thread exited: 0x000002cb7dcff700
Event: 66676.546 Thread 0x000002cb7dcff070 Thread added: 0x000002cb7dcff070
Event: 66676.567 Thread 0x000002cb7dd06690 Thread added: 0x000002cb7dd06690
Event: 66681.572 Thread 0x000002cb7dcff070 Thread exited: 0x000002cb7dcff070
Event: 66681.760 Thread 0x000002cb7dd06690 Thread exited: 0x000002cb7dd06690


Dynamic libraries:
0x00007ff633800000 - 0x00007ff633810000 	C:\Program Files\Java\jdk-21.0.10\bin\java.exe
0x00007ff96c670000 - 0x00007ff96c865000 	C:\Windows\SYSTEM32\ntdll.dll
0x00007ff96b4a0000 - 0x00007ff96b55d000 	C:\Windows\System32\KERNEL32.DLL
0x00007ff96a380000 - 0x00007ff96a649000 	C:\Windows\System32\KERNELBASE.dll
0x00007ff969fc0000 - 0x00007ff96a0c0000 	C:\Windows\System32\ucrtbase.dll
0x00007ff95b0e0000 - 0x00007ff95b0fe000 	C:\Program Files\Java\jdk-21.0.10\bin\VCRUNTIME140.dll
0x00007ff9654a0000 - 0x00007ff9654b9000 	C:\Program Files\Java\jdk-21.0.10\bin\jli.dll
0x00007ff96c030000 - 0x00007ff96c0dc000 	C:\Windows\System32\ADVAPI32.dll
0x00007ff96b9b0000 - 0x00007ff96ba4e000 	C:\Windows\System32\msvcrt.dll
0x00007ff96bf70000 - 0x00007ff96c00b000 	C:\Windows\System32\sechost.dll
0x00007ff96a740000 - 0x00007ff96a86a000 	C:\Windows\System32\RPCRT4.dll
0x00007ff96aa60000 - 0x00007ff96ac00000 	C:\Windows\System32\USER32.dll
0x00007ff955fe0000 - 0x00007ff95627a000 	C:\Windows\WinSxS\amd64_microsoft.windows.common-controls_6595b64144ccf1df_6.0.19041.1110_none_60b5254171f9507e\COMCTL32.dll
0x00007ff96a870000 - 0x00007ff96a89a000 	C:\Windows\System32\GDI32.dll
0x00007ff969f60000 - 0x00007ff969f82000 	C:\Windows\System32\win32u.dll
0x00007ff96a170000 - 0x00007ff96a27b000 	C:\Windows\System32\gdi32full.dll
0x00007ff96a2e0000 - 0x00007ff96a37d000 	C:\Windows\System32\msvcp_win.dll
0x00007ff961220000 - 0x00007ff96122a000 	C:\Windows\SYSTEM32\VERSION.dll
0x00007ff96c0e0000 - 0x00007ff96c110000 	C:\Windows\System32\IMM32.DLL
0x00007ff965490000 - 0x00007ff96549c000 	C:\Program Files\Java\jdk-21.0.10\bin\vcruntime140_1.dll
0x00007ff93fd90000 - 0x00007ff93fe1d000 	C:\Program Files\Java\jdk-21.0.10\bin\msvcp140.dll
0x00007ff9359e0000 - 0x00007ff936707000 	C:\Program Files\Java\jdk-21.0.10\bin\server\jvm.dll
0x00007ff96b940000 - 0x00007ff96b9ab000 	C:\Windows\System32\WS2_32.dll
0x00007ff969c20000 - 0x00007ff969c6b000 	C:\Windows\SYSTEM32\POWRPROF.dll
0x00007ff956360000 - 0x00007ff956387000 	C:\Windows\SYSTEM32\WINMM.dll
0x00007ff969c00000 - 0x00007ff969c12000 	C:\Windows\SYSTEM32\UMPDC.dll
0x00007ff968670000 - 0x00007ff968682000 	C:\Windows\SYSTEM32\kernel.appcore.dll
0x00007ff9582c0000 - 0x00007ff9582ca000 	C:\Program Files\Java\jdk-21.0.10\bin\jimage.dll
0x00007ff968370000 - 0x00007ff968554000 	C:\Windows\SYSTEM32\DBGHELP.DLL
0x00007ff951a10000 - 0x00007ff951a3c000 	C:\Windows\SYSTEM32\dbgcore.DLL
0x00007ff96a650000 - 0x00007ff96a6d3000 	C:\Windows\System32\bcryptPrimitives.dll
0x00007ff954be0000 - 0x00007ff954bf0000 	C:\Program Files\Java\jdk-21.0.10\bin\instrument.dll
0x00007ff94f660000 - 0x00007ff94f681000 	C:\Program Files\Java\jdk-21.0.10\bin\java.dll
0x00007ff96ad00000 - 0x00007ff96b43f000 	C:\Windows\System32\SHELL32.dll
0x00007ff967b00000 - 0x00007ff968291000 	C:\Windows\SYSTEM32\windows.storage.dll
0x00007ff96b5e0000 - 0x00007ff96b935000 	C:\Windows\System32\combase.dll
0x00007ff969750000 - 0x00007ff96977c000 	C:\Windows\SYSTEM32\Wldp.dll
0x00007ff96bec0000 - 0x00007ff96bf6e000 	C:\Windows\System32\SHCORE.dll
0x00007ff96a6e0000 - 0x00007ff96a735000 	C:\Windows\System32\shlwapi.dll
0x00007ff969cf0000 - 0x00007ff969d0f000 	C:\Windows\SYSTEM32\profapi.dll
0x00007ff93fb10000 - 0x00007ff93fbe7000 	C:\Program Files\Java\jdk-21.0.10\bin\jsvml.dll
0x00007ff94e350000 - 0x00007ff94e368000 	C:\Program Files\Java\jdk-21.0.10\bin\zip.dll
0x00007ff951a90000 - 0x00007ff951aa1000 	C:\Program Files\Java\jdk-21.0.10\bin\net.dll
0x00007ff9583a0000 - 0x00007ff9584aa000 	C:\Windows\SYSTEM32\WINHTTP.dll
0x00007ff9694b0000 - 0x00007ff96951a000 	C:\Windows\system32\mswsock.dll
0x00007ff94ec00000 - 0x00007ff94ec16000 	C:\Program Files\Java\jdk-21.0.10\bin\nio.dll
0x00007ff955f00000 - 0x00007ff955f09000 	C:\Program Files\Java\jdk-21.0.10\bin\extnet.dll
0x00007ff951b80000 - 0x00007ff951b8a000 	C:\Program Files\Java\jdk-21.0.10\bin\management.dll
0x00007ff945970000 - 0x00007ff94597c000 	C:\Program Files\Java\jdk-21.0.10\bin\management_ext.dll
0x00007ff96ac00000 - 0x00007ff96ac08000 	C:\Windows\System32\PSAPI.DLL
0x00007ff954470000 - 0x00007ff95447e000 	C:\Program Files\Java\jdk-21.0.10\bin\sunmscapi.dll
0x00007ff969db0000 - 0x00007ff969f0f000 	C:\Windows\System32\CRYPT32.dll
0x00007ff9697c0000 - 0x00007ff9697e7000 	C:\Windows\SYSTEM32\ncrypt.dll
0x00007ff969780000 - 0x00007ff9697bb000 	C:\Windows\SYSTEM32\NTASN1.dll
0x00007ff969690000 - 0x00007ff9696a8000 	C:\Windows\SYSTEM32\CRYPTSP.dll
0x00007ff968e50000 - 0x00007ff968e84000 	C:\Windows\system32\rsaenh.dll
0x00007ff969f90000 - 0x00007ff969fb7000 	C:\Windows\System32\bcrypt.dll
0x00007ff969cb0000 - 0x00007ff969cde000 	C:\Windows\SYSTEM32\USERENV.dll
0x00007ff9696b0000 - 0x00007ff9696bc000 	C:\Windows\SYSTEM32\CRYPTBASE.dll
0x00007ff9691a0000 - 0x00007ff9691db000 	C:\Windows\SYSTEM32\IPHLPAPI.DLL
0x00007ff96bca0000 - 0x00007ff96bca8000 	C:\Windows\System32\NSI.dll
0x00007ff9691e0000 - 0x00007ff9692ac000 	C:\Windows\SYSTEM32\DNSAPI.dll
0x00007ff9616b0000 - 0x00007ff9616ba000 	C:\Windows\System32\rasadhlp.dll
0x00007ff957d40000 - 0x00007ff957dbf000 	C:\Windows\System32\fwpuclnt.dll
0x00007ff941390000 - 0x00007ff9413a7000 	C:\Windows\system32\napinsp.dll
0x00007ff941370000 - 0x00007ff94138b000 	C:\Windows\system32\pnrpnsp.dll
0x00007ff9646b0000 - 0x00007ff9646c5000 	C:\Windows\system32\wshbth.dll
0x00007ff9652c0000 - 0x00007ff9652dd000 	C:\Windows\system32\NLAapi.dll
0x00007ff941350000 - 0x00007ff941362000 	C:\Windows\System32\winrnr.dll
0x00007ff9599d0000 - 0x00007ff9599d7000 	C:\Windows\system32\wshunix.dll

dbghelp: loaded successfully - version: 4.0.5 - missing functions: none
symbol engine: initialized successfully - sym options: 0x614 - pdb path: .;C:\Program Files\Java\jdk-21.0.10\bin;C:\Windows\SYSTEM32;C:\Windows\WinSxS\amd64_microsoft.windows.common-controls_6595b64144ccf1df_6.0.19041.1110_none_60b5254171f9507e;C:\Program Files\Java\jdk-21.0.10\bin\server

VM Arguments:
jvm_args: -javaagent:C:\Program Files\JetBrains\IntelliJ IDEA 2025.2.4\lib\idea_rt.jar=63724 -Dfile.encoding=UTF-8 -Dsun.stdout.encoding=UTF-8 -Dsun.stderr.encoding=UTF-8 
java_command: com.trabalho.tag.TagApplication
java_class_path (initial): C:\Users\cesar\Downloads\ProjMuttley\ProjMuttley1.0\ProjetoMuttley-datasSeparadas\codigoMuttleyCertifcado-main\ProjetoMuttley-comCertificados\projeto\target\classes;C:\Users\cesar\.m2\repository\org\springframework\boot\spring-boot-starter-data-jpa\3.5.14\spring-boot-starter-data-jpa-3.5.14.jar;C:\Users\cesar\.m2\repository\org\springframework\boot\spring-boot-starter\3.5.14\spring-boot-starter-3.5.14.jar;C:\Users\cesar\.m2\repository\org\springframework\boot\spring-boot-starter-logging\3.5.14\spring-boot-starter-logging-3.5.14.jar;C:\Users\cesar\.m2\repository\ch\qos\logback\logback-classic\1.5.32\logback-classic-1.5.32.jar;C:\Users\cesar\.m2\repository\ch\qos\logback\logback-core\1.5.32\logback-core-1.5.32.jar;C:\Users\cesar\.m2\repository\org\apache\logging\log4j\log4j-to-slf4j\2.24.3\log4j-to-slf4j-2.24.3.jar;C:\Users\cesar\.m2\repository\org\apache\logging\log4j\log4j-api\2.24.3\log4j-api-2.24.3.jar;C:\Users\cesar\.m2\repository\org\slf4j\jul-to-slf4j\2.0.17\jul-to-slf4j-2.0.17.jar;C:\Users\cesar\.m2\repository\jakarta\annotation\jakarta.annotation-api\2.1.1\jakarta.annotation-api-2.1.1.jar;C:\Users\cesar\.m2\repository\org\yaml\snakeyaml\2.4\snakeyaml-2.4.jar;C:\Users\cesar\.m2\repository\org\springframework\boot\spring-boot-starter-jdbc\3.5.14\spring-boot-starter-jdbc-3.5.14.jar;C:\Users\cesar\.m2\repository\com\zaxxer\HikariCP\6.3.3\HikariCP-6.3.3.jar;C:\Users\cesar\.m2\repository\org\springframework\spring-jdbc\6.2.18\spring-jdbc-6.2.18.jar;C:\Users\cesar\.m2\repository\org\hibernate\orm\hibernate-core\6.6.49.Final\hibernate-core-6.6.49.Final.jar;C:\Users\cesar\.m2\repository\jakarta\persistence\jakarta.persistence-api\3.1.0\jakarta.persistence-api-3.1.0.jar;C:\Users\cesar\.m2\repository\jakarta\transaction\jakarta.transaction-api\2.0.1\jakarta.transaction-api-2.0.1.jar;C:\Users\cesar\.m2\repository\org\jboss\logging\jboss-logging\3.6.3.Final\jboss-logging-3.6.3.Final.jar;C:\Users\cesar\.m2\repository\org\hibernate\common\hibernate-commons-annotations\7.0.3.Final\hibernate-commons-annotations-7.0.3.Final.jar;C:\Users\cesar\.m2\repository\io\smallrye\jandex\3.2.0\jandex-3.2.0.jar;C:\Users\cesar\.m2\repository\com\fasterxml\classmate\1.7.3\classmate-1.7.3.jar;C:\Users\cesar\.m2\repository\net\bytebuddy\byte-buddy\1.17.8\byte-buddy-1.17.8.jar;C:\Users\cesar\.m2\repository\org\glassfish\jaxb\jaxb-runtime\4.0.6\jaxb-runtime-4.0.6.jar;C:\Users\cesar\.m2\repository\org\glassfish\jaxb\jaxb-core\4.0.6\jaxb-core-4.0.6.jar;C:\Users\cesar\.m2\repository\org\glassfish\jaxb\txw2\4.0.6\txw2-4.0.6.jar;C:\Users\cesar\.m2\repository\com\sun\istack\istack-commons-runtime\4.1.2\istack-commons-runtime-4.1.2.jar;C:\Users\cesar\.m2\repository\jakarta\inject\jakarta.inject-api\2.0.1\jakarta.inject-api-2.0.1.jar;C:\Users\cesar\.m2\repository\org\antlr\antlr4-runtime\4.13.0\antlr4-runtime-4.13.0.jar;C:\Users\cesar\.m2\repository\org\springframework\data\spring-data-jpa\3.5.11\spring-data-jpa-3.5.11.jar;C:\Users\cesar\.m2\repository\org\springframework\data\spring-data-commons\3.5.11\spring-data-commons-3.5.11.jar;C:\Users\cesar\.m2\repository\org\springframework\spring-orm\6.2.18\spring-orm-6.2.18.jar;C:\Users\cesar\.m2\repository\org\springframework\spring-context\6.2.18\spring-context-6.2.18.jar;C:\Users\cesar\.m2\repository\org\springframework\spring-aop\6.2.18\spring-aop-6.2.18.jar;C:\Users\cesar\.m2\repository\org\springframework\spring-tx\6.2.18\spring-tx-6.2.18.jar;C:\Users\cesar\.m2\repository\org\springframework\spring-beans\6.2.18\spring-beans-6.2.18.jar;C:\Users\cesar\.m2\repository\org\slf4j\slf4j-api\2.0.17\slf4j-api-2.0.17.jar;C:\Users\cesar\.m2\repository\org\springframework\spring-aspects\6.2.18\spring-aspects-6.2.18.jar;C:\Users\cesar\.m2\repository\org\aspectj\aspectjweaver\1.9.25.1\aspectjweaver-1.9.25.1.jar;C:\Users\cesar\.m2\repository\org\springframework\boot\spring-boot-starter-thymeleaf\3.5.14\spring-boot-starter-thymeleaf-3.5.14.jar;C:\Users\cesar\.m2\repository\org\thymeleaf\thymeleaf-spring6\3.1.5.RELEASE\thymeleaf-spring6-3.1.5.RELEASE.jar;C:\Users\cesar\.m2\repository\org\thymeleaf\thymeleaf\3.1.5.RELEASE\thymeleaf-3.1.5.RELEASE.jar;C:\Users\cesar\.m2\repository\org\attoparser\attoparser\2.0.7.RELEASE\attoparser-2.0.7.RELEASE.jar;C:\Users\cesar\.m2\repository\org\unbescape\unbescape\1.1.6.RELEASE\unbescape-1.1.6.RELEASE.jar;C:\Users\cesar\.m2\repository\org\springframework\boot\spring-boot-starter-web\3.5.14\spring-boot-starter-web-3.5.14.jar;C:\Users\cesar\.m2\repository\org\springframework\boot\spring-boot-starter-json\3.5.14\spring-boot-starter-json-3.5.14.jar;C:\Users\cesar\.m2\repository\com\fasterxml\jackson\core\jackson-databind\2.21.2\jackson-databind-2.21.2.jar;C:\Users\cesar\.m2\repository\com\fasterxml\jackson\core\jackson-annotations\2.21\jackson-annotations-2.21.jar;C:\Users\cesar\.m2\repository\com\fasterxml\jackson\core\jackson-core\2.21.2\jackson-core-2.21.2.jar;C:\Users\cesar\.m2\repository\com\fasterxml\jackson\datatype\jackson-datatype-jdk8\2.21.2\jackson-datatype-jdk8-2.21.2.jar;C:\Users\cesar\.m2\repository\com\fasterxml\jackson\datatype\jackson-datatype-jsr310\2.21.2\jackson-datatype-jsr310-2.21.2.jar;C:\Users\cesar\.m2\repository\com\fasterxml\jackson\module\jackson-module-parameter-names\2.21.2\jackson-module-parameter-names-2.21.2.jar;C:\Users\cesar\.m2\repository\org\springframework\boot\spring-boot-starter-tomcat\3.5.14\spring-boot-starter-tomcat-3.5.14.jar;C:\Users\cesar\.m2\repository\org\apache\tomcat\embed\tomcat-embed-core\10.1.54\tomcat-embed-core-10.1.54.jar;C:\Users\cesar\.m2\repository\org\apache\tomcat\embed\tomcat-embed-websocket\10.1.54\tomcat-embed-websocket-10.1.54.jar;C:\Users\cesar\.m2\repository\org\springframework\spring-web\6.2.18\spring-web-6.2.18.jar;C:\Users\cesar\.m2\repository\io\micrometer\micrometer-observation\1.15.11\micrometer-observation-1.15.11.jar;C:\Users\cesar\.m2\repository\io\micrometer\micrometer-commons\1.15.11\micrometer-commons-1.15.11.jar;C:\Users\cesar\.m2\repository\org\springframework\spring-webmvc\6.2.18\spring-webmvc-6.2.18.jar;C:\Users\cesar\.m2\repository\org\springframework\spring-expression\6.2.18\spring-expression-6.2.18.jar;C:\Users\cesar\.m2\repository\org\springframework\boot\spring-boot-starter-validation\3.5.14\spring-boot-starter-validation-3.5.14.jar;C:\Users\cesar\.m2\repository\org\apache\tomcat\embed\tomcat-embed-el\10.1.54\tomcat-embed-el-10.1.54.jar;C:\Users\cesar\.m2\repository\org\hibernate\validator\hibernate-validator\8.0.3.Final\hibernate-validator-8.0.3.Final.jar;C:\Users\cesar\.m2\repository\jakarta\validation\jakarta.validation-api\3.0.2\jakarta.validation-api-3.0.2.jar;C:\Users\cesar\.m2\repository\org\springframework\boot\spring-boot-devtools\3.5.14\spring-boot-devtools-3.5.14.jar;C:\Users\cesar\.m2\repository\org\springframework\boot\spring-boot\3.5.14\spring-boot-3.5.14.jar;C:\Users\cesar\.m2\repository\org\springframework\boot\spring-boot-autoconfigure\3.5.14\spring-boot-autoconfigure-3.5.14.jar;C:\Users\cesar\.m2\repository\com\microsoft\sqlserver\mssql-jdbc\12.10.2.jre11\mssql-jdbc-12.10.2.jre11.jar;C:\Users\cesar\.m2\repository\jakarta\xml\bind\jakarta.xml.bind-api\4.0.4\jakarta.xml.bind-api-4.0.4.jar;C:\Users\cesar\.m2\repository\jakarta\activation\jakarta.activation-api\2.1.4\jakarta.activation-api-2.1.4.jar;C:\Users\cesar\.m2\repository\org\springframework\spring-core\6.2.18\spring-core-6.2.18.jar;C:\Users\cesar\.m2\repository\org\springframework\spring-jcl\6.2.18\spring-jcl-6.2.18.jar;C:\Users\cesar\.m2\repository\org\springframework\boot\spring-boot-starter-mail\3.5.14\spring-boot-starter-mail-3.5.14.jar;C:\Users\cesar\.m2\repository\org\springframework\spring-context-support\6.2.18\spring-context-support-6.2.18.jar;C:\Users\cesar\.m2\repository\org\eclipse\angus\jakarta.mail\2.0.5\jakarta.mail-2.0.5.jar;C:\Users\cesar\.m2\repository\org\eclipse\angus\angus-activation\2.0.3\angus-activation-2.0.3.jar;C:\Users\cesar\.m2\repository\com\itextpdf\barcodes\8.0.5\barcodes-8.0.5.jar;C:\Users\cesar\.m2\repository\com\itextpdf\font-asian\8.0.5\font-asian-8.0.5.jar;C:\Users\cesar\.m2\repository\com\itextpdf\forms\8.0.5\forms-8.0.5.jar;C:\Users\cesar\.m2\repository\com\itextpdf\hyph\8.0.5\hyph-8.0.5.jar;C:\Users\cesar\.m2\repository\com\itextpdf\io\8.0.5\io-8.0.5.jar;C:\Users\cesar\.m2\repository\com\itextpdf\commons\8.0.5\commons-8.0.5.jar;C:\Users\cesar\.m2\repository\com\itextpdf\kernel\8.0.5\kernel-8.0.5.jar;C:\Users\cesar\.m2\repository\com\itextpdf\layout\8.0.5\layout-8.0.5.jar;C:\Users\cesar\.m2\repository\com\itextpdf\pdfa\8.0.5\pdfa-8.0.5.jar;C:\Users\cesar\.m2\repository\com\itextpdf\sign\8.0.5\sign-8.0.5.jar;C:\Users\cesar\.m2\repository\com\itextpdf\styled-xml-parser\8.0.5\styled-xml-parser-8.0.5.jar;C:\Users\cesar\.m2\repository\com\itextpdf\svg\8.0.5\svg-8.0.5.jar;C:\Users\cesar\.m2\repository\com\itextpdf\bouncy-castle-connector\8.0.5\bouncy-castle-connector-8.0.5.jar;C:\Users\cesar\.m2\repository\com\itextpdf\pdfua\8.0.5\pdfua-8.0.5.jar
Launcher Type: SUN_STANDARD

[Global flags]
     intx CICompilerCount                          = 3                                         {product} {ergonomic}
     uint ConcGCThreads                            = 1                                         {product} {ergonomic}
     uint G1ConcRefinementThreads                  = 4                                         {product} {ergonomic}
   size_t G1HeapRegionSize                         = 1048576                                   {product} {ergonomic}
    uintx GCDrainStackTargetSize                   = 64                                        {product} {ergonomic}
   size_t InitialHeapSize                          = 65011712                                  {product} {ergonomic}
   size_t MarkStackSize                            = 4194304                                   {product} {ergonomic}
   size_t MaxHeapSize                              = 1012924416                                {product} {ergonomic}
   size_t MaxNewSize                               = 607125504                                 {product} {ergonomic}
   size_t MinHeapDeltaBytes                        = 1048576                                   {product} {ergonomic}
   size_t MinHeapSize                              = 8388608                                   {product} {ergonomic}
    uintx NonNMethodCodeHeapSize                   = 5832780                                {pd product} {ergonomic}
    uintx NonProfiledCodeHeapSize                  = 122912730                              {pd product} {ergonomic}
    uintx ProfiledCodeHeapSize                     = 122912730                              {pd product} {ergonomic}
    uintx ReservedCodeCacheSize                    = 251658240                              {pd product} {ergonomic}
     bool SegmentedCodeCache                       = true                                      {product} {ergonomic}
   size_t SoftMaxHeapSize                          = 1012924416                             {manageable} {ergonomic}
     bool UseCompressedOops                        = true                           {product lp64_product} {ergonomic}
     bool UseG1GC                                  = true                                      {product} {ergonomic}
     bool UseLargePagesIndividualAllocation        = false                                  {pd product} {ergonomic}

Logging:
Log output configuration:
 #0: stdout all=warning uptime,level,tags foldmultilines=false
 #1: stderr all=off uptime,level,tags foldmultilines=false

Environment Variables:
JAVA_HOME=C:\Users\cesar\Downloads\Java\jdk-21.0.6+7
PATH=C:\Program Files\Microsoft MPI\Bin\;C:\Program Files\Common Files\Oracle\Java\javapath;C:\Program Files (x86)\Common Files\Oracle\Java\java8path;C:\Program Files (x86)\Common Files\Oracle\Java\javapath;C:\Windows\system32;C:\Windows;C:\Windows\System32\Wbem;C:\Windows\System32\WindowsPowerShell\v1.0\;C:\Windows\System32\OpenSSH\;%JAVA_HOME%\bin;C:\Program Files (x86)\Microsoft SQL Server\170\Tools\Binn\;C:\Program Files\Microsoft SQL Server\170\Tools\Binn\;C:\Program Files\Microsoft SQL Server\Client SDK\ODBC\180\Tools\Binn\;C:\Program Files\Microsoft SQL Server\170\DTS\Binn\;C:\Program Files\Microsoft SQL Server\Client SDK\ODBC\170\Tools\Binn\;C:\Program Files (x86)\Microsoft SQL Server\150\Tools\Binn\;C:\Program Files\Microsoft SQL Server\150\Tools\Binn\;C:\Program Files\Microsoft SQL Server\150\DTS\Binn\;C:\Program Files\Git\cmd;C:\Program Files\nodejs\;C:\Program Files\Microsoft SQL Server\Client SDK\ODBC\130\Tools\Binn\;C:\Program Files (x86)\Microsoft SQL Server\160\Tools\Binn\;C:\Program Files\Microsoft SQL Server\160\Tools\Binn\;C:\Program Files\Microsoft SQL Server\160\DTS\Binn\;C:\Program Files\MySQL\MySQL Shell 8.0\bin\;C:\Users\cesar\AppData\Local\Programs\Python\Python313\Scripts\;C:\Users\cesar\AppData\Local\Programs\Python\Python313\;C:\Users\cesar\AppData\Local\Programs\Python\Launcher\;C:\Users\cesar\AppData\Local\Microsoft\WindowsApps;;C:\Users\cesar\AppData\Local\Programs\Microsoft VS Code\bin;C:\Users\cesar\AppData\Roaming\npm
USERNAME=cesar
OS=Windows_NT
PROCESSOR_IDENTIFIER=Intel64 Family 6 Model 126 Stepping 5, GenuineIntel
TMP=C:\Users\cesar\AppData\Local\Temp
TEMP=C:\Users\cesar\AppData\Local\Temp




Periodic native trim disabled

---------------  S Y S T E M  ---------------

OS:
 Windows 10 , 64 bit Build 19041 (10.0.19041.1023)
OS uptime: 14 days 3:05 hours

CPU: total 4 (initial active 4) (2 cores per cpu, 2 threads per core) family 6 model 126 stepping 5 microcode 0xcc, cx8, cmov, fxsr, ht, mmx, 3dnowpref, sse, sse2, sse3, ssse3, sse4.1, sse4.2, popcnt, lzcnt, tsc, tscinvbit, avx, avx2, aes, erms, clmul, bmi1, bmi2, adx, avx512f, avx512dq, avx512cd, avx512bw, avx512vl, sha, fma, vzeroupper, avx512_vpopcntdq, avx512_vpclmulqdq, avx512_vaes, avx512_vnni, clflush, clflushopt, avx512_vbmi2, avx512_vbmi, rdtscp, rdpid, fsrm, gfni, avx512_bitalg, f16c, pku, avx512_ifma
Processor Information for all 4 processors :
  Max Mhz: 1190, Current Mhz: 1190, Mhz Limit: 1190

Memory: 4k page, system-wide physical 3863M (159M free)
TotalPageFile size 15639M (AvailPageFile size 40M)
current process WorkingSet (physical memory assigned to process): 42M, peak: 270M
current process commit charge ("private bytes"): 314M, peak: 321M

vm_info: Java HotSpot(TM) 64-Bit Server VM (21.0.10+8-LTS-217) for windows-amd64 JRE (21.0.10+8-LTS-217), built on 2025-12-18T14:59:28Z by "mach5run" with MS VC++ 17.13 (VS2022)

END.
